../Core/Src/ads1256.c:53:6:ShortDelayUS	16	static
../Core/Src/ads1256.c:58:22:DelayUS	24	static
../Core/Src/ads1256.c:78:7:bsp_DelayUS	16	static
../Core/Src/ads1256.c:94:6:bsp_InitADS1256	8	static
../Core/Src/ads1256.c:115:6:ADS1256_StartScan	24	static
../Core/Src/ads1256.c:140:6:ADS1256_Send8Bit	16	static
../Core/Src/ads1256.c:157:6:ADS1256_CfgADC	24	static
../Core/Src/ads1256.c:254:6:ADS1256_DelayDATA	8	static
../Core/Src/ads1256.c:274:9:ADS1256_Recive8Bit	16	static
../Core/Src/ads1256.c:292:6:ADS1256_WriteReg	16	static
../Core/Src/ads1256.c:310:9:ADS1256_ReadReg	24	static
../Core/Src/ads1256.c:334:6:ADS1256_WriteCmd	16	static
../Core/Src/ads1256.c:349:9:ADS1256_ReadChipID	16	static
../Core/Src/ads1256.c:366:6:ADS1256_SetChannel	16	static
../Core/Src/ads1256.c:408:6:ADS1256_SetDiffChannel	16	static
../Core/Src/ads1256.c:461:6:ADS1256_WaitDRDY	16	static
../Core/Src/ads1256.c:487:9:ADS1256_ReadData	16	static
../Core/Src/ads1256.c:527:9:ADS1256_GetAdc	24	static
../Core/Src/ads1256.c:549:6:ADS1256_ISR	16	static
../Core/Src/ads1256.c:613:9:ADS1256_Scan	8	static
../Core/Src/ads1256.c:632:6:Write_DAC8552	24	static
../Core/Src/ads1256.c:646:6:Write_DAC8552_Both	24	static
../Core/Src/ads1256.c:670:10:Voltage_Convert	24	static
