../Core/Src/audio.c:25:6:updateSdramPointer	4	static
../Core/Src/audio.c:29:6:setSampleCounter	16	static
../Core/Src/audio.c:33:6:getStartEndPatterns	16	static
../Core/Src/audio.c:38:6:setStartEndPatterns	16	static
../Core/Src/audio.c:53:13:resetSamples	4	static
../Core/Src/audio.c:62:6:signed16_unsigned12	24	static
../Core/Src/audio.c:67:6:record_sample	16	static
../Core/Src/audio.c:82:6:record_samples	32	static
../Core/Src/audio.c:130:6:read_sample	24	static
../Core/Src/audio.c:178:6:read_samples	32	static
../Core/Src/audio.c:205:6:play_sample	16	static
../Core/Src/audio.c:211:6:play_samples	16	static
../Core/Src/audio.c:224:6:play_sample_dac	16	static
../Core/Src/audio.c:233:6:initChannels	4	static
../Core/Src/audio.c:241:6:setActiveChannelOne	8	static
../Core/Src/audio.c:251:6:setActiveChannelTwo	8	static
../Core/Src/audio.c:261:6:setSampleBytesAndOffset	4	static
../Core/Src/audio.c:275:6:toggleActiveBothChannels	16	static
../Core/Src/audio.c:281:6:resetChannel	16	static
../Core/Src/audio.c:291:6:showMinMaxSamples	40	static
../Core/Src/audio.c:301:6:resetLoop	4	static
../Core/Src/audio.c:308:6:pauseLoop	4	static
../Core/Src/audio.c:328:6:stopAll	8	static
