../Core/Src/drums.c:112:6:getRhythmParams	24	static
../Core/Src/drums.c:118:13:seekPattern	16	static
../Core/Src/drums.c:127:6:updateMetronome	4	static
../Core/Src/drums.c:130:6:drumAudioSync	4	static
../Core/Src/drums.c:136:6:drumLoop	24	static
../Core/Src/drums.c:220:13:show_rhythm_param_values	24	static
../Core/Src/drums.c:235:13:show_rhythm_params	48	static
../Core/Src/drums.c:245:13:change_value	24	static
../Core/Src/drums.c:268:6:select_rhythm_params	24	static
../Core/Src/drums.c:305:6:save_first	32	static
../Core/Src/drums.c:316:6:save_next	32	static
../Core/Src/drums.c:338:6:readDrums	64	static
../Core/Src/drums.c:376:6:startDrums	8	static
../Core/Src/drums.c:381:6:stopDrums	8	static
../Core/Src/drums.c:388:6:setPatternTime	24	static
../Core/Src/drums.c:396:6:updatePatternTime	24	static
../Core/Src/drums.c:405:20:readDrumKeyboard	24	static
../Core/Src/drums.c:450:6:midiDrumHandler	16	static
../Core/Src/drums.c:495:6:clear_drums	8	static
../Core/Src/drums.c:501:6:preview_drums	48	static
../Core/Src/drums.c:656:6:play_drums	16	static
../Core/Src/drums.c:685:13:wait_metronome	8	static
../Core/Src/drums.c:696:13:fit_events	16	static
../Core/Src/drums.c:724:6:record_drums	16	static
../Core/Src/drums.c:775:6:resetDrums	4	static
