../Core/Src/memops.c:33:6:HAL_DACEx_ConvCpltCallbackCh2	16	static
../Core/Src/memops.c:39:6:HAL_DACEx_ConvHalfCpltCallbackCh2	16	static
../Core/Src/memops.c:46:6:SD_readSingleTrack	24	static
../Core/Src/memops.c:107:10:SD_ReadAudio	48	static
../Core/Src/memops.c:138:6:SD_WriteAudio	32	static
../Core/Src/memops.c:163:6:checkSD	8	static
../Core/Src/memops.c:184:10:SRAM_download_rhythm	24	static
../Core/Src/memops.c:230:6:readLoopFromSD	576	static
../Core/Src/memops.c:252:6:readRhythmFromSD	568	static
../Core/Src/memops.c:279:6:writeSRAMtoSD	568	static
../Core/Src/memops.c:308:6:saveAllLoopsToSD	568	static
../Core/Src/memops.c:325:6:saveLoopToSD	568	static
