../Core/Src/menu_callback.c:29:6:audio_rhythm	4	static
../Core/Src/menu_callback.c:34:6:audio_only	4	static
../Core/Src/menu_callback.c:39:6:drums_only	4	static
../Core/Src/menu_callback.c:43:6:audio_drums	4	static
../Core/Src/menu_callback.c:47:13:highlight_on	24	static
../Core/Src/menu_callback.c:51:13:highlight_off	24	static
../Core/Src/menu_callback.c:55:13:display_list_desc	32	static
../Core/Src/menu_callback.c:71:13:display_list_asc	32	static
../Core/Src/menu_callback.c:87:6:get_file_sd	688	static
../Core/Src/menu_callback.c:211:6:get_string	32	static
../Core/Src/menu_callback.c:315:6:saveAllLoops	4	static
../Core/Src/menu_callback.c:320:6:download_rhythm	24	static
../Core/Src/menu_callback.c:357:6:select_rhythm	8	static
../Core/Src/menu_callback.c:382:6:select_loops	32	static
../Core/Src/menu_callback.c:466:6:select_channel	16	static
../Core/Src/menu_callback.c:500:6:select_bars	24	static
../Core/Src/menu_callback.c:550:6:record_rhythm	48	static
