../Core/Src/menu.c:18:6:menuShowOptions	32	static
../Core/Src/menu.c:44:13:initParentNode	24	static
../Core/Src/menu.c:55:6:connectChildNode	16	static
../Core/Src/menu.c:67:6:setCurrentMenuNode	16	static
../Core/Src/menu.c:71:6:menuInit	8	static
../Core/Src/menu.c:111:6:menuShow	16	static
../Core/Src/menu.c:133:6:menuShowStatus	48	static
../Core/Src/menu.c:171:6:menuStatusLine	24	static
../Core/Src/menu.c:177:6:menuClearLines	32	static
../Core/Src/menu.c:191:6:menuMultiLineSmall	44	static
../Core/Src/menu.c:204:6:menuTextBox	40	static
../Core/Src/menu.c:218:6:menuMultiLine	44	static
../Core/Src/menu.c:231:6:menuWaitReturn	8	static
../Core/Src/menu.c:236:6:menuShowTimers	32	static
../Core/Src/menu.c:254:20:forwardBar	16	static
../Core/Src/menu.c:265:20:backwardBar	16	static
../Core/Src/menu.c:274:6:drumMenuInput	32	static
