../Core/Src/spi_flash.c:85:6:sFLASH_DeInit	8	static
../Core/Src/spi_flash.c:95:6:sFLASH_Init	8	static
../Core/Src/spi_flash.c:115:10:sFLASH_Erase	24	static
../Core/Src/spi_flash.c:157:6:sFLASH_EraseSector	16	static
../Core/Src/spi_flash.c:185:6:sFLASH_EraseSubSector	16	static
../Core/Src/spi_flash.c:214:6:sFLASH_EraseBulk	8	static
../Core/Src/spi_flash.c:242:6:sFLASH_WritePage	24	static
../Core/Src/spi_flash.c:283:6:sFLASH_WriteBuffer	32	static
../Core/Src/spi_flash.c:361:6:sFLASH_ReadBuffer	24	static
../Core/Src/spi_flash.c:393:10:sFLASH_ReadID	24	static
../Core/Src/spi_flash.c:429:6:sFLASH_StartReadSequence	16	static
../Core/Src/spi_flash.c:453:9:sFLASH_ReadByte	8	static
../Core/Src/spi_flash.c:464:9:sFLASH_SendByte	32	static
../Core/Src/spi_flash.c:478:10:sFLASH_SendHalfWord	32	static
../Core/Src/spi_flash.c:499:6:sFLASH_WriteEnable	8	static
../Core/Src/spi_flash.c:517:6:sFLASH_WaitForWriteEnd	16	static
../Core/Src/spi_flash.c:546:6:sFLASH_LowLevel_Init	4	static
../Core/Src/spi_flash.c:556:6:sFLASH_LowLevel_DeInit	4	static
