../Core/Src/spiffs_hydrogen.c:26:6:SPIFFS_mounted	16	static
../Core/Src/spiffs_hydrogen.c:30:7:SPIFFS_format	24	static
../Core/Src/spiffs_hydrogen.c:71:7:SPIFFS_mount	40	static
../Core/Src/spiffs_hydrogen.c:155:6:SPIFFS_unmount	32	static
../Core/Src/spiffs_hydrogen.c:175:7:SPIFFS_errno	16	static
../Core/Src/spiffs_hydrogen.c:179:6:SPIFFS_clearerr	16	static
../Core/Src/spiffs_hydrogen.c:184:7:SPIFFS_creat	40	static
../Core/Src/spiffs_hydrogen.c:209:13:SPIFFS_open	48	static
../Core/Src/spiffs_hydrogen.c:290:13:SPIFFS_open_by_dirent	40	static
../Core/Src/spiffs_hydrogen.c:323:13:SPIFFS_open_by_page	40	static
../Core/Src/spiffs_hydrogen.c:370:14:spiffs_hydro_read	40	static
../Core/Src/spiffs_hydrogen.c:424:7:SPIFFS_read	32	static
../Core/Src/spiffs_hydrogen.c:435:14:spiffs_hydro_write	40	static
../Core/Src/spiffs_hydrogen.c:458:7:SPIFFS_write	72	static
../Core/Src/spiffs_hydrogen.c:597:7:SPIFFS_lseek	56	static
../Core/Src/spiffs_hydrogen.c:649:7:SPIFFS_remove	40	static
../Core/Src/spiffs_hydrogen.c:692:7:SPIFFS_fremove	24	static
../Core/Src/spiffs_hydrogen.c:727:14:spiffs_stat_pix	104	static
../Core/Src/spiffs_hydrogen.c:753:7:SPIFFS_stat	32	static
../Core/Src/spiffs_hydrogen.c:775:7:SPIFFS_fstat	32	static
../Core/Src/spiffs_hydrogen.c:802:14:spiffs_fflush_cache	40	static
../Core/Src/spiffs_hydrogen.c:835:7:SPIFFS_fflush	24	static
../Core/Src/spiffs_hydrogen.c:852:7:SPIFFS_close	24	static
../Core/Src/spiffs_hydrogen.c:873:7:SPIFFS_rename	64	static
../Core/Src/spiffs_hydrogen.c:1000:13:SPIFFS_opendir	24	static
../Core/Src/spiffs_hydrogen.c:1020:14:spiffs_read_dir_v	96	static
../Core/Src/spiffs_hydrogen.c:1057:23:SPIFFS_readdir	56	static
../Core/Src/spiffs_hydrogen.c:1092:7:SPIFFS_closedir	16	static
../Core/Src/spiffs_hydrogen.c:1099:7:SPIFFS_check	24	static
../Core/Src/spiffs_hydrogen.c:1123:7:SPIFFS_info	48	static
../Core/Src/spiffs_hydrogen.c:1148:7:SPIFFS_gc_quick	24	static
../Core/Src/spiffs_hydrogen.c:1168:7:SPIFFS_gc	24	static
../Core/Src/spiffs_hydrogen.c:1187:7:SPIFFS_eof	24	static
../Core/Src/spiffs_hydrogen.c:1211:7:SPIFFS_tell	24	static
../Core/Src/spiffs_hydrogen.c:1235:7:SPIFFS_set_file_callback_func	16	static
../Core/Src/spiffs_hydrogen.c:1245:7:SPIFFS_ix_map	32	static
../Core/Src/spiffs_hydrogen.c:1279:7:SPIFFS_ix_unmap	24	static
../Core/Src/spiffs_hydrogen.c:1302:7:SPIFFS_ix_remap	48	static
../Core/Src/spiffs_hydrogen.c:1365:7:SPIFFS_bytes_to_ix_map_entries	16	static
../Core/Src/spiffs_hydrogen.c:1371:7:SPIFFS_ix_map_entries_to_bytes	16	static
../Core/Src/spiffs_hydrogen.c:1379:7:SPIFFS_vis	72	static
