../Core/Src/spiffs_nucleus.c:4:14:spiffs_page_data_check	48	static
../Core/Src/spiffs_nucleus.c:33:14:spiffs_page_index_check	48	static
../Core/Src/spiffs_nucleus.c:83:7:spiffs_phys_cpy	104	static
../Core/Src/spiffs_nucleus.c:124:7:spiffs_obj_lu_find_entry_visitor	80	static
../Core/Src/spiffs_nucleus.c:226:7:spiffs_erase_block	40	static
../Core/Src/spiffs_nucleus.c:320:14:spiffs_obj_lu_scan_v	24	static
../Core/Src/spiffs_nucleus.c:348:7:spiffs_obj_lu_scan	64	static
../Core/Src/spiffs_nucleus.c:449:7:spiffs_obj_lu_find_free	40	static
../Core/Src/spiffs_nucleus.c:485:7:spiffs_obj_lu_find_id	56	static
../Core/Src/spiffs_nucleus.c:501:14:spiffs_obj_lu_find_id_and_span_v	48	static
../Core/Src/spiffs_nucleus.c:527:7:spiffs_obj_lu_find_id_and_span	64	static
../Core/Src/spiffs_nucleus.c:566:7:spiffs_obj_lu_find_id_and_span_by_phdr	64	static
../Core/Src/spiffs_nucleus.c:606:13:spiffs_update_ix_map	48	static
../Core/Src/spiffs_nucleus.c:665:14:spiffs_populate_ix_map_v	48	static
../Core/Src/spiffs_nucleus.c:712:7:spiffs_populate_ix_map	72	static
../Core/Src/spiffs_nucleus.c:753:7:spiffs_page_allocate_data	48	static
../Core/Src/spiffs_nucleus.c:812:7:spiffs_page_move	64	static
../Core/Src/spiffs_nucleus.c:876:7:spiffs_page_delete	40	static
../Core/Src/spiffs_nucleus.c:912:7:spiffs_object_create	96	static
../Core/Src/spiffs_nucleus.c:979:7:spiffs_object_update_index_hdr	64	static
../Core/Src/spiffs_nucleus.c:1041:6:spiffs_cb_object_event	56	static
../Core/Src/spiffs_nucleus.c:1154:7:spiffs_object_open_by_id	40	static
../Core/Src/spiffs_nucleus.c:1172:7:spiffs_object_open_by_page	96	static
../Core/Src/spiffs_nucleus.c:1212:7:spiffs_object_append	120	static
../Core/Src/spiffs_nucleus.c:1459:7:spiffs_object_modify	120	static
../Core/Src/spiffs_nucleus.c:1661:14:spiffs_object_find_object_index_header_by_name_v	88	static
../Core/Src/spiffs_nucleus.c:1691:7:spiffs_object_find_object_index_header_by_name	64	static
../Core/Src/spiffs_nucleus.c:1727:7:spiffs_object_truncate	104	static
../Core/Src/spiffs_nucleus.c:1966:7:spiffs_object_read	80	static
../Core/Src/spiffs_nucleus.c:2066:14:spiffs_obj_lu_find_free_obj_id_bitmap_v	104	static
../Core/Src/spiffs_nucleus.c:2099:14:spiffs_obj_lu_find_free_obj_id_compact_v	96	static
../Core/Src/spiffs_nucleus.c:2133:7:spiffs_obj_lu_find_free_obj_id	104	static
../Core/Src/spiffs_nucleus.c:2230:14:spiffs_hash	32	static
../Core/Src/spiffs_nucleus.c:2242:7:spiffs_fd_find_new	56	static
../Core/Src/spiffs_nucleus.c:2320:7:spiffs_fd_return	24	static
../Core/Src/spiffs_nucleus.c:2336:7:spiffs_fd_get	32	static
../Core/Src/spiffs_nucleus.c:2349:6:spiffs_fd_temporal_cache_rehash	48	static
