../Core/Src/SRAMDriver.c:16:13:SRAM_resetReader	4	static
../Core/Src/SRAMDriver.c:23:13:SRAM_resetWriter	4	static
../Core/Src/SRAMDriver.c:30:10:SRAM_writerPosition	4	static
../Core/Src/SRAMDriver.c:34:10:SRAM_readerPosition	4	static
../Core/Src/SRAMDriver.c:38:6:SRAM_seekRead	16	static
../Core/Src/SRAMDriver.c:54:6:SRAM_seekWrite	16	static
../Core/Src/SRAMDriver.c:70:10:SRAM_written	4	static
../Core/Src/SRAMDriver.c:74:10:SRAM_read	4	static
../Core/Src/SRAMDriver.c:78:13:incrementReader	16	static
../Core/Src/SRAMDriver.c:88:13:incrementWriter	16	static
../Core/Src/SRAMDriver.c:98:6:writeSRAM	32	static
../Core/Src/SRAMDriver.c:143:6:readSRAM	32	static
../Core/Src/SRAMDriver.c:190:6:checkSRAM	16	static
../Core/Src/SRAMDriver.c:234:16:ReadSPI	16	static
../Core/Src/SRAMDriver.c:240:6:WriteSPI	16	static
../Core/Src/SRAMDriver.c:245:13:SRAMEnable	16	static
../Core/Src/SRAMDriver.c:249:13:SRAMDisable	16	static
../Core/Src/SRAMDriver.c:253:6:InitSRAM	8	static
../Core/Src/SRAMDriver.c:259:9:SRAMWriteStatusReg	16	static
../Core/Src/SRAMDriver.c:272:9:SRAMReadStatusReg	16	static
../Core/Src/SRAMDriver.c:285:6:SRAMCommand	24	static
../Core/Src/SRAMDriver.c:302:9:SRAMWriteByte	24	static
../Core/Src/SRAMDriver.c:316:9:SRAMReadByte	24	static
../Core/Src/SRAMDriver.c:333:10:SRAMWritePage	24	static
../Core/Src/SRAMDriver.c:351:10:SRAMReadPage	32	static
../Core/Src/SRAMDriver.c:368:9:SRAMWriteSeq	16	static
../Core/Src/SRAMDriver.c:385:9:SRAMReadSeq	24	static
