../Core/Src/stm32f4xx_it.c:79:6:SVC_Handler	4	static
../Core/Src/stm32f4xx_it.c:92:6:PendSV_Handler	4	static
../Core/Src/stm32f4xx_it.c:105:6:SysTick_Handler	8	static
../Core/Src/stm32f4xx_it.c:126:6:PVD_IRQHandler	8	static
../Core/Src/stm32f4xx_it.c:140:6:EXTI2_IRQHandler	8	static
../Core/Src/stm32f4xx_it.c:154:6:EXTI4_IRQHandler	8	static
../Core/Src/stm32f4xx_it.c:168:6:DMA1_Stream6_IRQHandler	8	static
../Core/Src/stm32f4xx_it.c:182:6:ADC_IRQHandler	8	static
../Core/Src/stm32f4xx_it.c:197:6:EXTI9_5_IRQHandler	8	static
../Core/Src/stm32f4xx_it.c:213:6:TIM1_BRK_TIM9_IRQHandler	8	static
../Core/Src/stm32f4xx_it.c:227:6:TIM2_IRQHandler	8	static
../Core/Src/stm32f4xx_it.c:241:6:TIM4_IRQHandler	8	static
../Core/Src/stm32f4xx_it.c:255:6:EXTI15_10_IRQHandler	8	static
../Core/Src/stm32f4xx_it.c:271:6:TIM8_UP_TIM13_IRQHandler	8	static
../Core/Src/stm32f4xx_it.c:285:6:DMA2_Stream1_IRQHandler	8	static
../Core/Src/stm32f4xx_it.c:299:6:DMA2_Stream3_IRQHandler	8	static
../Core/Src/stm32f4xx_it.c:313:6:DMA2_Stream4_IRQHandler	8	static
../Core/Src/stm32f4xx_it.c:327:6:OTG_HS_IRQHandler	8	static
