../Core/Src/stm32f429i_discovery.c:180:10:BSP_GetVersion	4	static
../Core/Src/stm32f429i_discovery.c:192:6:BSP_LED_Init	48	static
../Core/Src/stm32f429i_discovery.c:217:6:BSP_LED_On	16	static
../Core/Src/stm32f429i_discovery.c:229:6:BSP_LED_Off	16	static
../Core/Src/stm32f429i_discovery.c:241:6:BSP_LED_Toggle	16	static
../Core/Src/stm32f429i_discovery.c:256:6:BSP_PB_Init	40	static
../Core/Src/stm32f429i_discovery.c:293:10:BSP_PB_GetState	16	static
../Core/Src/stm32f429i_discovery.c:308:13:I2Cx_MspInit	48	static
../Core/Src/stm32f429i_discovery.c:422:13:I2Cx_Init	8	static
../Core/Src/stm32f429i_discovery.c:445:13:I2Cx_ITConfig	32	static
../Core/Src/stm32f429i_discovery.c:469:13:I2Cx_WriteData	40	static
../Core/Src/stm32f429i_discovery.c:490:13:I2Cx_WriteBuffer	40	static
../Core/Src/stm32f429i_discovery.c:510:16:I2Cx_ReadData	40	static
../Core/Src/stm32f429i_discovery.c:535:16:I2Cx_ReadBuffer	40	static
../Core/Src/stm32f429i_discovery.c:620:13:I2Cx_Error	8	static
../Core/Src/stm32f429i_discovery.c:634:13:SPIx_Init	8	static
../Core/Src/stm32f429i_discovery.c:672:17:SPIx_Read	24	static
../Core/Src/stm32f429i_discovery.c:693:13:SPIx_Write	24	static
../Core/Src/stm32f429i_discovery.c:713:16:SPIx_WriteRead	32	static
../Core/Src/stm32f429i_discovery.c:730:13:SPIx_Error	8	static
../Core/Src/stm32f429i_discovery.c:743:13:SPIx_MspInit	48	static
../Core/Src/stm32f429i_discovery.c:767:6:LCD_IO_Init	40	static
../Core/Src/stm32f429i_discovery.c:811:6:LCD_IO_WriteData	16	static
../Core/Src/stm32f429i_discovery.c:827:6:LCD_IO_WriteReg	16	static
../Core/Src/stm32f429i_discovery.c:846:10:LCD_IO_ReadData	24	static
../Core/Src/stm32f429i_discovery.c:873:6:LCD_Delay	16	static
../Core/Src/stm32f429i_discovery.c:887:6:IOE_Init	8	static
../Core/Src/stm32f429i_discovery.c:895:6:IOE_ITConfig	8	static
../Core/Src/stm32f429i_discovery.c:906:6:IOE_Write	16	static
../Core/Src/stm32f429i_discovery.c:917:9:IOE_Read	16	static
../Core/Src/stm32f429i_discovery.c:929:6:IOE_WriteMultiple	16	static
../Core/Src/stm32f429i_discovery.c:942:10:IOE_ReadMultiple	16	static
../Core/Src/stm32f429i_discovery.c:951:6:IOE_Delay	16	static
../Core/Src/stm32f429i_discovery.c:961:6:GYRO_IO_Init	40	static
../Core/Src/stm32f429i_discovery.c:994:6:GYRO_IO_Write	16	static
../Core/Src/stm32f429i_discovery.c:1028:6:GYRO_IO_Read	16	static
