../Core/Src/stm32f429i_discovery_sdram.c:100:6:BSP_SDRAM_Init	8	static
../Core/Src/stm32f429i_discovery_sdram.c:149:6:BSP_SDRAM_Initialization_sequence	24	static
../Core/Src/stm32f429i_discovery_sdram.c:210:6:BSP_SDRAM_ReadData	24	static
../Core/Src/stm32f429i_discovery_sdram.c:215:6:BSP_SDRAM_ReadData16b	24	static
../Core/Src/stm32f429i_discovery_sdram.c:226:6:BSP_SDRAM_ReadData_DMA	24	static
../Core/Src/stm32f429i_discovery_sdram.c:237:6:BSP_SDRAM_WriteData	24	static
../Core/Src/stm32f429i_discovery_sdram.c:246:6:BSP_SDRAM_WriteData16b	24	static
../Core/Src/stm32f429i_discovery_sdram.c:261:6:BSP_SDRAM_WriteData_DMA	24	static
../Core/Src/stm32f429i_discovery_sdram.c:271:19:BSP_SDRAM_Sendcmd	16	static
../Core/Src/stm32f429i_discovery_sdram.c:279:6:BSP_SDRAM_DMA_IRQHandler	8	static
../Core/Src/stm32f429i_discovery_sdram.c:287:13:MspInit	64	static
