../Core/Src/tm_stm32f4_ili9341.c:96:6:TM_ILI9341_Init	8	static
../Core/Src/tm_stm32f4_ili9341.c:128:6:TM_ILI9341_InitLCD	8	static
../Core/Src/tm_stm32f4_ili9341.c:239:6:TM_ILI9341_DisplayOn	8	static
../Core/Src/tm_stm32f4_ili9341.c:243:6:TM_ILI9341_DisplayOff	8	static
../Core/Src/tm_stm32f4_ili9341.c:247:6:TM_ILI9341_SendCommand	16	static
../Core/Src/tm_stm32f4_ili9341.c:255:6:TM_ILI9341_SendData	16	static
../Core/Src/tm_stm32f4_ili9341.c:263:6:TM_ILI9341_DrawPixel	16	static
../Core/Src/tm_stm32f4_ili9341.c:272:6:TM_ILI9341_SetCursorPosition	24	static
../Core/Src/tm_stm32f4_ili9341.c:286:6:TM_ILI9341_Fill	24	static
../Core/Src/tm_stm32f4_ili9341.c:291:6:TM_ILI9341_INT_Fill	40	static
../Core/Src/tm_stm32f4_ili9341.c:346:6:TM_ILI9341_Delay	16	static
../Core/Src/tm_stm32f4_ili9341.c:350:6:TM_ILI9341_Rotate	16	static
../Core/Src/tm_stm32f4_ili9341.c:373:6:TM_ILI9341_Puts	40	static
../Core/Src/tm_stm32f4_ili9341.c:403:6:TM_ILI9341_GetStringSize	32	static
../Core/Src/tm_stm32f4_ili9341.c:412:6:TM_ILI9341_Putc	56	static
../Core/Src/tm_stm32f4_ili9341.c:442:6:TM_ILI9341_DrawLine	48	static
../Core/Src/tm_stm32f4_ili9341.c:504:6:TM_ILI9341_DrawRectangle	32	static
../Core/Src/tm_stm32f4_ili9341.c:511:6:TM_ILI9341_DrawFilledRectangle	40	static
../Core/Src/tm_stm32f4_ili9341.c:533:6:TM_ILI9341_DrawCircle	40	static
../Core/Src/tm_stm32f4_ili9341.c:567:6:TM_ILI9341_DrawFilledCircle	56	static
