../Core/Src/tm_stm32_hd44780.c:94:6:TM_HD44780_Init	16	static
../Core/Src/tm_stm32_hd44780.c:151:6:TM_HD44780_Clear	8	static
../Core/Src/tm_stm32_hd44780.c:156:6:TM_HD44780_Puts	16	static
../Core/Src/tm_stm32_hd44780.c:177:6:TM_HD44780_DisplayOn	8	static
../Core/Src/tm_stm32_hd44780.c:182:6:TM_HD44780_DisplayOff	8	static
../Core/Src/tm_stm32_hd44780.c:187:6:TM_HD44780_BlinkOn	8	static
../Core/Src/tm_stm32_hd44780.c:192:6:TM_HD44780_BlinkOff	8	static
../Core/Src/tm_stm32_hd44780.c:197:6:TM_HD44780_CursorOn	8	static
../Core/Src/tm_stm32_hd44780.c:202:6:TM_HD44780_CursorOff	8	static
../Core/Src/tm_stm32_hd44780.c:207:6:TM_HD44780_ScrollLeft	8	static
../Core/Src/tm_stm32_hd44780.c:211:6:TM_HD44780_ScrollRight	8	static
../Core/Src/tm_stm32_hd44780.c:215:6:TM_HD44780_CreateChar	24	static
../Core/Src/tm_stm32_hd44780.c:226:6:TM_HD44780_PutCustom	16	static
../Core/Src/tm_stm32_hd44780.c:232:13:TM_HD44780_Cmd	16	static
../Core/Src/tm_stm32_hd44780.c:242:13:TM_HD44780_Data	16	static
../Core/Src/tm_stm32_hd44780.c:252:13:TM_HD44780_Cmd4bit	16	static
../Core/Src/tm_stm32_hd44780.c:262:13:TM_HD44780_CursorSet	24	static
../Core/Src/tm_stm32_hd44780.c:278:13:TM_HD44780_InitPins	8	static
