Archive member included to satisfy reference by file (symbol)

d:/st/stm32cubeide_1.5.1/stm32cubeide/plugins/com.st.stm32cube.ide.mcu.externaltools.gnu-tools-for-stm32.10.3-2021.10.win32_1.0.200.202301161003/tools/bin/../lib/gcc/arm-none-eabi/10.3.1/../../../../arm-none-eabi/lib/thumb/v7e-m+fp/hard\libc_nano.a(lib_a-errno.o)
                              ./Core/Src/syscalls.o (__errno)
d:/st/stm32cubeide_1.5.1/stm32cubeide/plugins/com.st.stm32cube.ide.mcu.externaltools.gnu-tools-for-stm32.10.3-2021.10.win32_1.0.200.202301161003/tools/bin/../lib/gcc/arm-none-eabi/10.3.1/../../../../arm-none-eabi/lib/thumb/v7e-m+fp/hard\libc_nano.a(lib_a-exit.o)
                              d:/st/stm32cubeide_1.5.1/stm32cubeide/plugins/com.st.stm32cube.ide.mcu.externaltools.gnu-tools-for-stm32.10.3-2021.10.win32_1.0.200.202301161003/tools/bin/../lib/gcc/arm-none-eabi/10.3.1/../../../../arm-none-eabi/lib/thumb/v7e-m+fp/hard/crt0.o (exit)
d:/st/stm32cubeide_1.5.1/stm32cubeide/plugins/com.st.stm32cube.ide.mcu.externaltools.gnu-tools-for-stm32.10.3-2021.10.win32_1.0.200.202301161003/tools/bin/../lib/gcc/arm-none-eabi/10.3.1/../../../../arm-none-eabi/lib/thumb/v7e-m+fp/hard\libc_nano.a(lib_a-impure.o)
                              d:/st/stm32cubeide_1.5.1/stm32cubeide/plugins/com.st.stm32cube.ide.mcu.externaltools.gnu-tools-for-stm32.10.3-2021.10.win32_1.0.200.202301161003/tools/bin/../lib/gcc/arm-none-eabi/10.3.1/../../../../arm-none-eabi/lib/thumb/v7e-m+fp/hard\libc_nano.a(lib_a-exit.o) (_global_impure_ptr)
d:/st/stm32cubeide_1.5.1/stm32cubeide/plugins/com.st.stm32cube.ide.mcu.externaltools.gnu-tools-for-stm32.10.3-2021.10.win32_1.0.200.202301161003/tools/bin/../lib/gcc/arm-none-eabi/10.3.1/../../../../arm-none-eabi/lib/thumb/v7e-m+fp/hard\libc_nano.a(lib_a-init.o)
                              d:/st/stm32cubeide_1.5.1/stm32cubeide/plugins/com.st.stm32cube.ide.mcu.externaltools.gnu-tools-for-stm32.10.3-2021.10.win32_1.0.200.202301161003/tools/bin/../lib/gcc/arm-none-eabi/10.3.1/../../../../arm-none-eabi/lib/thumb/v7e-m+fp/hard/crt0.o (__libc_init_array)
d:/st/stm32cubeide_1.5.1/stm32cubeide/plugins/com.st.stm32cube.ide.mcu.externaltools.gnu-tools-for-stm32.10.3-2021.10.win32_1.0.200.202301161003/tools/bin/../lib/gcc/arm-none-eabi/10.3.1/../../../../arm-none-eabi/lib/thumb/v7e-m+fp/hard\libc_nano.a(lib_a-memset.o)
                              d:/st/stm32cubeide_1.5.1/stm32cubeide/plugins/com.st.stm32cube.ide.mcu.externaltools.gnu-tools-for-stm32.10.3-2021.10.win32_1.0.200.202301161003/tools/bin/../lib/gcc/arm-none-eabi/10.3.1/../../../../arm-none-eabi/lib/thumb/v7e-m+fp/hard/crt0.o (memset)
d:/st/stm32cubeide_1.5.1/stm32cubeide/plugins/com.st.stm32cube.ide.mcu.externaltools.gnu-tools-for-stm32.10.3-2021.10.win32_1.0.200.202301161003/tools/bin/../lib/gcc/arm-none-eabi/10.3.1/thumb/v7e-m+fp/hard\libgcc.a(_arm_addsubsf3.o)
                              ./Core/Src/loop.o (__aeabi_l2f)
d:/st/stm32cubeide_1.5.1/stm32cubeide/plugins/com.st.stm32cube.ide.mcu.externaltools.gnu-tools-for-stm32.10.3-2021.10.win32_1.0.200.202301161003/tools/bin/../lib/gcc/arm-none-eabi/10.3.1/thumb/v7e-m+fp/hard\libgcc.a(_aeabi_uldivmod.o)
                              ./Drivers/STM32F4xx_HAL_Driver/Src/stm32f4xx_hal_rcc.o (__aeabi_uldivmod)
d:/st/stm32cubeide_1.5.1/stm32cubeide/plugins/com.st.stm32cube.ide.mcu.externaltools.gnu-tools-for-stm32.10.3-2021.10.win32_1.0.200.202301161003/tools/bin/../lib/gcc/arm-none-eabi/10.3.1/thumb/v7e-m+fp/hard\libgcc.a(_udivmoddi4.o)
                              d:/st/stm32cubeide_1.5.1/stm32cubeide/plugins/com.st.stm32cube.ide.mcu.externaltools.gnu-tools-for-stm32.10.3-2021.10.win32_1.0.200.202301161003/tools/bin/../lib/gcc/arm-none-eabi/10.3.1/thumb/v7e-m+fp/hard\libgcc.a(_aeabi_uldivmod.o) (__udivmoddi4)
d:/st/stm32cubeide_1.5.1/stm32cubeide/plugins/com.st.stm32cube.ide.mcu.externaltools.gnu-tools-for-stm32.10.3-2021.10.win32_1.0.200.202301161003/tools/bin/../lib/gcc/arm-none-eabi/10.3.1/thumb/v7e-m+fp/hard\libgcc.a(_dvmd_tls.o)
                              d:/st/stm32cubeide_1.5.1/stm32cubeide/plugins/com.st.stm32cube.ide.mcu.externaltools.gnu-tools-for-stm32.10.3-2021.10.win32_1.0.200.202301161003/tools/bin/../lib/gcc/arm-none-eabi/10.3.1/thumb/v7e-m+fp/hard\libgcc.a(_aeabi_uldivmod.o) (__aeabi_ldiv0)

Discarded input sections

 .text          0x0000000000000000        0x0 d:/st/stm32cubeide_1.5.1/stm32cubeide/plugins/com.st.stm32cube.ide.mcu.externaltools.gnu-tools-for-stm32.10.3-2021.10.win32_1.0.200.202301161003/tools/bin/../lib/gcc/arm-none-eabi/10.3.1/thumb/v7e-m+fp/hard/crti.o
 .data          0x0000000000000000        0x0 d:/st/stm32cubeide_1.5.1/stm32cubeide/plugins/com.st.stm32cube.ide.mcu.externaltools.gnu-tools-for-stm32.10.3-2021.10.win32_1.0.200.202301161003/tools/bin/../lib/gcc/arm-none-eabi/10.3.1/thumb/v7e-m+fp/hard/crti.o
[...]
Memory Configuration

Name             Origin             Length             Attributes
CCMRAM           0x0000000010000000 0x0000000000010000 xrw
RAM              0x0000000020000000 0x0000000000030000 xrw
FLASH            0x0000000008000000 0x0000000000200000 xr
*default*        0x0000000000000000 0xffffffffffffffff

Linker script and memory map

LOAD d:/st/stm32cubeide_1.5.1/stm32cubeide/plugins/com.st.stm32cube.ide.mcu.externaltools.gnu-tools-for-stm32.10.3-2021.10.win32_1.0.200.202301161003/tools/bin/../lib/gcc/arm-none-eabi/10.3.1/thumb/v7e-m+fp/hard/crti.o
LOAD d:/st/stm32cubeide_1.5.1/stm32cubeide/plugins/com.st.stm32cube.ide.mcu.externaltools.gnu-tools-for-stm32.10.3-2021.10.win32_1.0.200.202301161003/tools/bin/../lib/gcc/arm-none-eabi/10.3.1/thumb/v7e-m+fp/hard/crtbegin.o
LOAD d:/st/stm32cubeide_1.5.1/stm32cubeide/plugins/com.st.stm32cube.ide.mcu.externaltools.gnu-tools-for-stm32.10.3-2021.10.win32_1.0.200.202301161003/tools/bin/../lib/gcc/arm-none-eabi/10.3.1/../../../../arm-none-eabi/lib/thumb/v7e-m+fp/hard/crt0.o
LOAD ./Core/Src/ads8343.o
LOAD ./Core/Src/crc.o
LOAD ./Core/Src/dac8564.o
LOAD ./Core/Src/fmc.o
LOAD ./Core/Src/gpio.o
LOAD ./Core/Src/loop.o
LOAD ./Core/Src/main.o
LOAD ./Core/Src/sdram.o
LOAD ./Core/Src/spi.o
LOAD ./Core/Src/stm32f4xx_hal_msp.o
LOAD ./Core/Src/stm32f4xx_hal_timebase_tim.o
LOAD ./Core/Src/stm32f4xx_it.o
LOAD ./Core/Src/syscalls.o
LOAD ./Core/Src/sysmem.o
LOAD ./Core/Src/system_stm32f4xx.o
LOAD ./Core/Src/tim.o
LOAD ./Core/Src/usart.o
LOAD ./Core/Src/usb_otg.o
LOAD ./Core/Startup/startup_stm32f429zitx.o
LOAD ./Drivers/STM32F4xx_HAL_Driver/Src/stm32f4xx_hal.o
LOAD ./Drivers/STM32F4xx_HAL_Driver/Src/stm32f4xx_hal_cortex.o
LOAD ./Drivers/STM32F4xx_HAL_Driver/Src/stm32f4xx_hal_crc.o
LOAD ./Drivers/STM32F4xx_HAL_Driver/Src/stm32f4xx_hal_dma.o
LOAD ./Drivers/STM32F4xx_HAL_Driver/Src/stm32f4xx_hal_dma_ex.o
LOAD ./Drivers/STM32F4xx_HAL_Driver/Src/stm32f4xx_hal_exti.o
LOAD ./Drivers/STM32F4xx_HAL_Driver/Src/stm32f4xx_hal_flash.o
LOAD ./Drivers/STM32F4xx_HAL_Driver/Src/stm32f4xx_hal_flash_ex.o
LOAD ./Drivers/STM32F4xx_HAL_Driver/Src/stm32f4xx_hal_flash_ramfunc.o
LOAD ./Drivers/STM32F4xx_HAL_Driver/Src/stm32f4xx_hal_gpio.o
LOAD ./Drivers/STM32F4xx_HAL_Driver/Src/stm32f4xx_hal_hcd.o
LOAD ./Drivers/STM32F4xx_HAL_Driver/Src/stm32f4xx_hal_pwr.o
LOAD ./Drivers/STM32F4xx_HAL_Driver/Src/stm32f4xx_hal_pwr_ex.o
LOAD ./Drivers/STM32F4xx_HAL_Driver/Src/stm32f4xx_hal_rcc.o
LOAD ./Drivers/STM32F4xx_HAL_Driver/Src/stm32f4xx_hal_rcc_ex.o
LOAD ./Drivers/STM32F4xx_HAL_Driver/Src/stm32f4xx_hal_sdram.o
LOAD ./Drivers/STM32F4xx_HAL_Driver/Src/stm32f4xx_hal_spi.o
LOAD ./Drivers/STM32F4xx_HAL_Driver/Src/stm32f4xx_hal_tim.o
LOAD ./Drivers/STM32F4xx_HAL_Driver/Src/stm32f4xx_hal_tim_ex.o
LOAD ./Drivers/STM32F4xx_HAL_Driver/Src/stm32f4xx_hal_uart.o
LOAD ./Drivers/STM32F4xx_HAL_Driver/Src/stm32f4xx_ll_fmc.o
LOAD ./Drivers/STM32F4xx_HAL_Driver/Src/stm32f4xx_ll_usb.o
START GROUP
LOAD d:/st/stm32cubeide_1.5.1/stm32cubeide/plugins/com.st.stm32cube.ide.mcu.externaltools.gnu-tools-for-stm32.10.3-2021.10.win32_1.0.200.202301161003/tools/bin/../lib/gcc/arm-none-eabi/10.3.1/../../../../arm-none-eabi/lib/thumb/v7e-m+fp/hard\libc_nano.a
LOAD d:/st/stm32cubeide_1.5.1/stm32cubeide/plugins/com.st.stm32cube.ide.mcu.externaltools.gnu-tools-for-stm32.10.3-2021.10.win32_1.0.200.202301161003/tools/bin/../lib/gcc/arm-none-eabi/10.3.1/../../../../arm-none-eabi/lib/thumb/v7e-m+fp/hard\libm.a
END GROUP
START GROUP
LOAD d:/st/stm32cubeide_1.5.1/stm32cubeide/plugins/com.st.stm32cube.ide.mcu.externaltools.gnu-tools-for-stm32.10.3-2021.10.win32_1.0.200.202301161003/tools/bin/../lib/gcc/arm-none-eabi/10.3.1/thumb/v7e-m+fp/hard\libgcc.a
LOAD d:/st/stm32cubeide_1.5.1/stm32cubeide/plugins/com.st.stm32cube.ide.mcu.externaltools.gnu-tools-for-stm32.10.3-2021.10.win32_1.0.200.202301161003/tools/bin/../lib/gcc/arm-none-eabi/10.3.1/../../../../arm-none-eabi/lib/thumb/v7e-m+fp/hard\libc_nano.a
END GROUP
START GROUP
LOAD d:/st/stm32cubeide_1.5.1/stm32cubeide/plugins/com.st.stm32cube.ide.mcu.externaltools.gnu-tools-for-stm32.10.3-2021.10.win32_1.0.200.202301161003/tools/bin/../lib/gcc/arm-none-eabi/10.3.1/thumb/v7e-m+fp/hard\libgcc.a
LOAD d:/st/stm32cubeide_1.5.1/stm32cubeide/plugins/com.st.stm32cube.ide.mcu.externaltools.gnu-tools-for-stm32.10.3-2021.10.win32_1.0.200.202301161003/tools/bin/../lib/gcc/arm-none-eabi/10.3.1/../../../../arm-none-eabi/lib/thumb/v7e-m+fp/hard\libc_nano.a
LOAD d:/st/stm32cubeide_1.5.1/stm32cubeide/plugins/com.st.stm32cube.ide.mcu.externaltools.gnu-tools-for-stm32.10.3-2021.10.win32_1.0.200.202301161003/tools/bin/../lib/gcc/arm-none-eabi/10.3.1/../../../../arm-none-eabi/lib/thumb/v7e-m+fp/hard\libnosys.a
END GROUP
START GROUP
LOAD d:/st/stm32cubeide_1.5.1/stm32cubeide/plugins/com.st.stm32cube.ide.mcu.externaltools.gnu-tools-for-stm32.10.3-2021.10.win32_1.0.200.202301161003/tools/bin/../lib/gcc/arm-none-eabi/10.3.1/thumb/v7e-m+fp/hard\libgcc.a
LOAD d:/st/stm32cubeide_1.5.1/stm32cubeide/plugins/com.st.stm32cube.ide.mcu.externaltools.gnu-tools-for-stm32.10.3-2021.10.win32_1.0.200.202301161003/tools/bin/../lib/gcc/arm-none-eabi/10.3.1/../../../../arm-none-eabi/lib/thumb/v7e-m+fp/hard\libc_nano.a
LOAD d:/st/stm32cubeide_1.5.1/stm32cubeide/plugins/com.st.stm32cube.ide.mcu.externaltools.gnu-tools-for-stm32.10.3-2021.10.win32_1.0.200.202301161003/tools/bin/../lib/gcc/arm-none-eabi/10.3.1/../../../../arm-none-eabi/lib/thumb/v7e-m+fp/hard\libnosys.a
END GROUP
LOAD d:/st/stm32cubeide_1.5.1/stm32cubeide/plugins/com.st.stm32cube.ide.mcu.externaltools.gnu-tools-for-stm32.10.3-2021.10.win32_1.0.200.202301161003/tools/bin/../lib/gcc/arm-none-eabi/10.3.1/thumb/v7e-m+fp/hard/crtend.o
LOAD d:/st/stm32cubeide_1.5.1/stm32cubeide/plugins/com.st.stm32cube.ide.mcu.externaltools.gnu-tools-for-stm32.10.3-2021.10.win32_1.0.200.202301161003/tools/bin/../lib/gcc/arm-none-eabi/10.3.1/thumb/v7e-m+fp/hard/crtn.o
                0x0000000020030000                _estack = (ORIGIN (RAM) + LENGTH (RAM))
                0x0000000000000200                _Min_Heap_Size = 0x200
                0x0000000000000400                _Min_Stack_Size = 0x400

.isr_vector     0x0000000008000000      0x1ac
                0x0000000008000000                . = ALIGN (0x4)
 *(.isr_vector)
 .isr_vector    0x0000000008000000      0x1ac ./Core/Startup/startup_stm32f429zitx.o
                0x0000000008000000                g_pfnVectors
                0x00000000080001ac                . = ALIGN (0x4)

.text           0x00000000080001ac     0x6264
                0x00000000080001ac                . = ALIGN (0x4)
 *(.text)
 .text          0x00000000080001ac       0x40 d:/st/stm32cubeide_1.5.1/stm32cubeide/plugins/com.st.stm32cube.ide.mcu.externaltools.gnu-tools-for-stm32.10.3-2021.10.win32_1.0.200.202301161003/tools/bin/../lib/gcc/arm-none-eabi/10.3.1/thumb/v7e-m+fp/hard/crtbegin.o
 .text          0x00000000080001ec       0x30 d:/st/stm32cubeide_1.5.1/stm32cubeide/plugins/com.st.stm32cube.ide.mcu.externaltools.gnu-tools-for-stm32.10.3-2021.10.win32_1.0.200.202301161003/tools/bin/../lib/gcc/arm-none-eabi/10.3.1/thumb/v7e-m+fp/hard\libgcc.a(_aeabi_uldivmod.o)
                0x00000000080001ec                __aeabi_uldivmod
 .text          0x000000000800021c      0x2d0 d:/st/stm32cubeide_1.5.1/stm32cubeide/plugins/com.st.stm32cube.ide.mcu.externaltools.gnu-tools-for-stm32.10.3-2021.10.win32_1.0.200.202301161003/tools/bin/../lib/gcc/arm-none-eabi/10.3.1/thumb/v7e-m+fp/hard\libgcc.a(_udivmoddi4.o)
                0x000000000800021c                __udivmoddi4
 .text          0x00000000080004ec        0x4 d:/st/stm32cubeide_1.5.1/stm32cubeide/plugins/com.st.stm32cube.ide.mcu.externaltools.gnu-tools-for-stm32.10.3-2021.10.win32_1.0.200.202301161003/tools/bin/../lib/gcc/arm-none-eabi/10.3.1/thumb/v7e-m+fp/hard\libgcc.a(_dvmd_tls.o)
                0x00000000080004ec                __aeabi_idiv0
                0x00000000080004ec                __aeabi_ldiv0
 *(.text*)
 .text.ads8343_Read
                0x00000000080004f0       0xa0 ./Core/Src/ads8343.o
                0x00000000080004f0                ads8343_Read
 .text.MX_CRC_Init
                0x0000000008000590       0x28 ./Core/Src/crc.o
                0x0000000008000590                MX_CRC_Init
 .text.HAL_CRC_MspInit
                0x00000000080005b8       0x44 ./Core/Src/crc.o
                0x00000000080005b8                HAL_CRC_MspInit
 .text.dac8564_Write
                0x00000000080005fc       0x94 ./Core/Src/dac8564.o
                0x00000000080005fc                dac8564_Write
 .text.MX_FMC_Init
                0x0000000008000690       0x9c ./Core/Src/fmc.o
                0x0000000008000690                MX_FMC_Init
 .text.HAL_FMC_MspInit
                0x000000000800072c      0x124 ./Core/Src/fmc.o
 .text.HAL_SDRAM_MspInit
                0x0000000008000850       0x14 ./Core/Src/fmc.o
                0x0000000008000850                HAL_SDRAM_MspInit
 .text.MX_GPIO_Init
                0x0000000008000864      0x338 ./Core/Src/gpio.o
                0x0000000008000864                MX_GPIO_Init
 .text.recordLoop
                0x0000000008000b9c      0x1f4 ./Core/Src/loop.o
                0x0000000008000b9c                recordLoop
 .text.main     0x0000000008000d90       0xf4 ./Core/Src/main.o
                0x0000000008000d90                main
 .text.SystemClock_Config
                0x0000000008000e84       0xd4 ./Core/Src/main.o
                0x0000000008000e84                SystemClock_Config
 .text.HAL_TIM_PeriodElapsedCallback
                0x0000000008000f58       0x24 ./Core/Src/main.o
                0x0000000008000f58                HAL_TIM_PeriodElapsedCallback
 .text.Error_Handler
                0x0000000008000f7c        0xa ./Core/Src/main.o
                0x0000000008000f7c                Error_Handler
 *fill*         0x0000000008000f86        0x2 
 .text.BSP_SDRAM_Init
                0x0000000008000f88       0x9c ./Core/Src/sdram.o
                0x0000000008000f88                BSP_SDRAM_Init
 .text.BSP_SDRAM_Initialization_sequence
                0x0000000008001024       0xc0 ./Core/Src/sdram.o
                0x0000000008001024                BSP_SDRAM_Initialization_sequence
 .text.MspInit  0x00000000080010e4      0x214 ./Core/Src/sdram.o
 .text.MX_SPI3_Init
                0x00000000080012f8       0x6c ./Core/Src/spi.o
                0x00000000080012f8                MX_SPI3_Init
 .text.MX_SPI5_Init
                0x0000000008001364       0x6c ./Core/Src/spi.o
                0x0000000008001364                MX_SPI5_Init
 .text.HAL_SPI_MspInit
                0x00000000080013d0      0x140 ./Core/Src/spi.o
                0x00000000080013d0                HAL_SPI_MspInit
 .text.HAL_MspInit
                0x0000000008001510       0x50 ./Core/Src/stm32f4xx_hal_msp.o
                0x0000000008001510                HAL_MspInit
 .text.HAL_InitTick
                0x0000000008001560       0xf8 ./Core/Src/stm32f4xx_hal_timebase_tim.o
                0x0000000008001560                HAL_InitTick
 .text.NMI_Handler
                0x0000000008001658        0x6 ./Core/Src/stm32f4xx_it.o
                0x0000000008001658                NMI_Handler
 .text.HardFault_Handler
                0x000000000800165e        0x6 ./Core/Src/stm32f4xx_it.o
                0x000000000800165e                HardFault_Handler
 .text.MemManage_Handler
                0x0000000008001664        0x6 ./Core/Src/stm32f4xx_it.o
                0x0000000008001664                MemManage_Handler
 .text.BusFault_Handler
                0x000000000800166a        0x6 ./Core/Src/stm32f4xx_it.o
                0x000000000800166a                BusFault_Handler
 .text.UsageFault_Handler
                0x0000000008001670        0x6 ./Core/Src/stm32f4xx_it.o
                0x0000000008001670                UsageFault_Handler
 .text.SVC_Handler
                0x0000000008001676        0xe ./Core/Src/stm32f4xx_it.o
                0x0000000008001676                SVC_Handler
 .text.DebugMon_Handler
                0x0000000008001684        0xe ./Core/Src/stm32f4xx_it.o
                0x0000000008001684                DebugMon_Handler
 .text.PendSV_Handler
                0x0000000008001692        0xe ./Core/Src/stm32f4xx_it.o
                0x0000000008001692                PendSV_Handler
 .text.SysTick_Handler
                0x00000000080016a0        0xe ./Core/Src/stm32f4xx_it.o
                0x00000000080016a0                SysTick_Handler
 *fill*         0x00000000080016ae        0x2 
 .text.TIM8_BRK_TIM12_IRQHandler
                0x00000000080016b0       0x18 ./Core/Src/stm32f4xx_it.o
                0x00000000080016b0                TIM8_BRK_TIM12_IRQHandler
 .text.TIM6_DAC_IRQHandler
                0x00000000080016c8       0x14 ./Core/Src/stm32f4xx_it.o
                0x00000000080016c8                TIM6_DAC_IRQHandler
 .text.OTG_HS_IRQHandler
                0x00000000080016dc       0x14 ./Core/Src/stm32f4xx_it.o
                0x00000000080016dc                OTG_HS_IRQHandler
 .text.SystemInit
                0x00000000080016f0       0x24 ./Core/Src/system_stm32f4xx.o
                0x00000000080016f0                SystemInit
 .text.MX_TIM1_Init
                0x0000000008001714       0xa0 ./Core/Src/tim.o
                0x0000000008001714                MX_TIM1_Init
 .text.MX_TIM12_Init
                0x00000000080017b4       0x70 ./Core/Src/tim.o
                0x00000000080017b4                MX_TIM12_Init
 .text.HAL_TIM_Base_MspInit
                0x0000000008001824       0x7c ./Core/Src/tim.o
                0x0000000008001824                HAL_TIM_Base_MspInit
 .text.MX_USART1_UART_Init
                0x00000000080018a0       0x54 ./Core/Src/usart.o
                0x00000000080018a0                MX_USART1_UART_Init
 .text.HAL_UART_MspInit
                0x00000000080018f4       0x90 ./Core/Src/usart.o
                0x00000000080018f4                HAL_UART_MspInit
 .text.MX_USB_OTG_HS_HCD_Init
                0x0000000008001984       0x58 ./Core/Src/usb_otg.o
                0x0000000008001984                MX_USB_OTG_HS_HCD_Init
 .text.HAL_HCD_MspInit
                0x00000000080019dc       0xbc ./Core/Src/usb_otg.o
                0x00000000080019dc                HAL_HCD_MspInit
 .text.Reset_Handler
                0x0000000008001a98       0x50 ./Core/Startup/startup_stm32f429zitx.o
                0x0000000008001a98                Reset_Handler
 .text.Default_Handler
                0x0000000008001ae8        0x2 ./Core/Startup/startup_stm32f429zitx.o
                0x0000000008001ae8                RTC_Alarm_IRQHandler
                0x0000000008001ae8                HASH_RNG_IRQHandler
                0x0000000008001ae8                EXTI2_IRQHandler
                0x0000000008001ae8                TIM8_CC_IRQHandler
                0x0000000008001ae8                UART8_IRQHandler
                0x0000000008001ae8                SPI4_IRQHandler
                0x0000000008001ae8                TIM1_CC_IRQHandler
                0x0000000008001ae8                DMA2_Stream5_IRQHandler
                0x0000000008001ae8                DMA1_Stream5_IRQHandler
                0x0000000008001ae8                PVD_IRQHandler
                0x0000000008001ae8                SDIO_IRQHandler
                0x0000000008001ae8                TAMP_STAMP_IRQHandler
                0x0000000008001ae8                CAN2_RX1_IRQHandler
                0x0000000008001ae8                EXTI3_IRQHandler
                0x0000000008001ae8                TIM8_TRG_COM_TIM14_IRQHandler
                0x0000000008001ae8                TIM1_UP_TIM10_IRQHandler
                0x0000000008001ae8                TIM8_UP_TIM13_IRQHandler
                0x0000000008001ae8                I2C3_ER_IRQHandler
                0x0000000008001ae8                EXTI0_IRQHandler
                0x0000000008001ae8                I2C2_EV_IRQHandler
                0x0000000008001ae8                DMA1_Stream2_IRQHandler
                0x0000000008001ae8                CAN1_RX0_IRQHandler
                0x0000000008001ae8                FPU_IRQHandler
                0x0000000008001ae8                OTG_HS_WKUP_IRQHandler
                0x0000000008001ae8                LTDC_ER_IRQHandler
                0x0000000008001ae8                CAN2_SCE_IRQHandler
                0x0000000008001ae8                DMA2_Stream2_IRQHandler
                0x0000000008001ae8                SPI1_IRQHandler
                0x0000000008001ae8                TIM1_BRK_TIM9_IRQHandler
                0x0000000008001ae8                DCMI_IRQHandler
                0x0000000008001ae8                CAN2_RX0_IRQHandler
                0x0000000008001ae8                DMA2_Stream3_IRQHandler
                0x0000000008001ae8                USART6_IRQHandler
                0x0000000008001ae8                USART3_IRQHandler
                0x0000000008001ae8                CAN1_RX1_IRQHandler
                0x0000000008001ae8                UART5_IRQHandler
                0x0000000008001ae8                DMA2_Stream0_IRQHandler
                0x0000000008001ae8                TIM4_IRQHandler
                0x0000000008001ae8                I2C1_EV_IRQHandler
                0x0000000008001ae8                DMA1_Stream6_IRQHandler
                0x0000000008001ae8                DMA1_Stream1_IRQHandler
                0x0000000008001ae8                UART4_IRQHandler
                0x0000000008001ae8                TIM3_IRQHandler
                0x0000000008001ae8                RCC_IRQHandler
                0x0000000008001ae8                Default_Handler
                0x0000000008001ae8                EXTI15_10_IRQHandler
                0x0000000008001ae8                ADC_IRQHandler
                0x0000000008001ae8                DMA1_Stream7_IRQHandler
                0x0000000008001ae8                SPI5_IRQHandler
                0x0000000008001ae8                TIM7_IRQHandler
                0x0000000008001ae8                CAN2_TX_IRQHandler
                0x0000000008001ae8                TIM5_IRQHandler
                0x0000000008001ae8                DMA2_Stream7_IRQHandler
                0x0000000008001ae8                I2C3_EV_IRQHandler
                0x0000000008001ae8                EXTI9_5_IRQHandler
                0x0000000008001ae8                RTC_WKUP_IRQHandler
                0x0000000008001ae8                LTDC_IRQHandler
                0x0000000008001ae8                ETH_WKUP_IRQHandler
                0x0000000008001ae8                SPI2_IRQHandler
                0x0000000008001ae8                OTG_HS_EP1_IN_IRQHandler
                0x0000000008001ae8                DMA1_Stream0_IRQHandler
                0x0000000008001ae8                CAN1_TX_IRQHandler
                0x0000000008001ae8                EXTI4_IRQHandler
                0x0000000008001ae8                ETH_IRQHandler
                0x0000000008001ae8                OTG_HS_EP1_OUT_IRQHandler
                0x0000000008001ae8                WWDG_IRQHandler
                0x0000000008001ae8                SPI6_IRQHandler
                0x0000000008001ae8                TIM2_IRQHandler
                0x0000000008001ae8                OTG_FS_WKUP_IRQHandler
                0x0000000008001ae8                TIM1_TRG_COM_TIM11_IRQHandler
                0x0000000008001ae8                DMA2D_IRQHandler
                0x0000000008001ae8                EXTI1_IRQHandler
                0x0000000008001ae8                UART7_IRQHandler
                0x0000000008001ae8                USART2_IRQHandler
                0x0000000008001ae8                I2C2_ER_IRQHandler
                0x0000000008001ae8                DMA2_Stream1_IRQHandler
                0x0000000008001ae8                CAN1_SCE_IRQHandler
                0x0000000008001ae8                FLASH_IRQHandler
                0x0000000008001ae8                DMA2_Stream4_IRQHandler
                0x0000000008001ae8                USART1_IRQHandler
                0x0000000008001ae8                OTG_FS_IRQHandler
                0x0000000008001ae8                SPI3_IRQHandler
                0x0000000008001ae8                DMA1_Stream4_IRQHandler
                0x0000000008001ae8                I2C1_ER_IRQHandler
                0x0000000008001ae8                FMC_IRQHandler
                0x0000000008001ae8                DMA2_Stream6_IRQHandler
                0x0000000008001ae8                SAI1_IRQHandler
                0x0000000008001ae8                DMA1_Stream3_IRQHandler
 *fill*         0x0000000008001aea        0x2 
 .text.HAL_Init
                0x0000000008001aec       0x44 ./Drivers/STM32F4xx_HAL_Driver/Src/stm32f4xx_hal.o
                0x0000000008001aec                HAL_Init
 .text.HAL_IncTick
                0x0000000008001b30       0x28 ./Drivers/STM32F4xx_HAL_Driver/Src/stm32f4xx_hal.o
                0x0000000008001b30                HAL_IncTick
 .text.HAL_GetTick
                0x0000000008001b58       0x18 ./Drivers/STM32F4xx_HAL_Driver/Src/stm32f4xx_hal.o
                0x0000000008001b58                HAL_GetTick
 .text.HAL_Delay
                0x0000000008001b70       0x48 ./Drivers/STM32F4xx_HAL_Driver/Src/stm32f4xx_hal.o
                0x0000000008001b70                HAL_Delay
 .text.__NVIC_SetPriorityGrouping
                0x0000000008001bb8       0x48 ./Drivers/STM32F4xx_HAL_Driver/Src/stm32f4xx_hal_cortex.o
 .text.__NVIC_GetPriorityGrouping
                0x0000000008001c00       0x1c ./Drivers/STM32F4xx_HAL_Driver/Src/stm32f4xx_hal_cortex.o
 .text.__NVIC_EnableIRQ
                0x0000000008001c1c       0x3c ./Drivers/STM32F4xx_HAL_Driver/Src/stm32f4xx_hal_cortex.o
 .text.__NVIC_SetPriority
                0x0000000008001c58       0x54 ./Drivers/STM32F4xx_HAL_Driver/Src/stm32f4xx_hal_cortex.o
 .text.NVIC_EncodePriority
                0x0000000008001cac       0x66 ./Drivers/STM32F4xx_HAL_Driver/Src/stm32f4xx_hal_cortex.o
 .text.HAL_NVIC_SetPriorityGrouping
                0x0000000008001d12       0x16 ./Drivers/STM32F4xx_HAL_Driver/Src/stm32f4xx_hal_cortex.o
                0x0000000008001d12                HAL_NVIC_SetPriorityGrouping
 .text.HAL_NVIC_SetPriority
                0x0000000008001d28       0x38 ./Drivers/STM32F4xx_HAL_Driver/Src/stm32f4xx_hal_cortex.o
                0x0000000008001d28                HAL_NVIC_SetPriority
 .text.HAL_NVIC_EnableIRQ
                0x0000000008001d60       0x1c ./Drivers/STM32F4xx_HAL_Driver/Src/stm32f4xx_hal_cortex.o
                0x0000000008001d60                HAL_NVIC_EnableIRQ
 .text.HAL_CRC_Init
                0x0000000008001d7c       0x38 ./Drivers/STM32F4xx_HAL_Driver/Src/stm32f4xx_hal_crc.o
                0x0000000008001d7c                HAL_CRC_Init
 .text.HAL_DMA_Init
                0x0000000008001db4      0x15c ./Drivers/STM32F4xx_HAL_Driver/Src/stm32f4xx_hal_dma.o
                0x0000000008001db4                HAL_DMA_Init
 .text.HAL_DMA_DeInit
                0x0000000008001f10       0xbc ./Drivers/STM32F4xx_HAL_Driver/Src/stm32f4xx_hal_dma.o
                0x0000000008001f10                HAL_DMA_DeInit
 .text.DMA_CalcBaseAndBitshift
                0x0000000008001fcc       0x6c ./Drivers/STM32F4xx_HAL_Driver/Src/stm32f4xx_hal_dma.o
 .text.DMA_CheckFifoParam
                0x0000000008002038       0xf8 ./Drivers/STM32F4xx_HAL_Driver/Src/stm32f4xx_hal_dma.o
 .text.HAL_GPIO_Init
                0x0000000008002130      0x358 ./Drivers/STM32F4xx_HAL_Driver/Src/stm32f4xx_hal_gpio.o
                0x0000000008002130                HAL_GPIO_Init
 .text.HAL_GPIO_WritePin
                0x0000000008002488       0x32 ./Drivers/STM32F4xx_HAL_Driver/Src/stm32f4xx_hal_gpio.o
                0x0000000008002488                HAL_GPIO_WritePin
 .text.HAL_HCD_Init
                0x00000000080024ba       0xc4 ./Drivers/STM32F4xx_HAL_Driver/Src/stm32f4xx_hal_hcd.o
                0x00000000080024ba                HAL_HCD_Init
 .text.HAL_HCD_IRQHandler
                0x000000000800257e      0x216 ./Drivers/STM32F4xx_HAL_Driver/Src/stm32f4xx_hal_hcd.o
                0x000000000800257e                HAL_HCD_IRQHandler
 .text.HAL_HCD_SOF_Callback
                0x0000000008002794       0x14 ./Drivers/STM32F4xx_HAL_Driver/Src/stm32f4xx_hal_hcd.o
                0x0000000008002794                HAL_HCD_SOF_Callback
 .text.HAL_HCD_Connect_Callback
                0x00000000080027a8       0x14 ./Drivers/STM32F4xx_HAL_Driver/Src/stm32f4xx_hal_hcd.o
                0x00000000080027a8                HAL_HCD_Connect_Callback
 .text.HAL_HCD_Disconnect_Callback
                0x00000000080027bc       0x14 ./Drivers/STM32F4xx_HAL_Driver/Src/stm32f4xx_hal_hcd.o
                0x00000000080027bc                HAL_HCD_Disconnect_Callback
 .text.HAL_HCD_PortEnabled_Callback
                0x00000000080027d0       0x14 ./Drivers/STM32F4xx_HAL_Driver/Src/stm32f4xx_hal_hcd.o
                0x00000000080027d0                HAL_HCD_PortEnabled_Callback
 .text.HAL_HCD_PortDisabled_Callback
                0x00000000080027e4       0x14 ./Drivers/STM32F4xx_HAL_Driver/Src/stm32f4xx_hal_hcd.o
                0x00000000080027e4                HAL_HCD_PortDisabled_Callback
 .text.HAL_HCD_HC_NotifyURBChange_Callback
                0x00000000080027f8       0x1c ./Drivers/STM32F4xx_HAL_Driver/Src/stm32f4xx_hal_hcd.o
                0x00000000080027f8                HAL_HCD_HC_NotifyURBChange_Callback
 .text.HCD_HC_IN_IRQHandler
                0x0000000008002814      0x6aa ./Drivers/STM32F4xx_HAL_Driver/Src/stm32f4xx_hal_hcd.o
 .text.HCD_HC_OUT_IRQHandler
                0x0000000008002ebe      0x6d2 ./Drivers/STM32F4xx_HAL_Driver/Src/stm32f4xx_hal_hcd.o
 .text.HCD_RXQLVL_IRQHandler
                0x0000000008003590      0x1a4 ./Drivers/STM32F4xx_HAL_Driver/Src/stm32f4xx_hal_hcd.o
 .text.HCD_Port_IRQHandler
                0x0000000008003734       0xe6 ./Drivers/STM32F4xx_HAL_Driver/Src/stm32f4xx_hal_hcd.o
 *fill*         0x000000000800381a        0x2 
 .text.HAL_RCC_OscConfig
                0x000000000800381c      0x4f0 ./Drivers/STM32F4xx_HAL_Driver/Src/stm32f4xx_hal_rcc.o
                0x000000000800381c                HAL_RCC_OscConfig
 .text.HAL_RCC_ClockConfig
                0x0000000008003d0c      0x1cc ./Drivers/STM32F4xx_HAL_Driver/Src/stm32f4xx_hal_rcc.o
                0x0000000008003d0c                HAL_RCC_ClockConfig
 .text.HAL_RCC_GetSysClockFreq
                0x0000000008003ed8      0x20c ./Drivers/STM32F4xx_HAL_Driver/Src/stm32f4xx_hal_rcc.o
                0x0000000008003ed8                HAL_RCC_GetSysClockFreq
 .text.HAL_RCC_GetHCLKFreq
                0x00000000080040e4       0x18 ./Drivers/STM32F4xx_HAL_Driver/Src/stm32f4xx_hal_rcc.o
                0x00000000080040e4                HAL_RCC_GetHCLKFreq
 .text.HAL_RCC_GetPCLK1Freq
                0x00000000080040fc       0x28 ./Drivers/STM32F4xx_HAL_Driver/Src/stm32f4xx_hal_rcc.o
                0x00000000080040fc                HAL_RCC_GetPCLK1Freq
 .text.HAL_RCC_GetPCLK2Freq
                0x0000000008004124       0x28 ./Drivers/STM32F4xx_HAL_Driver/Src/stm32f4xx_hal_rcc.o
                0x0000000008004124                HAL_RCC_GetPCLK2Freq
 .text.HAL_RCC_GetClockConfig
                0x000000000800414c       0x64 ./Drivers/STM32F4xx_HAL_Driver/Src/stm32f4xx_hal_rcc.o
                0x000000000800414c                HAL_RCC_GetClockConfig
 .text.HAL_SDRAM_Init
                0x00000000080041b0       0x68 ./Drivers/STM32F4xx_HAL_Driver/Src/stm32f4xx_hal_sdram.o
                0x00000000080041b0                HAL_SDRAM_Init
 .text.HAL_SDRAM_SendCommand
                0x0000000008004218       0x6a ./Drivers/STM32F4xx_HAL_Driver/Src/stm32f4xx_hal_sdram.o
                0x0000000008004218                HAL_SDRAM_SendCommand
 .text.HAL_SDRAM_ProgramRefreshRate
                0x0000000008004282       0x50 ./Drivers/STM32F4xx_HAL_Driver/Src/stm32f4xx_hal_sdram.o
                0x0000000008004282                HAL_SDRAM_ProgramRefreshRate
 .text.HAL_SPI_Init
                0x00000000080042d2      0x112 ./Drivers/STM32F4xx_HAL_Driver/Src/stm32f4xx_hal_spi.o
                0x00000000080042d2                HAL_SPI_Init
 .text.HAL_SPI_Transmit
                0x00000000080043e4      0x278 ./Drivers/STM32F4xx_HAL_Driver/Src/stm32f4xx_hal_spi.o
                0x00000000080043e4                HAL_SPI_Transmit
 .text.HAL_SPI_TransmitReceive
                0x000000000800465c      0x344 ./Drivers/STM32F4xx_HAL_Driver/Src/stm32f4xx_hal_spi.o
                0x000000000800465c                HAL_SPI_TransmitReceive
 .text.SPI_WaitFlagStateUntilTimeout
                0x00000000080049a0      0x110 ./Drivers/STM32F4xx_HAL_Driver/Src/stm32f4xx_hal_spi.o
 .text.SPI_EndRxTxTransaction
                0x0000000008004ab0       0x84 ./Drivers/STM32F4xx_HAL_Driver/Src/stm32f4xx_hal_spi.o
 .text.HAL_TIM_Base_Init
                0x0000000008004b34       0x9e ./Drivers/STM32F4xx_HAL_Driver/Src/stm32f4xx_hal_tim.o
                0x0000000008004b34                HAL_TIM_Base_Init
 *fill*         0x0000000008004bd2        0x2 
 .text.HAL_TIM_Base_Start_IT
                0x0000000008004bd4       0xe0 ./Drivers/STM32F4xx_HAL_Driver/Src/stm32f4xx_hal_tim.o
                0x0000000008004bd4                HAL_TIM_Base_Start_IT
 .text.HAL_TIM_IRQHandler
                0x0000000008004cb4      0x210 ./Drivers/STM32F4xx_HAL_Driver/Src/stm32f4xx_hal_tim.o
                0x0000000008004cb4                HAL_TIM_IRQHandler
 .text.HAL_TIM_ConfigClockSource
                0x0000000008004ec4      0x18e ./Drivers/STM32F4xx_HAL_Driver/Src/stm32f4xx_hal_tim.o
                0x0000000008004ec4                HAL_TIM_ConfigClockSource
 .text.HAL_TIM_OC_DelayElapsedCallback
                0x0000000008005052       0x14 ./Drivers/STM32F4xx_HAL_Driver/Src/stm32f4xx_hal_tim.o
                0x0000000008005052                HAL_TIM_OC_DelayElapsedCallback
 .text.HAL_TIM_IC_CaptureCallback
                0x0000000008005066       0x14 ./Drivers/STM32F4xx_HAL_Driver/Src/stm32f4xx_hal_tim.o
                0x0000000008005066                HAL_TIM_IC_CaptureCallback
 .text.HAL_TIM_PWM_PulseFinishedCallback
                0x000000000800507a       0x14 ./Drivers/STM32F4xx_HAL_Driver/Src/stm32f4xx_hal_tim.o
                0x000000000800507a                HAL_TIM_PWM_PulseFinishedCallback
 .text.HAL_TIM_TriggerCallback
                0x000000000800508e       0x14 ./Drivers/STM32F4xx_HAL_Driver/Src/stm32f4xx_hal_tim.o
                0x000000000800508e                HAL_TIM_TriggerCallback
 *fill*         0x00000000080050a2        0x2 
 .text.TIM_Base_SetConfig
                0x00000000080050a4      0x140 ./Drivers/STM32F4xx_HAL_Driver/Src/stm32f4xx_hal_tim.o
                0x00000000080050a4                TIM_Base_SetConfig
 .text.TIM_TI1_ConfigInputStage
                0x00000000080051e4       0x5e ./Drivers/STM32F4xx_HAL_Driver/Src/stm32f4xx_hal_tim.o
 .text.TIM_TI2_ConfigInputStage
                0x0000000008005242       0x60 ./Drivers/STM32F4xx_HAL_Driver/Src/stm32f4xx_hal_tim.o
 .text.TIM_ITRx_SetConfig
                0x00000000080052a2       0x36 ./Drivers/STM32F4xx_HAL_Driver/Src/stm32f4xx_hal_tim.o
 .text.TIM_ETR_SetConfig
                0x00000000080052d8       0x40 ./Drivers/STM32F4xx_HAL_Driver/Src/stm32f4xx_hal_tim.o
                0x00000000080052d8                TIM_ETR_SetConfig
 .text.HAL_TIMEx_MasterConfigSynchronization
                0x0000000008005318       0xf8 ./Drivers/STM32F4xx_HAL_Driver/Src/stm32f4xx_hal_tim_ex.o
                0x0000000008005318                HAL_TIMEx_MasterConfigSynchronization
 .text.HAL_TIMEx_CommutCallback
                0x0000000008005410       0x14 ./Drivers/STM32F4xx_HAL_Driver/Src/stm32f4xx_hal_tim_ex.o
                0x0000000008005410                HAL_TIMEx_CommutCallback
 .text.HAL_TIMEx_BreakCallback
                0x0000000008005424       0x14 ./Drivers/STM32F4xx_HAL_Driver/Src/stm32f4xx_hal_tim_ex.o
                0x0000000008005424                HAL_TIMEx_BreakCallback
 .text.HAL_UART_Init
                0x0000000008005438       0x9a ./Drivers/STM32F4xx_HAL_Driver/Src/stm32f4xx_hal_uart.o
                0x0000000008005438                HAL_UART_Init
 *fill*         0x00000000080054d2        0x2 
 .text.UART_SetConfig
                0x00000000080054d4      0x4e8 ./Drivers/STM32F4xx_HAL_Driver/Src/stm32f4xx_hal_uart.o
 .text.FMC_SDRAM_Init
                0x00000000080059bc       0xba ./Drivers/STM32F4xx_HAL_Driver/Src/stm32f4xx_ll_fmc.o
                0x00000000080059bc                FMC_SDRAM_Init
 .text.FMC_SDRAM_Timing_Init
                0x0000000008005a76       0xd2 ./Drivers/STM32F4xx_HAL_Driver/Src/stm32f4xx_ll_fmc.o
                0x0000000008005a76                FMC_SDRAM_Timing_Init
 .text.FMC_SDRAM_SendCommand
                0x0000000008005b48       0x7a ./Drivers/STM32F4xx_HAL_Driver/Src/stm32f4xx_ll_fmc.o
                0x0000000008005b48                FMC_SDRAM_SendCommand
 .text.FMC_SDRAM_ProgramRefreshRate
                0x0000000008005bc2       0x2e ./Drivers/STM32F4xx_HAL_Driver/Src/stm32f4xx_ll_fmc.o
                0x0000000008005bc2                FMC_SDRAM_ProgramRefreshRate
 .text.USB_CoreInit
                0x0000000008005bf0       0xc2 ./Drivers/STM32F4xx_HAL_Driver/Src/stm32f4xx_ll_usb.o
                0x0000000008005bf0                USB_CoreInit
 .text.USB_DisableGlobalInt
                0x0000000008005cb2       0x22 ./Drivers/STM32F4xx_HAL_Driver/Src/stm32f4xx_ll_usb.o
                0x0000000008005cb2                USB_DisableGlobalInt
 .text.USB_SetCurrentMode
                0x0000000008005cd4       0x98 ./Drivers/STM32F4xx_HAL_Driver/Src/stm32f4xx_ll_usb.o
                0x0000000008005cd4                USB_SetCurrentMode
 .text.USB_FlushTxFifo
                0x0000000008005d6c       0x68 ./Drivers/STM32F4xx_HAL_Driver/Src/stm32f4xx_ll_usb.o
                0x0000000008005d6c                USB_FlushTxFifo
 .text.USB_FlushRxFifo
                0x0000000008005dd4       0x60 ./Drivers/STM32F4xx_HAL_Driver/Src/stm32f4xx_ll_usb.o
                0x0000000008005dd4                USB_FlushRxFifo
 .text.USB_ReadPacket
                0x0000000008005e34       0xb0 ./Drivers/STM32F4xx_HAL_Driver/Src/stm32f4xx_ll_usb.o
                0x0000000008005e34                USB_ReadPacket
 .text.USB_ReadInterrupts
                0x0000000008005ee4       0x26 ./Drivers/STM32F4xx_HAL_Driver/Src/stm32f4xx_ll_usb.o
                0x0000000008005ee4                USB_ReadInterrupts
 .text.USB_GetMode
                0x0000000008005f0a       0x1c ./Drivers/STM32F4xx_HAL_Driver/Src/stm32f4xx_ll_usb.o
                0x0000000008005f0a                USB_GetMode
 *fill*         0x0000000008005f26        0x2 
 .text.USB_CoreReset
                0x0000000008005f28       0x68 ./Drivers/STM32F4xx_HAL_Driver/Src/stm32f4xx_ll_usb.o
 .text.USB_HostInit
                0x0000000008005f90      0x180 ./Drivers/STM32F4xx_HAL_Driver/Src/stm32f4xx_ll_usb.o
                0x0000000008005f90                USB_HostInit
 .text.USB_InitFSLSPClkSel
                0x0000000008006110       0x74 ./Drivers/STM32F4xx_HAL_Driver/Src/stm32f4xx_ll_usb.o
                0x0000000008006110                USB_InitFSLSPClkSel
 .text.USB_HC_ReadInterrupt
                0x0000000008006184       0x22 ./Drivers/STM32F4xx_HAL_Driver/Src/stm32f4xx_ll_usb.o
                0x0000000008006184                USB_HC_ReadInterrupt
 .text.USB_HC_Halt
                0x00000000080061a6      0x1f8 ./Drivers/STM32F4xx_HAL_Driver/Src/stm32f4xx_ll_usb.o
                0x00000000080061a6                USB_HC_Halt
 *fill*         0x000000000800639e        0x2 
 .text.__libc_init_array
                0x00000000080063a0       0x48 d:/st/stm32cubeide_1.5.1/stm32cubeide/plugins/com.st.stm32cube.ide.mcu.externaltools.gnu-tools-for-stm32.10.3-2021.10.win32_1.0.200.202301161003/tools/bin/../lib/gcc/arm-none-eabi/10.3.1/../../../../arm-none-eabi/lib/thumb/v7e-m+fp/hard\libc_nano.a(lib_a-init.o)
                0x00000000080063a0                __libc_init_array
 .text.memset   0x00000000080063e8       0x10 d:/st/stm32cubeide_1.5.1/stm32cubeide/plugins/com.st.stm32cube.ide.mcu.externaltools.gnu-tools-for-stm32.10.3-2021.10.win32_1.0.200.202301161003/tools/bin/../lib/gcc/arm-none-eabi/10.3.1/../../../../arm-none-eabi/lib/thumb/v7e-m+fp/hard\libc_nano.a(lib_a-memset.o)
                0x00000000080063e8                memset
 *(.glue_7)
 .glue_7        0x00000000080063f8        0x0 linker stubs
 *(.glue_7t)
 .glue_7t       0x00000000080063f8        0x0 linker stubs
 *(.eh_frame)
 .eh_frame      0x00000000080063f8        0x0 d:/st/stm32cubeide_1.5.1/stm32cubeide/plugins/com.st.stm32cube.ide.mcu.externaltools.gnu-tools-for-stm32.10.3-2021.10.win32_1.0.200.202301161003/tools/bin/../lib/gcc/arm-none-eabi/10.3.1/thumb/v7e-m+fp/hard/crtbegin.o
 *(.init)
 .init          0x00000000080063f8        0x4 d:/st/stm32cubeide_1.5.1/stm32cubeide/plugins/com.st.stm32cube.ide.mcu.externaltools.gnu-tools-for-stm32.10.3-2021.10.win32_1.0.200.202301161003/tools/bin/../lib/gcc/arm-none-eabi/10.3.1/thumb/v7e-m+fp/hard/crti.o
                0x00000000080063f8                _init
 .init          0x00000000080063fc        0x8 d:/st/stm32cubeide_1.5.1/stm32cubeide/plugins/com.st.stm32cube.ide.mcu.externaltools.gnu-tools-for-stm32.10.3-2021.10.win32_1.0.200.202301161003/tools/bin/../lib/gcc/arm-none-eabi/10.3.1/thumb/v7e-m+fp/hard/crtn.o
 *(.fini)
 .fini          0x0000000008006404        0x4 d:/st/stm32cubeide_1.5.1/stm32cubeide/plugins/com.st.stm32cube.ide.mcu.externaltools.gnu-tools-for-stm32.10.3-2021.10.win32_1.0.200.202301161003/tools/bin/../lib/gcc/arm-none-eabi/10.3.1/thumb/v7e-m+fp/hard/crti.o
                0x0000000008006404                _fini
 .fini          0x0000000008006408        0x8 d:/st/stm32cubeide_1.5.1/stm32cubeide/plugins/com.st.stm32cube.ide.mcu.externaltools.gnu-tools-for-stm32.10.3-2021.10.win32_1.0.200.202301161003/tools/bin/../lib/gcc/arm-none-eabi/10.3.1/thumb/v7e-m+fp/hard/crtn.o
                0x0000000008006410                . = ALIGN (0x4)
                0x0000000008006410                _etext = .

.vfp11_veneer   0x0000000008006410        0x0
 .vfp11_veneer  0x0000000008006410        0x0 linker stubs

.v4_bx          0x0000000008006410        0x0
 .v4_bx         0x0000000008006410        0x0 linker stubs

.iplt           0x0000000008006410        0x0
 .iplt          0x0000000008006410        0x0 d:/st/stm32cubeide_1.5.1/stm32cubeide/plugins/com.st.stm32cube.ide.mcu.externaltools.gnu-tools-for-stm32.10.3-2021.10.win32_1.0.200.202301161003/tools/bin/../lib/gcc/arm-none-eabi/10.3.1/thumb/v7e-m+fp/hard/crtbegin.o

.rodata         0x0000000008006410       0x24
                0x0000000008006410                . = ALIGN (0x4)
 *(.rodata)
 .rodata        0x0000000008006410        0x3 ./Core/Src/dac8564.o
 *(.rodata*)
 *fill*         0x0000000008006413        0x1 
 .rodata.AHBPrescTable
                0x0000000008006414       0x10 ./Core/Src/system_stm32f4xx.o
                0x0000000008006414                AHBPrescTable
 .rodata.APBPrescTable
                0x0000000008006424        0x8 ./Core/Src/system_stm32f4xx.o
                0x0000000008006424                APBPrescTable
 .rodata.flagBitshiftOffset.0
                0x000000000800642c        0x8 ./Drivers/STM32F4xx_HAL_Driver/Src/stm32f4xx_hal_dma.o
                0x0000000008006434                . = ALIGN (0x4)

.ARM.extab      0x0000000008006434        0x0
                0x0000000008006434                . = ALIGN (0x4)
 *(.ARM.extab* .gnu.linkonce.armextab.*)
                0x0000000008006434                . = ALIGN (0x4)

.ARM            0x0000000008006434        0x8
                0x0000000008006434                . = ALIGN (0x4)
                0x0000000008006434                __exidx_start = .
 *(.ARM.exidx*)
 .ARM.exidx     0x0000000008006434        0x8 d:/st/stm32cubeide_1.5.1/stm32cubeide/plugins/com.st.stm32cube.ide.mcu.externaltools.gnu-tools-for-stm32.10.3-2021.10.win32_1.0.200.202301161003/tools/bin/../lib/gcc/arm-none-eabi/10.3.1/thumb/v7e-m+fp/hard\libgcc.a(_udivmoddi4.o)
                0x000000000800643c                __exidx_end = .
                0x000000000800643c                . = ALIGN (0x4)

.rel.dyn        0x000000000800643c        0x0
 .rel.iplt      0x000000000800643c        0x0 d:/st/stm32cubeide_1.5.1/stm32cubeide/plugins/com.st.stm32cube.ide.mcu.externaltools.gnu-tools-for-stm32.10.3-2021.10.win32_1.0.200.202301161003/tools/bin/../lib/gcc/arm-none-eabi/10.3.1/thumb/v7e-m+fp/hard/crtbegin.o

.preinit_array  0x000000000800643c        0x0
                0x000000000800643c                . = ALIGN (0x4)
                0x000000000800643c                PROVIDE (__preinit_array_start = .)
 *(.preinit_array*)
                0x000000000800643c                PROVIDE (__preinit_array_end = .)
                0x000000000800643c                . = ALIGN (0x4)

.init_array     0x000000000800643c        0x4
                0x000000000800643c                . = ALIGN (0x4)
                0x000000000800643c                PROVIDE (__init_array_start = .)
 *(SORT_BY_NAME(.init_array.*))
 *(.init_array*)
 .init_array    0x000000000800643c        0x4 d:/st/stm32cubeide_1.5.1/stm32cubeide/plugins/com.st.stm32cube.ide.mcu.externaltools.gnu-tools-for-stm32.10.3-2021.10.win32_1.0.200.202301161003/tools/bin/../lib/gcc/arm-none-eabi/10.3.1/thumb/v7e-m+fp/hard/crtbegin.o
                0x0000000008006440                PROVIDE (__init_array_end = .)
                0x0000000008006440                . = ALIGN (0x4)

.fini_array     0x0000000008006440        0x4
                0x0000000008006440                . = ALIGN (0x4)
                [!provide]                        PROVIDE (__fini_array_start = .)
 *(SORT_BY_NAME(.fini_array.*))
 *(.fini_array*)
 .fini_array    0x0000000008006440        0x4 d:/st/stm32cubeide_1.5.1/stm32cubeide/plugins/com.st.stm32cube.ide.mcu.externaltools.gnu-tools-for-stm32.10.3-2021.10.win32_1.0.200.202301161003/tools/bin/../lib/gcc/arm-none-eabi/10.3.1/thumb/v7e-m+fp/hard/crtbegin.o
                [!provide]                        PROVIDE (__fini_array_end = .)
                0x0000000008006444                . = ALIGN (0x4)
                0x0000000008006444                _sidata = LOADADDR (.data)

.data           0x0000000020000000       0x14 load address 0x0000000008006444
                0x0000000020000000                . = ALIGN (0x4)
                0x0000000020000000                _sdata = .
 *(.data)
 *(.data*)
 .data.minInputSample
                0x0000000020000000        0x2 ./Core/Src/loop.o
                0x0000000020000000                minInputSample
 .data.maxInputSample
                0x0000000020000002        0x2 ./Core/Src/loop.o
                0x0000000020000002                maxInputSample
 .data.gain     0x0000000020000004        0x4 ./Core/Src/loop.o
                0x0000000020000004                gain
 .data.SystemCoreClock
                0x0000000020000008        0x4 ./Core/Src/system_stm32f4xx.o
                0x0000000020000008                SystemCoreClock
 .data.uwTickPrio
                0x000000002000000c        0x4 ./Drivers/STM32F4xx_HAL_Driver/Src/stm32f4xx_hal.o
                0x000000002000000c                uwTickPrio
 .data.uwTickFreq
                0x0000000020000010        0x1 ./Drivers/STM32F4xx_HAL_Driver/Src/stm32f4xx_hal.o
                0x0000000020000010                uwTickFreq
 *(.RamFunc)
 *(.RamFunc*)
                0x0000000020000014                . = ALIGN (0x4)
 *fill*         0x0000000020000011        0x3 
                0x0000000020000014                _edata = .
                0x0000000008006458                _siccmram = LOADADDR (.ccmram)

.igot.plt       0x0000000020000014        0x0 load address 0x0000000008006458
 .igot.plt      0x0000000020000014        0x0 d:/st/stm32cubeide_1.5.1/stm32cubeide/plugins/com.st.stm32cube.ide.mcu.externaltools.gnu-tools-for-stm32.10.3-2021.10.win32_1.0.200.202301161003/tools/bin/../lib/gcc/arm-none-eabi/10.3.1/thumb/v7e-m+fp/hard/crtbegin.o

.ccmram         0x0000000010000000        0x0 load address 0x0000000008006458
                0x0000000010000000                . = ALIGN (0x4)
                0x0000000010000000                _sccmram = .
 *(.ccmram)
 *(.ccmram*)
                0x0000000010000000                . = ALIGN (0x4)
                0x0000000010000000                _eccmram = .
                0x0000000010000000                . = ALIGN (0x4)

.bss            0x0000000020000014     0xa210
                0x0000000020000014                _sbss = .
                0x0000000020000014                __bss_start__ = _sbss
 *(.bss)
 .bss           0x0000000020000014       0x1c d:/st/stm32cubeide_1.5.1/stm32cubeide/plugins/com.st.stm32cube.ide.mcu.externaltools.gnu-tools-for-stm32.10.3-2021.10.win32_1.0.200.202301161003/tools/bin/../lib/gcc/arm-none-eabi/10.3.1/thumb/v7e-m+fp/hard/crtbegin.o
 *(.bss*)
 .bss.hcrc      0x0000000020000030        0x8 ./Core/Src/crc.o
                0x0000000020000030                hcrc
 .bss.hsdram2   0x0000000020000038       0x34 ./Core/Src/fmc.o
                0x0000000020000038                hsdram2
 .bss.FMC_Initialized
                0x000000002000006c        0x4 ./Core/Src/fmc.o
 .bss.minRecordedSample
                0x0000000020000070        0x2 ./Core/Src/loop.o
                0x0000000020000070                minRecordedSample
 .bss.maxRecordedSample
                0x0000000020000072        0x2 ./Core/Src/loop.o
                0x0000000020000072                maxRecordedSample
 .bss.tmp       0x0000000020000074        0x4 ./Core/Src/loop.o
                0x0000000020000074                tmp
 .bss.clipping  0x0000000020000078        0x1 ./Core/Src/loop.o
                0x0000000020000078                clipping
 *fill*         0x0000000020000079        0x1 
 .bss.finalOffset
                0x000000002000007a        0x2 ./Core/Src/loop.o
                0x000000002000007a                finalOffset
 .bss.signedResult
                0x000000002000007c        0x2 ./Core/Src/loop.o
                0x000000002000007c                signedResult
 .bss.loop      0x000000002000007e        0x1 ./Core/Src/loop.o
                0x000000002000007e                loop
 *fill*         0x000000002000007f        0x1 
 .bss.count     0x0000000020000080        0x4 ./Core/Src/loop.o
                0x0000000020000080                count
 .bss.samples   0x0000000020000084     0x9c40 ./Core/Src/loop.o
                0x0000000020000084                samples
 .bss.Timing    0x0000000020009cc4       0x1c ./Core/Src/sdram.o
 .bss.Command   0x0000000020009ce0       0x10 ./Core/Src/sdram.o
 .bss.dmaHandle.0
                0x0000000020009cf0       0x60 ./Core/Src/sdram.o
 .bss.hspi3     0x0000000020009d50       0x58 ./Core/Src/spi.o
                0x0000000020009d50                hspi3
 .bss.hspi5     0x0000000020009da8       0x58 ./Core/Src/spi.o
                0x0000000020009da8                hspi5
 .bss.htim6     0x0000000020009e00       0x48 ./Core/Src/stm32f4xx_hal_timebase_tim.o
                0x0000000020009e00                htim6
 .bss.htim1     0x0000000020009e48       0x48 ./Core/Src/tim.o
                0x0000000020009e48                htim1
 .bss.htim12    0x0000000020009e90       0x48 ./Core/Src/tim.o
                0x0000000020009e90                htim12
 .bss.huart1    0x0000000020009ed8       0x44 ./Core/Src/usart.o
                0x0000000020009ed8                huart1
 .bss.hhcd_USB_OTG_HS
                0x0000000020009f1c      0x304 ./Core/Src/usb_otg.o
                0x0000000020009f1c                hhcd_USB_OTG_HS
 .bss.uwTick    0x000000002000a220        0x4 ./Drivers/STM32F4xx_HAL_Driver/Src/stm32f4xx_hal.o
                0x000000002000a220                uwTick
 *(COMMON)
                0x000000002000a224                . = ALIGN (0x4)
                0x000000002000a224                _ebss = .
                0x000000002000a224                __bss_end__ = _ebss

._user_heap_stack
                0x000000002000a224      0x604
                0x000000002000a228                . = ALIGN (0x8)
 *fill*         0x000000002000a224        0x4 
                [!provide]                        PROVIDE (end = .)
                0x000000002000a228                PROVIDE (_end = .)
                0x000000002000a428                . = (. + _Min_Heap_Size)
 *fill*         0x000000002000a228      0x200 
                0x000000002000a828                . = (. + _Min_Stack_Size)
 *fill*         0x000000002000a428      0x400 
                0x000000002000a828                . = ALIGN (0x8)

/DISCARD/
 libc.a(*)
 libm.a(*)
 libgcc.a(*)

.ARM.attributes
                0x0000000000000000       0x30
 *(.ARM.attributes)
 .ARM.attributes
                0x0000000000000000       0x1e d:/st/stm32cubeide_1.5.1/stm32cubeide/plugins/com.st.stm32cube.ide.mcu.externaltools.gnu-tools-for-stm32.10.3-2021.10.win32_1.0.200.202301161003/tools/bin/../lib/gcc/arm-none-eabi/10.3.1/thumb/v7e-m+fp/hard/crti.o
 .ARM.attributes
                0x000000000000001e       0x34 d:/st/stm32cubeide_1.5.1/stm32cubeide/plugins/com.st.stm32cube.ide.mcu.externaltools.gnu-tools-for-stm32.10.3-2021.10.win32_1.0.200.202301161003/tools/bin/../lib/gcc/arm-none-eabi/10.3.1/thumb/v7e-m+fp/hard/crtbegin.o
 .ARM.attributes
                0x0000000000000052       0x34 ./Core/Src/ads8343.o
 .ARM.attributes
                0x0000000000000086       0x34 ./Core/Src/crc.o
 .ARM.attributes
                0x00000000000000ba       0x34 ./Core/Src/dac8564.o
 .ARM.attributes
                0x00000000000000ee       0x34 ./Core/Src/fmc.o
 .ARM.attributes
                0x0000000000000122       0x34 ./Core/Src/gpio.o
 .ARM.attributes
                0x0000000000000156       0x34 ./Core/Src/loop.o
 .ARM.attributes
                0x000000000000018a       0x34 ./Core/Src/main.o
 .ARM.attributes
                0x00000000000001be       0x34 ./Core/Src/sdram.o
 .ARM.attributes
                0x00000000000001f2       0x34 ./Core/Src/spi.o
 .ARM.attributes
                0x0000000000000226       0x34 ./Core/Src/stm32f4xx_hal_msp.o
 .ARM.attributes
                0x000000000000025a       0x34 ./Core/Src/stm32f4xx_hal_timebase_tim.o
 .ARM.attributes
                0x000000000000028e       0x34 ./Core/Src/stm32f4xx_it.o
 .ARM.attributes
                0x00000000000002c2       0x34 ./Core/Src/system_stm32f4xx.o
 .ARM.attributes
                0x00000000000002f6       0x34 ./Core/Src/tim.o
 .ARM.attributes
                0x000000000000032a       0x34 ./Core/Src/usart.o
 .ARM.attributes
                0x000000000000035e       0x34 ./Core/Src/usb_otg.o
 .ARM.attributes
                0x0000000000000392       0x21 ./Core/Startup/startup_stm32f429zitx.o
 .ARM.attributes
                0x00000000000003b3       0x34 ./Drivers/STM32F4xx_HAL_Driver/Src/stm32f4xx_hal.o
 .ARM.attributes
                0x00000000000003e7       0x34 ./Drivers/STM32F4xx_HAL_Driver/Src/stm32f4xx_hal_cortex.o
 .ARM.attributes
                0x000000000000041b       0x34 ./Drivers/STM32F4xx_HAL_Driver/Src/stm32f4xx_hal_crc.o
 .ARM.attributes
                0x000000000000044f       0x34 ./Drivers/STM32F4xx_HAL_Driver/Src/stm32f4xx_hal_dma.o
 .ARM.attributes
                0x0000000000000483       0x34 ./Drivers/STM32F4xx_HAL_Driver/Src/stm32f4xx_hal_gpio.o
 .ARM.attributes
                0x00000000000004b7       0x34 ./Drivers/STM32F4xx_HAL_Driver/Src/stm32f4xx_hal_hcd.o
 .ARM.attributes
                0x00000000000004eb       0x34 ./Drivers/STM32F4xx_HAL_Driver/Src/stm32f4xx_hal_rcc.o
 .ARM.attributes
                0x000000000000051f       0x34 ./Drivers/STM32F4xx_HAL_Driver/Src/stm32f4xx_hal_sdram.o
 .ARM.attributes
                0x0000000000000553       0x34 ./Drivers/STM32F4xx_HAL_Driver/Src/stm32f4xx_hal_spi.o
 .ARM.attributes
                0x0000000000000587       0x34 ./Drivers/STM32F4xx_HAL_Driver/Src/stm32f4xx_hal_tim.o
 .ARM.attributes
                0x00000000000005bb       0x34 ./Drivers/STM32F4xx_HAL_Driver/Src/stm32f4xx_hal_tim_ex.o
 .ARM.attributes
                0x00000000000005ef       0x34 ./Drivers/STM32F4xx_HAL_Driver/Src/stm32f4xx_hal_uart.o
 .ARM.attributes
                0x0000000000000623       0x34 ./Drivers/STM32F4xx_HAL_Driver/Src/stm32f4xx_ll_fmc.o
 .ARM.attributes
                0x0000000000000657       0x34 ./Drivers/STM32F4xx_HAL_Driver/Src/stm32f4xx_ll_usb.o
 .ARM.attributes
                0x000000000000068b       0x34 d:/st/stm32cubeide_1.5.1/stm32cubeide/plugins/com.st.stm32cube.ide.mcu.externaltools.gnu-tools-for-stm32.10.3-2021.10.win32_1.0.200.202301161003/tools/bin/../lib/gcc/arm-none-eabi/10.3.1/../../../../arm-none-eabi/lib/thumb/v7e-m+fp/hard\libc_nano.a(lib_a-init.o)
 .ARM.attributes
                0x00000000000006bf       0x34 d:/st/stm32cubeide_1.5.1/stm32cubeide/plugins/com.st.stm32cube.ide.mcu.externaltools.gnu-tools-for-stm32.10.3-2021.10.win32_1.0.200.202301161003/tools/bin/../lib/gcc/arm-none-eabi/10.3.1/../../../../arm-none-eabi/lib/thumb/v7e-m+fp/hard\libc_nano.a(lib_a-memset.o)
 .ARM.attributes
                0x00000000000006f3       0x1e d:/st/stm32cubeide_1.5.1/stm32cubeide/plugins/com.st.stm32cube.ide.mcu.externaltools.gnu-tools-for-stm32.10.3-2021.10.win32_1.0.200.202301161003/tools/bin/../lib/gcc/arm-none-eabi/10.3.1/thumb/v7e-m+fp/hard\libgcc.a(_aeabi_uldivmod.o)
 .ARM.attributes
                0x0000000000000711       0x34 d:/st/stm32cubeide_1.5.1/stm32cubeide/plugins/com.st.stm32cube.ide.mcu.externaltools.gnu-tools-for-stm32.10.3-2021.10.win32_1.0.200.202301161003/tools/bin/../lib/gcc/arm-none-eabi/10.3.1/thumb/v7e-m+fp/hard\libgcc.a(_udivmoddi4.o)
 .ARM.attributes
                0x0000000000000745       0x1e d:/st/stm32cubeide_1.5.1/stm32cubeide/plugins/com.st.stm32cube.ide.mcu.externaltools.gnu-tools-for-stm32.10.3-2021.10.win32_1.0.200.202301161003/tools/bin/../lib/gcc/arm-none-eabi/10.3.1/thumb/v7e-m+fp/hard\libgcc.a(_dvmd_tls.o)
 .ARM.attributes
                0x0000000000000763       0x1e d:/st/stm32cubeide_1.5.1/stm32cubeide/plugins/com.st.stm32cube.ide.mcu.externaltools.gnu-tools-for-stm32.10.3-2021.10.win32_1.0.200.202301161003/tools/bin/../lib/gcc/arm-none-eabi/10.3.1/thumb/v7e-m+fp/hard/crtn.o
OUTPUT(LooperF429.elf elf32-littlearm)
LOAD linker stubs
LOAD d:/st/stm32cubeide_1.5.1/stm32cubeide/plugins/com.st.stm32cube.ide.mcu.externaltools.gnu-tools-for-stm32.10.3-2021.10.win32_1.0.200.202301161003/tools/bin/../lib/gcc/arm-none-eabi/10.3.1/../../../../arm-none-eabi/lib/thumb/v7e-m+fp/hard\libc.a
LOAD d:/st/stm32cubeide_1.5.1/stm32cubeide/plugins/com.st.stm32cube.ide.mcu.externaltools.gnu-tools-for-stm32.10.3-2021.10.win32_1.0.200.202301161003/tools/bin/../lib/gcc/arm-none-eabi/10.3.1/../../../../arm-none-eabi/lib/thumb/v7e-m+fp/hard\libm.a
LOAD d:/st/stm32cubeide_1.5.1/stm32cubeide/plugins/com.st.stm32cube.ide.mcu.externaltools.gnu-tools-for-stm32.10.3-2021.10.win32_1.0.200.202301161003/tools/bin/../lib/gcc/arm-none-eabi/10.3.1/thumb/v7e-m+fp/hard\libgcc.a

.debug_info     0x0000000000000000    0x19c4b
 .debug_info    0x0000000000000000      0x7bc ./Core/Src/ads8343.o
 .debug_info    0x00000000000007bc      0x49c ./Core/Src/crc.o
 .debug_info    0x0000000000000c58      0x7a5 ./Core/Src/dac8564.o
 .debug_info    0x00000000000013fd      0x9e2 ./Core/Src/fmc.o
 .debug_info    0x0000000000001ddf      0x519 ./Core/Src/gpio.o
 .debug_info    0x00000000000022f8      0x368 ./Core/Src/loop.o
 .debug_info    0x0000000000002660      0xc0d ./Core/Src/main.o
 .debug_info    0x000000000000326d     0x10b5 ./Core/Src/sdram.o
 .debug_info    0x0000000000004322      0xa8a ./Core/Src/spi.o
 .debug_info    0x0000000000004dac      0x2c4 ./Core/Src/stm32f4xx_hal_msp.o
 .debug_info    0x0000000000005070      0xc9d ./Core/Src/stm32f4xx_hal_timebase_tim.o
 .debug_info    0x0000000000005d0d      0xc68 ./Core/Src/stm32f4xx_it.o
 .debug_info    0x0000000000006975      0x53f ./Core/Src/system_stm32f4xx.o
 .debug_info    0x0000000000006eb4      0xd09 ./Core/Src/tim.o
 .debug_info    0x0000000000007bbd      0x9bc ./Core/Src/usart.o
 .debug_info    0x0000000000008579      0xc81 ./Core/Src/usb_otg.o
 .debug_info    0x00000000000091fa       0x22 ./Core/Startup/startup_stm32f429zitx.o
 .debug_info    0x000000000000921c      0x9f4 ./Drivers/STM32F4xx_HAL_Driver/Src/stm32f4xx_hal.o
 .debug_info    0x0000000000009c10      0xe51 ./Drivers/STM32F4xx_HAL_Driver/Src/stm32f4xx_hal_cortex.o
 .debug_info    0x000000000000aa61      0x3a6 ./Drivers/STM32F4xx_HAL_Driver/Src/stm32f4xx_hal_crc.o
 .debug_info    0x000000000000ae07      0x94f ./Drivers/STM32F4xx_HAL_Driver/Src/stm32f4xx_hal_dma.o
 .debug_info    0x000000000000b756      0x786 ./Drivers/STM32F4xx_HAL_Driver/Src/stm32f4xx_hal_gpio.o
 .debug_info    0x000000000000bedc     0x10c6 ./Drivers/STM32F4xx_HAL_Driver/Src/stm32f4xx_hal_hcd.o
 .debug_info    0x000000000000cfa2      0x982 ./Drivers/STM32F4xx_HAL_Driver/Src/stm32f4xx_hal_rcc.o
 .debug_info    0x000000000000d924      0xf46 ./Drivers/STM32F4xx_HAL_Driver/Src/stm32f4xx_hal_sdram.o
 .debug_info    0x000000000000e86a     0x1758 ./Drivers/STM32F4xx_HAL_Driver/Src/stm32f4xx_hal_spi.o
 .debug_info    0x000000000000ffc2     0x2bbe ./Drivers/STM32F4xx_HAL_Driver/Src/stm32f4xx_hal_tim.o
 .debug_info    0x0000000000012b80     0x15e0 ./Drivers/STM32F4xx_HAL_Driver/Src/stm32f4xx_hal_tim_ex.o
 .debug_info    0x0000000000014160     0x31bc ./Drivers/STM32F4xx_HAL_Driver/Src/stm32f4xx_hal_uart.o
 .debug_info    0x000000000001731c      0xe98 ./Drivers/STM32F4xx_HAL_Driver/Src/stm32f4xx_ll_fmc.o
 .debug_info    0x00000000000181b4     0x1a97 ./Drivers/STM32F4xx_HAL_Driver/Src/stm32f4xx_ll_usb.o

.debug_abbrev   0x0000000000000000     0x3c6b
 .debug_abbrev  0x0000000000000000      0x199 ./Core/Src/ads8343.o
 .debug_abbrev  0x0000000000000199      0x18e ./Core/Src/crc.o
 .debug_abbrev  0x0000000000000327      0x1a8 ./Core/Src/dac8564.o
 .debug_abbrev  0x00000000000004cf      0x234 ./Core/Src/fmc.o
 .debug_abbrev  0x0000000000000703      0x146 ./Core/Src/gpio.o
 .debug_abbrev  0x0000000000000849      0x176 ./Core/Src/loop.o
 .debug_abbrev  0x00000000000009bf      0x252 ./Core/Src/main.o
 .debug_abbrev  0x0000000000000c11      0x22b ./Core/Src/sdram.o
 .debug_abbrev  0x0000000000000e3c      0x1e0 ./Core/Src/spi.o
 .debug_abbrev  0x000000000000101c       0xd4 ./Core/Src/stm32f4xx_hal_msp.o
 .debug_abbrev  0x00000000000010f0      0x1e6 ./Core/Src/stm32f4xx_hal_timebase_tim.o
 .debug_abbrev  0x00000000000012d6      0x1ef ./Core/Src/stm32f4xx_it.o
 .debug_abbrev  0x00000000000014c5      0x116 ./Core/Src/system_stm32f4xx.o
 .debug_abbrev  0x00000000000015db      0x1eb ./Core/Src/tim.o
 .debug_abbrev  0x00000000000017c6      0x1e7 ./Core/Src/usart.o
 .debug_abbrev  0x00000000000019ad      0x224 ./Core/Src/usb_otg.o
 .debug_abbrev  0x0000000000001bd1       0x12 ./Core/Startup/startup_stm32f429zitx.o
 .debug_abbrev  0x0000000000001be3      0x20d ./Drivers/STM32F4xx_HAL_Driver/Src/stm32f4xx_hal.o
 .debug_abbrev  0x0000000000001df0      0x316 ./Drivers/STM32F4xx_HAL_Driver/Src/stm32f4xx_hal_cortex.o
 .debug_abbrev  0x0000000000002106      0x19e ./Drivers/STM32F4xx_HAL_Driver/Src/stm32f4xx_hal_crc.o
 .debug_abbrev  0x00000000000022a4      0x25b ./Drivers/STM32F4xx_HAL_Driver/Src/stm32f4xx_hal_dma.o
 .debug_abbrev  0x00000000000024ff      0x1c4 ./Drivers/STM32F4xx_HAL_Driver/Src/stm32f4xx_hal_gpio.o
 .debug_abbrev  0x00000000000026c3      0x27e ./Drivers/STM32F4xx_HAL_Driver/Src/stm32f4xx_hal_hcd.o
 .debug_abbrev  0x0000000000002941      0x2aa ./Drivers/STM32F4xx_HAL_Driver/Src/stm32f4xx_hal_rcc.o
 .debug_abbrev  0x0000000000002beb      0x230 ./Drivers/STM32F4xx_HAL_Driver/Src/stm32f4xx_hal_sdram.o
 .debug_abbrev  0x0000000000002e1b      0x26e ./Drivers/STM32F4xx_HAL_Driver/Src/stm32f4xx_hal_spi.o
 .debug_abbrev  0x0000000000003089      0x25d ./Drivers/STM32F4xx_HAL_Driver/Src/stm32f4xx_hal_tim.o
 .debug_abbrev  0x00000000000032e6      0x265 ./Drivers/STM32F4xx_HAL_Driver/Src/stm32f4xx_hal_tim_ex.o
 .debug_abbrev  0x000000000000354b      0x2f4 ./Drivers/STM32F4xx_HAL_Driver/Src/stm32f4xx_hal_uart.o
 .debug_abbrev  0x000000000000383f      0x196 ./Drivers/STM32F4xx_HAL_Driver/Src/stm32f4xx_ll_fmc.o
 .debug_abbrev  0x00000000000039d5      0x296 ./Drivers/STM32F4xx_HAL_Driver/Src/stm32f4xx_ll_usb.o

.debug_aranges  0x0000000000000000     0x14f0
 .debug_aranges
                0x0000000000000000       0x20 ./Core/Src/ads8343.o
 .debug_aranges
                0x0000000000000020       0x30 ./Core/Src/crc.o
 .debug_aranges
                0x0000000000000050       0x20 ./Core/Src/dac8564.o
 .debug_aranges
                0x0000000000000070       0x40 ./Core/Src/fmc.o
 .debug_aranges
                0x00000000000000b0       0x20 ./Core/Src/gpio.o
 .debug_aranges
                0x00000000000000d0       0x40 ./Core/Src/loop.o
 .debug_aranges
                0x0000000000000110       0x38 ./Core/Src/main.o
 .debug_aranges
                0x0000000000000148       0x70 ./Core/Src/sdram.o
 .debug_aranges
                0x00000000000001b8       0x38 ./Core/Src/spi.o
 .debug_aranges
                0x00000000000001f0       0x20 ./Core/Src/stm32f4xx_hal_msp.o
 .debug_aranges
                0x0000000000000210       0x30 ./Core/Src/stm32f4xx_hal_timebase_tim.o
 .debug_aranges
                0x0000000000000240       0x78 ./Core/Src/stm32f4xx_it.o
 .debug_aranges
                0x00000000000002b8       0x28 ./Core/Src/system_stm32f4xx.o
 .debug_aranges
                0x00000000000002e0       0x38 ./Core/Src/tim.o
 .debug_aranges
                0x0000000000000318       0x30 ./Core/Src/usart.o
 .debug_aranges
                0x0000000000000348       0x30 ./Core/Src/usb_otg.o
 .debug_aranges
                0x0000000000000378       0x28 ./Core/Startup/startup_stm32f429zitx.o
 .debug_aranges
                0x00000000000003a0      0x100 ./Drivers/STM32F4xx_HAL_Driver/Src/stm32f4xx_hal.o
 .debug_aranges
                0x00000000000004a0      0x118 ./Drivers/STM32F4xx_HAL_Driver/Src/stm32f4xx_hal_cortex.o
 .debug_aranges
                0x00000000000005b8       0x50 ./Drivers/STM32F4xx_HAL_Driver/Src/stm32f4xx_hal_crc.o
 .debug_aranges
                0x0000000000000608       0x90 ./Drivers/STM32F4xx_HAL_Driver/Src/stm32f4xx_hal_dma.o
 .debug_aranges
                0x0000000000000698       0x58 ./Drivers/STM32F4xx_HAL_Driver/Src/stm32f4xx_hal_gpio.o
 .debug_aranges
                0x00000000000006f0       0xf8 ./Drivers/STM32F4xx_HAL_Driver/Src/stm32f4xx_hal_hcd.o
 .debug_aranges
                0x00000000000007e8       0x88 ./Drivers/STM32F4xx_HAL_Driver/Src/stm32f4xx_hal_rcc.o
 .debug_aranges
                0x0000000000000870       0xe8 ./Drivers/STM32F4xx_HAL_Driver/Src/stm32f4xx_hal_sdram.o
 .debug_aranges
                0x0000000000000958      0x1d0 ./Drivers/STM32F4xx_HAL_Driver/Src/stm32f4xx_hal_spi.o
 .debug_aranges
                0x0000000000000b28      0x3d0 ./Drivers/STM32F4xx_HAL_Driver/Src/stm32f4xx_hal_tim.o
 .debug_aranges
                0x0000000000000ef8      0x168 ./Drivers/STM32F4xx_HAL_Driver/Src/stm32f4xx_hal_tim_ex.o
 .debug_aranges
                0x0000000000001060      0x200 ./Drivers/STM32F4xx_HAL_Driver/Src/stm32f4xx_hal_uart.o
 .debug_aranges
                0x0000000000001260       0xf0 ./Drivers/STM32F4xx_HAL_Driver/Src/stm32f4xx_ll_fmc.o
 .debug_aranges
                0x0000000000001350      0x1a0 ./Drivers/STM32F4xx_HAL_Driver/Src/stm32f4xx_ll_usb.o

.debug_ranges   0x0000000000000000     0x1338
 .debug_ranges  0x0000000000000000       0x10 ./Core/Src/ads8343.o
 .debug_ranges  0x0000000000000010       0x20 ./Core/Src/crc.o
 .debug_ranges  0x0000000000000030       0x10 ./Core/Src/dac8564.o
 .debug_ranges  0x0000000000000040       0x30 ./Core/Src/fmc.o
 .debug_ranges  0x0000000000000070       0x10 ./Core/Src/gpio.o
 .debug_ranges  0x0000000000000080       0x30 ./Core/Src/loop.o
 .debug_ranges  0x00000000000000b0       0x28 ./Core/Src/main.o
 .debug_ranges  0x00000000000000d8       0x60 ./Core/Src/sdram.o
 .debug_ranges  0x0000000000000138       0x28 ./Core/Src/spi.o
 .debug_ranges  0x0000000000000160       0x10 ./Core/Src/stm32f4xx_hal_msp.o
 .debug_ranges  0x0000000000000170       0x20 ./Core/Src/stm32f4xx_hal_timebase_tim.o
 .debug_ranges  0x0000000000000190       0x68 ./Core/Src/stm32f4xx_it.o
 .debug_ranges  0x00000000000001f8       0x18 ./Core/Src/system_stm32f4xx.o
 .debug_ranges  0x0000000000000210       0x28 ./Core/Src/tim.o
 .debug_ranges  0x0000000000000238       0x20 ./Core/Src/usart.o
 .debug_ranges  0x0000000000000258       0x20 ./Core/Src/usb_otg.o
 .debug_ranges  0x0000000000000278       0x20 ./Core/Startup/startup_stm32f429zitx.o
 .debug_ranges  0x0000000000000298       0xf0 ./Drivers/STM32F4xx_HAL_Driver/Src/stm32f4xx_hal.o
 .debug_ranges  0x0000000000000388      0x108 ./Drivers/STM32F4xx_HAL_Driver/Src/stm32f4xx_hal_cortex.o
 .debug_ranges  0x0000000000000490       0x40 ./Drivers/STM32F4xx_HAL_Driver/Src/stm32f4xx_hal_crc.o
 .debug_ranges  0x00000000000004d0       0x80 ./Drivers/STM32F4xx_HAL_Driver/Src/stm32f4xx_hal_dma.o
 .debug_ranges  0x0000000000000550       0x48 ./Drivers/STM32F4xx_HAL_Driver/Src/stm32f4xx_hal_gpio.o
 .debug_ranges  0x0000000000000598       0xe8 ./Drivers/STM32F4xx_HAL_Driver/Src/stm32f4xx_hal_hcd.o
 .debug_ranges  0x0000000000000680       0x78 ./Drivers/STM32F4xx_HAL_Driver/Src/stm32f4xx_hal_rcc.o
 .debug_ranges  0x00000000000006f8       0xd8 ./Drivers/STM32F4xx_HAL_Driver/Src/stm32f4xx_hal_sdram.o
 .debug_ranges  0x00000000000007d0      0x1c0 ./Drivers/STM32F4xx_HAL_Driver/Src/stm32f4xx_hal_spi.o
 .debug_ranges  0x0000000000000990      0x3c0 ./Drivers/STM32F4xx_HAL_Driver/Src/stm32f4xx_hal_tim.o
 .debug_ranges  0x0000000000000d50      0x158 ./Drivers/STM32F4xx_HAL_Driver/Src/stm32f4xx_hal_tim_ex.o
 .debug_ranges  0x0000000000000ea8      0x220 ./Drivers/STM32F4xx_HAL_Driver/Src/stm32f4xx_hal_uart.o
 .debug_ranges  0x00000000000010c8       0xe0 ./Drivers/STM32F4xx_HAL_Driver/Src/stm32f4xx_ll_fmc.o
 .debug_ranges  0x00000000000011a8      0x190 ./Drivers/STM32F4xx_HAL_Driver/Src/stm32f4xx_ll_usb.o

.debug_macro    0x0000000000000000    0x26bf7
 .debug_macro   0x0000000000000000      0x23c ./Core/Src/ads8343.o
 .debug_macro   0x000000000000023c      0xa78 ./Core/Src/ads8343.o
 .debug_macro   0x0000000000000cb4      0x2b3 ./Core/Src/ads8343.o
 .debug_macro   0x0000000000000f67       0x2e ./Core/Src/ads8343.o
 .debug_macro   0x0000000000000f95       0x28 ./Core/Src/ads8343.o
 .debug_macro   0x0000000000000fbd       0x22 ./Core/Src/ads8343.o
 .debug_macro   0x0000000000000fdf       0x8e ./Core/Src/ads8343.o
 .debug_macro   0x000000000000106d       0x51 ./Core/Src/ads8343.o
 .debug_macro   0x00000000000010be      0x103 ./Core/Src/ads8343.o
 .debug_macro   0x00000000000011c1       0x6a ./Core/Src/ads8343.o
 .debug_macro   0x000000000000122b      0x1df ./Core/Src/ads8343.o
 .debug_macro   0x000000000000140a       0x1c ./Core/Src/ads8343.o
 .debug_macro   0x0000000000001426       0x22 ./Core/Src/ads8343.o
 .debug_macro   0x0000000000001448       0xd9 ./Core/Src/ads8343.o
 .debug_macro   0x0000000000001521     0x102d ./Core/Src/ads8343.o
 .debug_macro   0x000000000000254e      0x11f ./Core/Src/ads8343.o
 .debug_macro   0x000000000000266d    0x17fc0 ./Core/Src/ads8343.o
 .debug_macro   0x000000000001a62d       0x6d ./Core/Src/ads8343.o
 .debug_macro   0x000000000001a69a     0x36f5 ./Core/Src/ads8343.o
 .debug_macro   0x000000000001dd8f      0x174 ./Core/Src/ads8343.o
 .debug_macro   0x000000000001df03       0x5c ./Core/Src/ads8343.o
 .debug_macro   0x000000000001df5f      0xca5 ./Core/Src/ads8343.o
 .debug_macro   0x000000000001ec04      0x9fe ./Core/Src/ads8343.o
 .debug_macro   0x000000000001f602      0x115 ./Core/Src/ads8343.o
 .debug_macro   0x000000000001f717      0x156 ./Core/Src/ads8343.o
 .debug_macro   0x000000000001f86d       0xa5 ./Core/Src/ads8343.o
 .debug_macro   0x000000000001f912      0x182 ./Core/Src/ads8343.o
 .debug_macro   0x000000000001fa94      0x287 ./Core/Src/ads8343.o
 .debug_macro   0x000000000001fd1b       0x5f ./Core/Src/ads8343.o
 .debug_macro   0x000000000001fd7a      0x236 ./Core/Src/ads8343.o
 .debug_macro   0x000000000001ffb0       0x22 ./Core/Src/ads8343.o
 .debug_macro   0x000000000001ffd2      0x132 ./Core/Src/ads8343.o
 .debug_macro   0x0000000000020104      0x41d ./Core/Src/ads8343.o
 .debug_macro   0x0000000000020521       0x2e ./Core/Src/ads8343.o
 .debug_macro   0x000000000002054f      0x556 ./Core/Src/ads8343.o
 .debug_macro   0x0000000000020aa5      0x11a ./Core/Src/ads8343.o
 .debug_macro   0x0000000000020bbf       0xe2 ./Core/Src/ads8343.o
 .debug_macro   0x0000000000020ca1       0x89 ./Core/Src/ads8343.o
 .debug_macro   0x0000000000020d2a      0x225 ./Core/Src/ads8343.o
 .debug_macro   0x0000000000020f4f      0x8e6 ./Core/Src/ads8343.o
 .debug_macro   0x0000000000021835       0x47 ./Core/Src/ads8343.o
 .debug_macro   0x000000000002187c      0x295 ./Core/Src/ads8343.o
 .debug_macro   0x0000000000021b11      0x248 ./Core/Src/ads8343.o
 .debug_macro   0x0000000000021d59       0x7c ./Core/Src/ads8343.o
 .debug_macro   0x0000000000021dd5      0x134 ./Core/Src/ads8343.o
 .debug_macro   0x0000000000021f09      0x466 ./Core/Src/ads8343.o
 .debug_macro   0x000000000002236f       0x22 ./Core/Src/ads8343.o
 .debug_macro   0x0000000000022391      0x22f ./Core/Src/crc.o
 .debug_macro   0x00000000000225c0      0x23c ./Core/Src/dac8564.o
 .debug_macro   0x00000000000227fc       0x22 ./Core/Src/dac8564.o
 .debug_macro   0x000000000002281e      0x22f ./Core/Src/fmc.o
 .debug_macro   0x0000000000022a4d      0x22f ./Core/Src/gpio.o
 .debug_macro   0x0000000000022c7c      0x32d ./Core/Src/loop.o
 .debug_macro   0x0000000000022fa9       0x16 ./Core/Src/loop.o
 .debug_macro   0x0000000000022fbf       0x22 ./Core/Src/loop.o
 .debug_macro   0x0000000000022fe1       0x1e ./Core/Src/loop.o
 .debug_macro   0x0000000000022fff       0x52 ./Core/Src/loop.o
 .debug_macro   0x0000000000023051       0x3c ./Core/Src/loop.o
 .debug_macro   0x000000000002308d       0x34 ./Core/Src/loop.o
 .debug_macro   0x00000000000230c1       0x16 ./Core/Src/loop.o
 .debug_macro   0x00000000000230d7       0x35 ./Core/Src/loop.o
 .debug_macro   0x000000000002310c       0x16 ./Core/Src/loop.o
 .debug_macro   0x0000000000023122       0x43 ./Core/Src/loop.o
 .debug_macro   0x0000000000023165       0x34 ./Core/Src/loop.o
 .debug_macro   0x0000000000023199       0x10 ./Core/Src/loop.o
 .debug_macro   0x00000000000231a9       0x58 ./Core/Src/loop.o
 .debug_macro   0x0000000000023201       0x71 ./Core/Src/loop.o
 .debug_macro   0x0000000000023272       0x1c ./Core/Src/loop.o
 .debug_macro   0x000000000002328e      0x12a ./Core/Src/loop.o
 .debug_macro   0x00000000000233b8      0x341 ./Core/Src/loop.o
 .debug_macro   0x00000000000236f9       0x16 ./Core/Src/loop.o
 .debug_macro   0x000000000002370f       0x29 ./Core/Src/loop.o
 .debug_macro   0x0000000000023738      0x28a ./Core/Src/main.o
 .debug_macro   0x00000000000239c2       0x9a ./Core/Src/main.o
 .debug_macro   0x0000000000023a5c      0x238 ./Core/Src/sdram.o
 .debug_macro   0x0000000000023c94      0x22f ./Core/Src/spi.o
 .debug_macro   0x0000000000023ec3      0x225 ./Core/Src/stm32f4xx_hal_msp.o
 .debug_macro   0x00000000000240e8      0x216 ./Core/Src/stm32f4xx_hal_timebase_tim.o
 .debug_macro   0x00000000000242fe      0x238 ./Core/Src/stm32f4xx_it.o
 .debug_macro   0x0000000000024536      0x216 ./Core/Src/system_stm32f4xx.o
 .debug_macro   0x000000000002474c      0x22f ./Core/Src/tim.o
 .debug_macro   0x000000000002497b      0x22f ./Core/Src/usart.o
 .debug_macro   0x0000000000024baa      0x22f ./Core/Src/usb_otg.o
 .debug_macro   0x0000000000024dd9      0x276 ./Drivers/STM32F4xx_HAL_Driver/Src/stm32f4xx_hal.o
 .debug_macro   0x000000000002504f      0x216 ./Drivers/STM32F4xx_HAL_Driver/Src/stm32f4xx_hal_cortex.o
 .debug_macro   0x0000000000025265      0x216 ./Drivers/STM32F4xx_HAL_Driver/Src/stm32f4xx_hal_crc.o
 .debug_macro   0x000000000002547b      0x21c ./Drivers/STM32F4xx_HAL_Driver/Src/stm32f4xx_hal_dma.o
 .debug_macro   0x0000000000025697      0x21c ./Drivers/STM32F4xx_HAL_Driver/Src/stm32f4xx_hal_gpio.o
 .debug_macro   0x00000000000258b3      0x216 ./Drivers/STM32F4xx_HAL_Driver/Src/stm32f4xx_hal_hcd.o
 .debug_macro   0x0000000000025ac9      0x23a ./Drivers/STM32F4xx_HAL_Driver/Src/stm32f4xx_hal_rcc.o
 .debug_macro   0x0000000000025d03      0x216 ./Drivers/STM32F4xx_HAL_Driver/Src/stm32f4xx_hal_sdram.o
 .debug_macro   0x0000000000025f19      0x225 ./Drivers/STM32F4xx_HAL_Driver/Src/stm32f4xx_hal_spi.o
 .debug_macro   0x000000000002613e      0x217 ./Drivers/STM32F4xx_HAL_Driver/Src/stm32f4xx_hal_tim.o
 .debug_macro   0x0000000000026355      0x216 ./Drivers/STM32F4xx_HAL_Driver/Src/stm32f4xx_hal_tim_ex.o
 .debug_macro   0x000000000002656b      0x217 ./Drivers/STM32F4xx_HAL_Driver/Src/stm32f4xx_hal_uart.o
 .debug_macro   0x0000000000026782      0x25f ./Drivers/STM32F4xx_HAL_Driver/Src/stm32f4xx_ll_fmc.o
 .debug_macro   0x00000000000269e1      0x216 ./Drivers/STM32F4xx_HAL_Driver/Src/stm32f4xx_ll_usb.o

.debug_line     0x0000000000000000    0x1ab68
 .debug_line    0x0000000000000000      0x788 ./Core/Src/ads8343.o
 .debug_line    0x0000000000000788      0x785 ./Core/Src/crc.o
 .debug_line    0x0000000000000f0d      0x76d ./Core/Src/dac8564.o
 .debug_line    0x000000000000167a      0x871 ./Core/Src/fmc.o
 .debug_line    0x0000000000001eeb      0x830 ./Core/Src/gpio.o
 .debug_line    0x000000000000271b      0xa49 ./Core/Src/loop.o
 .debug_line    0x0000000000003164      0x89c ./Core/Src/main.o
 .debug_line    0x0000000000003a00      0x8d5 ./Core/Src/sdram.o
 .debug_line    0x00000000000042d5      0x841 ./Core/Src/spi.o
 .debug_line    0x0000000000004b16      0x749 ./Core/Src/stm32f4xx_hal_msp.o
 .debug_line    0x000000000000525f      0x7c5 ./Core/Src/stm32f4xx_hal_timebase_tim.o
 .debug_line    0x0000000000005a24      0x85a ./Core/Src/stm32f4xx_it.o
 .debug_line    0x000000000000627e      0x7cb ./Core/Src/system_stm32f4xx.o
 .debug_line    0x0000000000006a49      0x817 ./Core/Src/tim.o
 .debug_line    0x0000000000007260      0x7b3 ./Core/Src/usart.o
 .debug_line    0x0000000000007a13      0x7c3 ./Core/Src/usb_otg.o
 .debug_line    0x00000000000081d6       0x88 ./Core/Startup/startup_stm32f429zitx.o
 .debug_line    0x000000000000825e      0xa67 ./Drivers/STM32F4xx_HAL_Driver/Src/stm32f4xx_hal.o
 .debug_line    0x0000000000008cc5      0xce0 ./Drivers/STM32F4xx_HAL_Driver/Src/stm32f4xx_hal_cortex.o
 .debug_line    0x00000000000099a5      0x890 ./Drivers/STM32F4xx_HAL_Driver/Src/stm32f4xx_hal_crc.o
 .debug_line    0x000000000000a235      0xf95 ./Drivers/STM32F4xx_HAL_Driver/Src/stm32f4xx_hal_dma.o
 .debug_line    0x000000000000b1ca      0xbcd ./Drivers/STM32F4xx_HAL_Driver/Src/stm32f4xx_hal_gpio.o
 .debug_line    0x000000000000bd97     0x122e ./Drivers/STM32F4xx_HAL_Driver/Src/stm32f4xx_hal_hcd.o
 .debug_line    0x000000000000cfc5      0xdad ./Drivers/STM32F4xx_HAL_Driver/Src/stm32f4xx_hal_rcc.o
 .debug_line    0x000000000000dd72      0xe31 ./Drivers/STM32F4xx_HAL_Driver/Src/stm32f4xx_hal_sdram.o
 .debug_line    0x000000000000eba3     0x1cbb ./Drivers/STM32F4xx_HAL_Driver/Src/stm32f4xx_hal_spi.o
 .debug_line    0x000000000001085e     0x3725 ./Drivers/STM32F4xx_HAL_Driver/Src/stm32f4xx_hal_tim.o
 .debug_line    0x0000000000013f83     0x1a2e ./Drivers/STM32F4xx_HAL_Driver/Src/stm32f4xx_hal_tim_ex.o
 .debug_line    0x00000000000159b1     0x2ad6 ./Drivers/STM32F4xx_HAL_Driver/Src/stm32f4xx_hal_uart.o
 .debug_line    0x0000000000018487      0xbf3 ./Drivers/STM32F4xx_HAL_Driver/Src/stm32f4xx_ll_fmc.o
 .debug_line    0x000000000001907a     0x1aee ./Drivers/STM32F4xx_HAL_Driver/Src/stm32f4xx_ll_usb.o

.debug_str      0x0000000000000000    0xe2812
 .debug_str     0x0000000000000000    0xd9258 ./Core/Src/ads8343.o
                                      0xd957a (size before relaxing)
 .debug_str     0x00000000000d9258      0x21e ./Core/Src/crc.o
                                      0xd926d (size before relaxing)
 .debug_str     0x00000000000d9476       0x94 ./Core/Src/dac8564.o
                                      0xd956a (size before relaxing)
 .debug_str     0x00000000000d950a      0x30b ./Core/Src/fmc.o
                                      0xd96d5 (size before relaxing)
 .debug_str     0x00000000000d9815       0x2c ./Core/Src/gpio.o
                                      0xd91cf (size before relaxing)
 .debug_str     0x00000000000d9841     0x301e ./Core/Src/loop.o
                                      0xdc104 (size before relaxing)
 .debug_str     0x00000000000dc85f      0x8f5 ./Core/Src/main.o
                                      0xd9e0d (size before relaxing)
 .debug_str     0x00000000000dd154      0x7e7 ./Core/Src/sdram.o
                                      0xda28b (size before relaxing)
 .debug_str     0x00000000000dd93b       0x51 ./Core/Src/spi.o
                                      0xd965c (size before relaxing)
 .debug_str     0x00000000000dd98c       0x2c ./Core/Src/stm32f4xx_hal_msp.o
                                      0xd90f2 (size before relaxing)
 .debug_str     0x00000000000dd9b8       0xf1 ./Core/Src/stm32f4xx_hal_timebase_tim.o
                                      0xd8ef8 (size before relaxing)
 .debug_str     0x00000000000ddaa9      0x4c7 ./Core/Src/stm32f4xx_it.o
                                      0xd9a1c (size before relaxing)
 .debug_str     0x00000000000ddf70       0xdb ./Core/Src/system_stm32f4xx.o
                                      0xd839d (size before relaxing)
 .debug_str     0x00000000000de04b      0x144 ./Core/Src/tim.o
                                      0xd9d40 (size before relaxing)
 .debug_str     0x00000000000de18f      0x1c8 ./Core/Src/usart.o
                                      0xd9652 (size before relaxing)
 .debug_str     0x00000000000de357       0x4f ./Core/Src/usb_otg.o
                                      0xd9be4 (size before relaxing)
 .debug_str     0x00000000000de3a6       0x36 ./Core/Startup/startup_stm32f429zitx.o
                                         0x68 (size before relaxing)
 .debug_str     0x00000000000de3dc      0x5fa ./Drivers/STM32F4xx_HAL_Driver/Src/stm32f4xx_hal.o
                                      0xd8fc0 (size before relaxing)
 .debug_str     0x00000000000de9d6      0x326 ./Drivers/STM32F4xx_HAL_Driver/Src/stm32f4xx_hal_cortex.o
                                      0xd8ca5 (size before relaxing)
 .debug_str     0x00000000000decfc       0x9d ./Drivers/STM32F4xx_HAL_Driver/Src/stm32f4xx_hal_crc.o
                                      0xd83b8 (size before relaxing)
 .debug_str     0x00000000000ded99      0x2e6 ./Drivers/STM32F4xx_HAL_Driver/Src/stm32f4xx_hal_dma.o
                                      0xd87a4 (size before relaxing)
 .debug_str     0x00000000000df07f      0x11c ./Drivers/STM32F4xx_HAL_Driver/Src/stm32f4xx_hal_gpio.o
                                      0xd8518 (size before relaxing)
 .debug_str     0x00000000000df19b      0x51d ./Drivers/STM32F4xx_HAL_Driver/Src/stm32f4xx_hal_hcd.o
                                      0xd8b67 (size before relaxing)
 .debug_str     0x00000000000df6b8      0x1fd ./Drivers/STM32F4xx_HAL_Driver/Src/stm32f4xx_hal_rcc.o
                                      0xd87d1 (size before relaxing)
 .debug_str     0x00000000000df8b5      0x2b9 ./Drivers/STM32F4xx_HAL_Driver/Src/stm32f4xx_hal_sdram.o
                                      0xd8abd (size before relaxing)
 .debug_str     0x00000000000dfb6e      0x543 ./Drivers/STM32F4xx_HAL_Driver/Src/stm32f4xx_hal_spi.o
                                      0xd8c4e (size before relaxing)
 .debug_str     0x00000000000e00b1      0xd93 ./Drivers/STM32F4xx_HAL_Driver/Src/stm32f4xx_hal_tim.o
                                      0xd9704 (size before relaxing)
 .debug_str     0x00000000000e0e44      0x493 ./Drivers/STM32F4xx_HAL_Driver/Src/stm32f4xx_hal_tim_ex.o
                                      0xd8f20 (size before relaxing)
 .debug_str     0x00000000000e12d7      0x5e8 ./Drivers/STM32F4xx_HAL_Driver/Src/stm32f4xx_hal_uart.o
                                      0xd8d5d (size before relaxing)
 .debug_str     0x00000000000e18bf      0xa38 ./Drivers/STM32F4xx_HAL_Driver/Src/stm32f4xx_ll_fmc.o
                                      0xd8f87 (size before relaxing)
 .debug_str     0x00000000000e22f7      0x51b ./Drivers/STM32F4xx_HAL_Driver/Src/stm32f4xx_ll_usb.o
                                      0xd8cb4 (size before relaxing)

.comment        0x0000000000000000       0x50
 .comment       0x0000000000000000       0x50 ./Core/Src/ads8343.o
                                         0x51 (size before relaxing)
 .comment       0x0000000000000050       0x51 ./Core/Src/crc.o
 .comment       0x0000000000000050       0x51 ./Core/Src/dac8564.o
 .comment       0x0000000000000050       0x51 ./Core/Src/fmc.o
 .comment       0x0000000000000050       0x51 ./Core/Src/gpio.o
 .comment       0x0000000000000050       0x51 ./Core/Src/loop.o
 .comment       0x0000000000000050       0x51 ./Core/Src/main.o
 .comment       0x0000000000000050       0x51 ./Core/Src/sdram.o
 .comment       0x0000000000000050       0x51 ./Core/Src/spi.o
 .comment       0x0000000000000050       0x51 ./Core/Src/stm32f4xx_hal_msp.o
 .comment       0x0000000000000050       0x51 ./Core/Src/stm32f4xx_hal_timebase_tim.o
 .comment       0x0000000000000050       0x51 ./Core/Src/stm32f4xx_it.o
 .comment       0x0000000000000050       0x51 ./Core/Src/system_stm32f4xx.o
 .comment       0x0000000000000050       0x51 ./Core/Src/tim.o
 .comment       0x0000000000000050       0x51 ./Core/Src/usart.o
 .comment       0x0000000000000050       0x51 ./Core/Src/usb_otg.o
 .comment       0x0000000000000050       0x51 ./Drivers/STM32F4xx_HAL_Driver/Src/stm32f4xx_hal.o
 .comment       0x0000000000000050       0x51 ./Drivers/STM32F4xx_HAL_Driver/Src/stm32f4xx_hal_cortex.o
 .comment       0x0000000000000050       0x51 ./Drivers/STM32F4xx_HAL_Driver/Src/stm32f4xx_hal_crc.o
 .comment       0x0000000000000050       0x51 ./Drivers/STM32F4xx_HAL_Driver/Src/stm32f4xx_hal_dma.o
 .comment       0x0000000000000050       0x51 ./Drivers/STM32F4xx_HAL_Driver/Src/stm32f4xx_hal_gpio.o
 .comment       0x0000000000000050       0x51 ./Drivers/STM32F4xx_HAL_Driver/Src/stm32f4xx_hal_hcd.o
 .comment       0x0000000000000050       0x51 ./Drivers/STM32F4xx_HAL_Driver/Src/stm32f4xx_hal_rcc.o
 .comment       0x0000000000000050       0x51 ./Drivers/STM32F4xx_HAL_Driver/Src/stm32f4xx_hal_sdram.o
 .comment       0x0000000000000050       0x51 ./Drivers/STM32F4xx_HAL_Driver/Src/stm32f4xx_hal_spi.o
 .comment       0x0000000000000050       0x51 ./Drivers/STM32F4xx_HAL_Driver/Src/stm32f4xx_hal_tim.o
 .comment       0x0000000000000050       0x51 ./Drivers/STM32F4xx_HAL_Driver/Src/stm32f4xx_hal_tim_ex.o
 .comment       0x0000000000000050       0x51 ./Drivers/STM32F4xx_HAL_Driver/Src/stm32f4xx_hal_uart.o
 .comment       0x0000000000000050       0x51 ./Drivers/STM32F4xx_HAL_Driver/Src/stm32f4xx_ll_fmc.o
 .comment       0x0000000000000050       0x51 ./Drivers/STM32F4xx_HAL_Driver/Src/stm32f4xx_ll_usb.o

.debug_frame    0x0000000000000000     0x565c
 .debug_frame   0x0000000000000000       0x38 ./Core/Src/ads8343.o
 .debug_frame   0x0000000000000038       0x7c ./Core/Src/crc.o
 .debug_frame   0x00000000000000b4       0x34 ./Core/Src/dac8564.o
 .debug_frame   0x00000000000000e8       0xbc ./Core/Src/fmc.o
 .debug_frame   0x00000000000001a4       0x38 ./Core/Src/gpio.o
 .debug_frame   0x00000000000001dc       0xc4 ./Core/Src/loop.o
 .debug_frame   0x00000000000002a0       0x8c ./Core/Src/main.o
 .debug_frame   0x000000000000032c      0x18c ./Core/Src/sdram.o
 .debug_frame   0x00000000000004b8       0x90 ./Core/Src/spi.o
 .debug_frame   0x0000000000000548       0x38 ./Core/Src/stm32f4xx_hal_msp.o
 .debug_frame   0x0000000000000580       0x74 ./Core/Src/stm32f4xx_hal_timebase_tim.o
 .debug_frame   0x00000000000005f4      0x15c ./Core/Src/stm32f4xx_it.o
 .debug_frame   0x0000000000000750       0x58 ./Core/Src/system_stm32f4xx.o
 .debug_frame   0x00000000000007a8       0xa0 ./Core/Src/tim.o
 .debug_frame   0x0000000000000848       0x74 ./Core/Src/usart.o
 .debug_frame   0x00000000000008bc       0x74 ./Core/Src/usb_otg.o
 .debug_frame   0x0000000000000930      0x3b4 ./Drivers/STM32F4xx_HAL_Driver/Src/stm32f4xx_hal.o
 .debug_frame   0x0000000000000ce4      0x498 ./Drivers/STM32F4xx_HAL_Driver/Src/stm32f4xx_hal_cortex.o
 .debug_frame   0x000000000000117c      0x120 ./Drivers/STM32F4xx_HAL_Driver/Src/stm32f4xx_hal_crc.o
 .debug_frame   0x000000000000129c      0x250 ./Drivers/STM32F4xx_HAL_Driver/Src/stm32f4xx_hal_dma.o
 .debug_frame   0x00000000000014ec      0x14c ./Drivers/STM32F4xx_HAL_Driver/Src/stm32f4xx_hal_gpio.o
 .debug_frame   0x0000000000001638      0x450 ./Drivers/STM32F4xx_HAL_Driver/Src/stm32f4xx_hal_hcd.o
 .debug_frame   0x0000000000001a88      0x1f4 ./Drivers/STM32F4xx_HAL_Driver/Src/stm32f4xx_hal_rcc.o
 .debug_frame   0x0000000000001c7c      0x3e8 ./Drivers/STM32F4xx_HAL_Driver/Src/stm32f4xx_hal_sdram.o
 .debug_frame   0x0000000000002064      0x824 ./Drivers/STM32F4xx_HAL_Driver/Src/stm32f4xx_hal_spi.o
 .debug_frame   0x0000000000002888     0x11c4 ./Drivers/STM32F4xx_HAL_Driver/Src/stm32f4xx_hal_tim.o
 .debug_frame   0x0000000000003a4c      0x638 ./Drivers/STM32F4xx_HAL_Driver/Src/stm32f4xx_hal_tim_ex.o
 .debug_frame   0x0000000000004084      0x92c ./Drivers/STM32F4xx_HAL_Driver/Src/stm32f4xx_hal_uart.o
 .debug_frame   0x00000000000049b0      0x440 ./Drivers/STM32F4xx_HAL_Driver/Src/stm32f4xx_ll_fmc.o
 .debug_frame   0x0000000000004df0      0x7c0 ./Drivers/STM32F4xx_HAL_Driver/Src/stm32f4xx_ll_usb.o
 .debug_frame   0x00000000000055b0       0x2c d:/st/stm32cubeide_1.5.1/stm32cubeide/plugins/com.st.stm32cube.ide.mcu.externaltools.gnu-tools-for-stm32.10.3-2021.10.win32_1.0.200.202301161003/tools/bin/../lib/gcc/arm-none-eabi/10.3.1/../../../../arm-none-eabi/lib/thumb/v7e-m+fp/hard\libc_nano.a(lib_a-init.o)
 .debug_frame   0x00000000000055dc       0x20 d:/st/stm32cubeide_1.5.1/stm32cubeide/plugins/com.st.stm32cube.ide.mcu.externaltools.gnu-tools-for-stm32.10.3-2021.10.win32_1.0.200.202301161003/tools/bin/../lib/gcc/arm-none-eabi/10.3.1/../../../../arm-none-eabi/lib/thumb/v7e-m+fp/hard\libc_nano.a(lib_a-memset.o)
 .debug_frame   0x00000000000055fc       0x2c d:/st/stm32cubeide_1.5.1/stm32cubeide/plugins/com.st.stm32cube.ide.mcu.externaltools.gnu-tools-for-stm32.10.3-2021.10.win32_1.0.200.202301161003/tools/bin/../lib/gcc/arm-none-eabi/10.3.1/thumb/v7e-m+fp/hard\libgcc.a(_aeabi_uldivmod.o)
 .debug_frame   0x0000000000005628       0x34 d:/st/stm32cubeide_1.5.1/stm32cubeide/plugins/com.st.stm32cube.ide.mcu.externaltools.gnu-tools-for-stm32.10.3-2021.10.win32_1.0.200.202301161003/tools/bin/../lib/gcc/arm-none-eabi/10.3.1/thumb/v7e-m+fp/hard\libgcc.a(_udivmoddi4.o)
