Archive member included to satisfy reference by file (symbol)

c:/ac6/systemworkbench/plugins/fr.ac6.mcu.externaltools.arm-none.win32_1.12.0.201611241417/tools/compiler/bin/../lib/gcc/arm-none-eabi/5.4.1/../../../../arm-none-eabi/lib/armv7e-m/fpu\libc_nano.a(lib_a-exit.o)
                              c:/ac6/systemworkbench/plugins/fr.ac6.mcu.externaltools.arm-none.win32_1.12.0.201611241417/tools/compiler/bin/../lib/gcc/arm-none-eabi/5.4.1/../../../../arm-none-eabi/lib/armv7e-m/fpu/crt0.o (exit)
c:/ac6/systemworkbench/plugins/fr.ac6.mcu.externaltools.arm-none.win32_1.12.0.201611241417/tools/compiler/bin/../lib/gcc/arm-none-eabi/5.4.1/../../../../arm-none-eabi/lib/armv7e-m/fpu\libc_nano.a(lib_a-impure.o)
                              c:/ac6/systemworkbench/plugins/fr.ac6.mcu.externaltools.arm-none.win32_1.12.0.201611241417/tools/compiler/bin/../lib/gcc/arm-none-eabi/5.4.1/../../../../arm-none-eabi/lib/armv7e-m/fpu\libc_nano.a(lib_a-exit.o) (_global_impure_ptr)
c:/ac6/systemworkbench/plugins/fr.ac6.mcu.externaltools.arm-none.win32_1.12.0.201611241417/tools/compiler/bin/../lib/gcc/arm-none-eabi/5.4.1/../../../../arm-none-eabi/lib/armv7e-m/fpu\libc_nano.a(lib_a-init.o)
                              c:/ac6/systemworkbench/plugins/fr.ac6.mcu.externaltools.arm-none.win32_1.12.0.201611241417/tools/compiler/bin/../lib/gcc/arm-none-eabi/5.4.1/../../../../arm-none-eabi/lib/armv7e-m/fpu/crt0.o (__libc_init_array)
c:/ac6/systemworkbench/plugins/fr.ac6.mcu.externaltools.arm-none.win32_1.12.0.201611241417/tools/compiler/bin/../lib/gcc/arm-none-eabi/5.4.1/../../../../arm-none-eabi/lib/armv7e-m/fpu\libc_nano.a(lib_a-memset.o)
                              c:/ac6/systemworkbench/plugins/fr.ac6.mcu.externaltools.arm-none.win32_1.12.0.201611241417/tools/compiler/bin/../lib/gcc/arm-none-eabi/5.4.1/../../../../arm-none-eabi/lib/armv7e-m/fpu/crt0.o (memset)
c:/ac6/systemworkbench/plugins/fr.ac6.mcu.externaltools.arm-none.win32_1.12.0.201611241417/tools/compiler/bin/../lib/gcc/arm-none-eabi/5.4.1/../../../../arm-none-eabi/lib/armv7e-m/fpu\libnosys.a(_exit.o)
                              c:/ac6/systemworkbench/plugins/fr.ac6.mcu.externaltools.arm-none.win32_1.12.0.201611241417/tools/compiler/bin/../lib/gcc/arm-none-eabi/5.4.1/../../../../arm-none-eabi/lib/armv7e-m/fpu\libc_nano.a(lib_a-exit.o) (_exit)

Allocating common symbols
Common symbol       size              file

wrptr               0x4               Application/User/audio.o
retSD               0x1               Application/User/fatfs.o
hspi2               0x58              Application/User/spi.o
htim4               0x3c              Application/User/tim.o
snareFile           0x22c             Application/User/drums.o
tomlo               0x177e            Application/User/drums.o
drumsample          0x2               Application/User/audio.o
kickFile            0x22c             Application/User/drums.o
tomloFile           0x22c             Application/User/drums.o
audioBufferIndex    0x4               Application/User/audio.o
kick                0xfe2             Application/User/drums.o
oldsample           0x4               Application/User/audio.o
newsampledebug      0x2               Application/User/audio.o
uwTick              0x4               Drivers/STM32F4xx_HAL_Driver/stm32f4xx_hal.o
write_buffer_2      0x1000            Application/User/audio.o
hdma_adc3           0x60              Application/User/adc.o
pFlash              0x20              Drivers/STM32F4xx_HAL_Driver/stm32f4xx_hal_flash.o
htim3               0x3c              Application/User/tim.o
rdptr               0x4               Application/User/audio.o
CurrentBytes        0x4               Application/User/audio.o
hsdram2             0x34              Application/User/fmc.o
SDCardInfo          0x58              Application/User/sdio.o
CurrentSize         0x4               Application/User/audio.o
readADC             0x4               Application/User/audio.o
read_buffer_1       0x1000            Application/User/audio.o
hadc3               0x48              Application/User/adc.o
ads1256data         0x4               Application/User/audio.o
tomhiFile           0x22c             Application/User/drums.o
hdac                0x14              Application/User/dac.o
lower               0x2               Application/User/audio.o
tomhi               0x17b0            Application/User/drums.o
taptone_buffer      0xc8              Application/User/main.o
SD_Path             0x4               Application/User/fatfs.o
newsample           0x2               Application/User/audio.o
crash               0x23e2            Application/User/drums.o
drumset             0x1               Application/User/drums.o
upperlower          0x4               Application/User/audio.o
Directory           0x220             Application/User/drums.o
write_buffer_1      0x1000            Application/User/audio.o
hsd                 0x60              Application/User/sdio.o
[...]
Memory Configuration

Name             Origin             Length             Attributes
RAM              0x20000000         0x00030000         xrw
CCMRAM           0x10000000         0x00010000         rw
FLASH            0x08000000         0x00200000         xr
*default*        0x00000000         0xffffffff

Linker script and memory map

LOAD c:/ac6/systemworkbench/plugins/fr.ac6.mcu.externaltools.arm-none.win32_1.12.0.201611241417/tools/compiler/bin/../lib/gcc/arm-none-eabi/5.4.1/armv7e-m/fpu/crti.o
LOAD c:/ac6/systemworkbench/plugins/fr.ac6.mcu.externaltools.arm-none.win32_1.12.0.201611241417/tools/compiler/bin/../lib/gcc/arm-none-eabi/5.4.1/armv7e-m/fpu/crtbegin.o
LOAD c:/ac6/systemworkbench/plugins/fr.ac6.mcu.externaltools.arm-none.win32_1.12.0.201611241417/tools/compiler/bin/../lib/gcc/arm-none-eabi/5.4.1/../../../../arm-none-eabi/lib/armv7e-m/fpu/crt0.o
LOAD c:/ac6/systemworkbench/plugins/fr.ac6.mcu.externaltools.arm-none.win32_1.12.0.201611241417/tools/compiler/bin/../lib/gcc/arm-none-eabi/5.4.1/../../../../arm-none-eabi/lib/armv7e-m/fpu\libm.a
LOAD Application/SW4STM32/startup_stm32f429xx.o
LOAD Application/User/adc.o
LOAD Application/User/audio.o
LOAD Application/User/bsp_driver_sd.o
LOAD Application/User/dac.o
LOAD Application/User/dma.o
LOAD Application/User/drums.o
LOAD Application/User/fatfs.o
LOAD Application/User/fmc.o
LOAD Application/User/gpio.o
LOAD Application/User/keyboard.o
LOAD Application/User/main.o
LOAD Application/User/sdio.o
LOAD Application/User/spi.o
LOAD Application/User/stm32f429i_discovery.o
LOAD Application/User/stm32f429i_discovery_sdram.o
LOAD Application/User/stm32f4xx_hal_msp.o
LOAD Application/User/stm32f4xx_it.o
LOAD Application/User/tim.o
LOAD Drivers/CMSIS/system_stm32f4xx.o
LOAD Drivers/STM32F4xx_HAL_Driver/stm32f4xx_hal.o
LOAD Drivers/STM32F4xx_HAL_Driver/stm32f4xx_hal_adc.o
LOAD Drivers/STM32F4xx_HAL_Driver/stm32f4xx_hal_adc_ex.o
LOAD Drivers/STM32F4xx_HAL_Driver/stm32f4xx_hal_cortex.o
LOAD Drivers/STM32F4xx_HAL_Driver/stm32f4xx_hal_dac.o
LOAD Drivers/STM32F4xx_HAL_Driver/stm32f4xx_hal_dac_ex.o
LOAD Drivers/STM32F4xx_HAL_Driver/stm32f4xx_hal_dma.o
LOAD Drivers/STM32F4xx_HAL_Driver/stm32f4xx_hal_dma_ex.o
LOAD Drivers/STM32F4xx_HAL_Driver/stm32f4xx_hal_flash.o
LOAD Drivers/STM32F4xx_HAL_Driver/stm32f4xx_hal_flash_ex.o
LOAD Drivers/STM32F4xx_HAL_Driver/stm32f4xx_hal_flash_ramfunc.o
LOAD Drivers/STM32F4xx_HAL_Driver/stm32f4xx_hal_gpio.o
LOAD Drivers/STM32F4xx_HAL_Driver/stm32f4xx_hal_pwr.o
LOAD Drivers/STM32F4xx_HAL_Driver/stm32f4xx_hal_pwr_ex.o
LOAD Drivers/STM32F4xx_HAL_Driver/stm32f4xx_hal_rcc.o
LOAD Drivers/STM32F4xx_HAL_Driver/stm32f4xx_hal_rcc_ex.o
LOAD Drivers/STM32F4xx_HAL_Driver/stm32f4xx_hal_sd.o
LOAD Drivers/STM32F4xx_HAL_Driver/stm32f4xx_hal_sdram.o
LOAD Drivers/STM32F4xx_HAL_Driver/stm32f4xx_hal_spi.o
LOAD Drivers/STM32F4xx_HAL_Driver/stm32f4xx_hal_tim.o
LOAD Drivers/STM32F4xx_HAL_Driver/stm32f4xx_hal_tim_ex.o
LOAD Drivers/STM32F4xx_HAL_Driver/stm32f4xx_ll_fmc.o
LOAD Drivers/STM32F4xx_HAL_Driver/stm32f4xx_ll_sdmmc.o
LOAD Middlewares/FatFs/diskio.o
LOAD Middlewares/FatFs/ff.o
LOAD Middlewares/FatFs/ff_gen_drv.o
LOAD Middlewares/FatFs/sd_diskio.o
LOAD Middlewares/FatFs/syscall.o
START GROUP
LOAD c:/ac6/systemworkbench/plugins/fr.ac6.mcu.externaltools.arm-none.win32_1.12.0.201611241417/tools/compiler/bin/../lib/gcc/arm-none-eabi/5.4.1/armv7e-m/fpu\libgcc.a
LOAD c:/ac6/systemworkbench/plugins/fr.ac6.mcu.externaltools.arm-none.win32_1.12.0.201611241417/tools/compiler/bin/../lib/gcc/arm-none-eabi/5.4.1/../../../../arm-none-eabi/lib/armv7e-m/fpu\libc_nano.a
END GROUP
START GROUP
LOAD c:/ac6/systemworkbench/plugins/fr.ac6.mcu.externaltools.arm-none.win32_1.12.0.201611241417/tools/compiler/bin/../lib/gcc/arm-none-eabi/5.4.1/armv7e-m/fpu\libgcc.a
LOAD c:/ac6/systemworkbench/plugins/fr.ac6.mcu.externaltools.arm-none.win32_1.12.0.201611241417/tools/compiler/bin/../lib/gcc/arm-none-eabi/5.4.1/../../../../arm-none-eabi/lib/armv7e-m/fpu\libc_nano.a
LOAD c:/ac6/systemworkbench/plugins/fr.ac6.mcu.externaltools.arm-none.win32_1.12.0.201611241417/tools/compiler/bin/../lib/gcc/arm-none-eabi/5.4.1/../../../../arm-none-eabi/lib/armv7e-m/fpu\libnosys.a
END GROUP
START GROUP
LOAD c:/ac6/systemworkbench/plugins/fr.ac6.mcu.externaltools.arm-none.win32_1.12.0.201611241417/tools/compiler/bin/../lib/gcc/arm-none-eabi/5.4.1/armv7e-m/fpu\libgcc.a
LOAD c:/ac6/systemworkbench/plugins/fr.ac6.mcu.externaltools.arm-none.win32_1.12.0.201611241417/tools/compiler/bin/../lib/gcc/arm-none-eabi/5.4.1/../../../../arm-none-eabi/lib/armv7e-m/fpu\libc_nano.a
LOAD c:/ac6/systemworkbench/plugins/fr.ac6.mcu.externaltools.arm-none.win32_1.12.0.201611241417/tools/compiler/bin/../lib/gcc/arm-none-eabi/5.4.1/../../../../arm-none-eabi/lib/armv7e-m/fpu\libnosys.a
END GROUP
LOAD c:/ac6/systemworkbench/plugins/fr.ac6.mcu.externaltools.arm-none.win32_1.12.0.201611241417/tools/compiler/bin/../lib/gcc/arm-none-eabi/5.4.1/armv7e-m/fpu/crtend.o
LOAD c:/ac6/systemworkbench/plugins/fr.ac6.mcu.externaltools.arm-none.win32_1.12.0.201611241417/tools/compiler/bin/../lib/gcc/arm-none-eabi/5.4.1/armv7e-m/fpu/crtn.o
                0x20030000                _estack = 0x20030000
                0x00000200                _Min_Heap_Size = 0x200
                0x00000400                _Min_Stack_Size = 0x400

.isr_vector     0x08000000      0x1ac
                0x08000000                . = ALIGN (0x4)
 *(.isr_vector)
 .isr_vector    0x08000000      0x1ac Application/SW4STM32/startup_stm32f429xx.o
                0x08000000                g_pfnVectors
                0x080001ac                . = ALIGN (0x4)

.text           0x080001ac     0x7044
                0x080001ac                . = ALIGN (0x4)
 *(.text)
 .text          0x080001ac       0x5c c:/ac6/systemworkbench/plugins/fr.ac6.mcu.externaltools.arm-none.win32_1.12.0.201611241417/tools/compiler/bin/../lib/gcc/arm-none-eabi/5.4.1/armv7e-m/fpu/crtbegin.o
 *(.text*)
 .text.Reset_Handler
                0x08000208       0x50 Application/SW4STM32/startup_stm32f429xx.o
                0x08000208                Reset_Handler
 .text.Default_Handler
                0x08000258        0x2 Application/SW4STM32/startup_stm32f429xx.o
                0x08000258                RTC_Alarm_IRQHandler
                0x08000258                HASH_RNG_IRQHandler
                0x08000258                EXTI2_IRQHandler
                0x08000258                TIM8_CC_IRQHandler
                0x08000258                DebugMon_Handler
                0x08000258                UART8_IRQHandler
                0x08000258                SPI4_IRQHandler
                0x08000258                TIM1_CC_IRQHandler
                0x08000258                DMA2_Stream5_IRQHandler
                0x08000258                HardFault_Handler
                0x08000258                DMA1_Stream5_IRQHandler
                0x08000258                SDIO_IRQHandler
                0x08000258                TAMP_STAMP_IRQHandler
                0x08000258                NMI_Handler
                0x08000258                CAN2_RX1_IRQHandler
                0x08000258                EXTI3_IRQHandler
                0x08000258                TIM8_TRG_COM_TIM14_IRQHandler
                0x08000258                TIM1_UP_TIM10_IRQHandler
                0x08000258                TIM8_UP_TIM13_IRQHandler
                0x08000258                I2C3_ER_IRQHandler
                0x08000258                I2C2_EV_IRQHandler
                0x08000258                DMA1_Stream2_IRQHandler
                0x08000258                CAN1_RX0_IRQHandler
                0x08000258                FPU_IRQHandler
                0x08000258                OTG_HS_WKUP_IRQHandler
                0x08000258                UsageFault_Handler
                0x08000258                LTDC_ER_IRQHandler
                0x08000258                CAN2_SCE_IRQHandler
                0x08000258                DMA2_Stream2_IRQHandler
                0x08000258                SPI1_IRQHandler
                0x08000258                TIM6_DAC_IRQHandler
                0x08000258                TIM1_BRK_TIM9_IRQHandler
                0x08000258                DCMI_IRQHandler
                0x08000258                CAN2_RX0_IRQHandler
                0x08000258                DMA2_Stream3_IRQHandler
                0x08000258                USART6_IRQHandler
                0x08000258                USART3_IRQHandler
                0x08000258                CAN1_RX1_IRQHandler
                0x08000258                UART5_IRQHandler
                0x08000258                DMA2_Stream0_IRQHandler
                0x08000258                I2C1_EV_IRQHandler
                0x08000258                DMA1_Stream6_IRQHandler
                0x08000258                DMA1_Stream1_IRQHandler
                0x08000258                UART4_IRQHandler
                0x08000258                RCC_IRQHandler
                0x08000258                TIM8_BRK_TIM12_IRQHandler
                0x08000258                Default_Handler
                0x08000258                EXTI15_10_IRQHandler
                0x08000258                DMA1_Stream7_IRQHandler
                0x08000258                SPI5_IRQHandler
                0x08000258                TIM7_IRQHandler
                0x08000258                CAN2_TX_IRQHandler
                0x08000258                TIM5_IRQHandler
                0x08000258                DMA2_Stream7_IRQHandler
                0x08000258                I2C3_EV_IRQHandler
                0x08000258                RTC_WKUP_IRQHandler
                0x08000258                LTDC_IRQHandler
                0x08000258                ETH_WKUP_IRQHandler
                0x08000258                SPI2_IRQHandler
                0x08000258                OTG_HS_EP1_IN_IRQHandler
                0x08000258                MemManage_Handler
                0x08000258                DMA1_Stream0_IRQHandler
                0x08000258                CAN1_TX_IRQHandler
                0x08000258                EXTI4_IRQHandler
                0x08000258                ETH_IRQHandler
                0x08000258                OTG_HS_EP1_OUT_IRQHandler
                0x08000258                WWDG_IRQHandler
                0x08000258                SPI6_IRQHandler
                0x08000258                TIM2_IRQHandler
                0x08000258                OTG_FS_WKUP_IRQHandler
                0x08000258                TIM1_TRG_COM_TIM11_IRQHandler
                0x08000258                OTG_HS_IRQHandler
                0x08000258                DMA2D_IRQHandler
                0x08000258                EXTI1_IRQHandler
                0x08000258                UART7_IRQHandler
                0x08000258                USART2_IRQHandler
                0x08000258                I2C2_ER_IRQHandler
                0x08000258                CAN1_SCE_IRQHandler
                0x08000258                FLASH_IRQHandler
                0x08000258                DMA2_Stream4_IRQHandler
                0x08000258                BusFault_Handler
                0x08000258                USART1_IRQHandler
                0x08000258                OTG_FS_IRQHandler
                0x08000258                SPI3_IRQHandler
                0x08000258                DMA1_Stream4_IRQHandler
                0x08000258                I2C1_ER_IRQHandler
                0x08000258                FMC_IRQHandler
                0x08000258                DMA2_Stream6_IRQHandler
                0x08000258                SAI1_IRQHandler
                0x08000258                DMA1_Stream3_IRQHandler
 *fill*         0x0800025a        0x2 
 .text.HAL_ADC_ConvCpltCallback
                0x0800025c       0x54 Application/User/adc.o
                0x0800025c                HAL_ADC_ConvCpltCallback
 .text.MX_ADC3_Init
                0x080002b0       0xb0 Application/User/adc.o
                0x080002b0                MX_ADC3_Init
 .text.HAL_ADC_MspInit
                0x08000360       0xf4 Application/User/adc.o
                0x08000360                HAL_ADC_MspInit
 .text.mixGuitar
                0x08000454       0x7c Application/User/audio.o
 .text.play     0x080004d0      0x144 Application/User/audio.o
                0x080004d0                play
 .text.record   0x08000614       0x7c Application/User/audio.o
                0x08000614                record
 .text.BSP_SD_Init
                0x08000690       0x38 Application/User/bsp_driver_sd.o
                0x08000690                BSP_SD_Init
 .text.BSP_SD_ReadBlocks
                0x080006c8       0x40 Application/User/bsp_driver_sd.o
                0x080006c8                BSP_SD_ReadBlocks
 .text.BSP_SD_WriteBlocks
                0x08000708       0x40 Application/User/bsp_driver_sd.o
                0x08000708                BSP_SD_WriteBlocks
 .text.BSP_SD_GetStatus
                0x08000748       0x14 Application/User/bsp_driver_sd.o
                0x08000748                BSP_SD_GetStatus
 .text.BSP_SD_GetCardInfo
                0x0800075c       0x1c Application/User/bsp_driver_sd.o
                0x0800075c                BSP_SD_GetCardInfo
 .text.BSP_SD_IsDetected
                0x08000778       0x1c Application/User/bsp_driver_sd.o
                0x08000778                BSP_SD_IsDetected
 .text.MX_DAC_Init
                0x08000794       0x60 Application/User/dac.o
                0x08000794                MX_DAC_Init
 .text.HAL_DAC_MspInit
                0x080007f4       0x5c Application/User/dac.o
                0x080007f4                HAL_DAC_MspInit
 .text.MX_DMA_Init
                0x08000850       0x40 Application/User/dma.o
                0x08000850                MX_DMA_Init
 .text.mixDrums
                0x08000890       0x50 Application/User/drums.o
 .text.drumHandler
                0x080008e0      0x3b4 Application/User/drums.o
                0x080008e0                drumHandler
 .text.MX_FATFS_Init
                0x08000c94       0x24 Application/User/fatfs.o
                0x08000c94                MX_FATFS_Init
 .text.MX_FMC_Init
                0x08000cb8       0x88 Application/User/fmc.o
                0x08000cb8                MX_FMC_Init
 .text.HAL_FMC_MspInit
                0x08000d40      0x118 Application/User/fmc.o
 .text.HAL_SDRAM_MspInit
                0x08000e58       0x14 Application/User/fmc.o
                0x08000e58                HAL_SDRAM_MspInit
 .text.MX_GPIO_Init
                0x08000e6c      0x3f0 Application/User/gpio.o
                0x08000e6c                MX_GPIO_Init
 .text.HAL_GPIO_EXTI_Callback
                0x0800125c      0x13c Application/User/gpio.o
                0x0800125c                HAL_GPIO_EXTI_Callback
 .text.main     0x08001398      0x124 Application/User/main.o
                0x08001398                main
 .text.SystemClock_Config
                0x080014bc       0xec Application/User/main.o
                0x080014bc                SystemClock_Config
 .text.buttonHandler
                0x080015a8       0x74 Application/User/main.o
                0x080015a8                buttonHandler
 .text.Error_Handler
                0x0800161c        0x8 Application/User/main.o
                0x0800161c                Error_Handler
 .text.MX_SDIO_SD_Init
                0x08001624       0x40 Application/User/sdio.o
                0x08001624                MX_SDIO_SD_Init
 .text.HAL_SD_MspInit
                0x08001664       0x88 Application/User/sdio.o
                0x08001664                HAL_SD_MspInit
 .text.MX_SPI2_Init
                0x080016ec       0x6c Application/User/spi.o
                0x080016ec                MX_SPI2_Init
 .text.HAL_SPI_MspInit
                0x08001758       0x88 Application/User/spi.o
                0x08001758                HAL_SPI_MspInit
 .text.BSP_LED_Init
                0x080017e0       0xa8 Application/User/stm32f429i_discovery.o
                0x080017e0                BSP_LED_Init
 .text.BSP_LED_On
                0x08001888       0x34 Application/User/stm32f429i_discovery.o
                0x08001888                BSP_LED_On
 .text.BSP_LED_Off
                0x080018bc       0x34 Application/User/stm32f429i_discovery.o
                0x080018bc                BSP_LED_Off
 .text.BSP_PB_Init
                0x080018f0       0xb0 Application/User/stm32f429i_discovery.o
                0x080018f0                BSP_PB_Init
 .text.BSP_SDRAM_Init
                0x080019a0       0x9c Application/User/stm32f429i_discovery_sdram.o
                0x080019a0                BSP_SDRAM_Init
 .text.BSP_SDRAM_Initialization_sequence
                0x08001a3c       0xc0 Application/User/stm32f429i_discovery_sdram.o
                0x08001a3c                BSP_SDRAM_Initialization_sequence
 .text.BSP_SDRAM_ReadData
                0x08001afc       0x24 Application/User/stm32f429i_discovery_sdram.o
                0x08001afc                BSP_SDRAM_ReadData
 .text.BSP_SDRAM_WriteData
                0x08001b20       0x2c Application/User/stm32f429i_discovery_sdram.o
                0x08001b20                BSP_SDRAM_WriteData
 .text.MspInit  0x08001b4c      0x214 Application/User/stm32f429i_discovery_sdram.o
 .text.HAL_MspInit
                0x08001d60       0x74 Application/User/stm32f4xx_hal_msp.o
                0x08001d60                HAL_MspInit
 .text.SVC_Handler
                0x08001dd4       0x10 Application/User/stm32f4xx_it.o
                0x08001dd4                SVC_Handler
 .text.PendSV_Handler
                0x08001de4       0x10 Application/User/stm32f4xx_it.o
                0x08001de4                PendSV_Handler
 .text.SysTick_Handler
                0x08001df4       0x10 Application/User/stm32f4xx_it.o
                0x08001df4                SysTick_Handler
 .text.PVD_IRQHandler
                0x08001e04        0xc Application/User/stm32f4xx_it.o
                0x08001e04                PVD_IRQHandler
 .text.ADC_IRQHandler
                0x08001e10       0x14 Application/User/stm32f4xx_it.o
                0x08001e10                ADC_IRQHandler
 .text.EXTI9_5_IRQHandler
                0x08001e24       0x18 Application/User/stm32f4xx_it.o
                0x08001e24                EXTI9_5_IRQHandler
 .text.TIM3_IRQHandler
                0x08001e3c       0x14 Application/User/stm32f4xx_it.o
                0x08001e3c                TIM3_IRQHandler
 .text.TIM4_IRQHandler
                0x08001e50       0x18 Application/User/stm32f4xx_it.o
                0x08001e50                TIM4_IRQHandler
 .text.DMA2_Stream1_IRQHandler
                0x08001e68       0x14 Application/User/stm32f4xx_it.o
                0x08001e68                DMA2_Stream1_IRQHandler
 .text.EXTI0_IRQHandler
                0x08001e7c       0x10 Application/User/stm32f4xx_it.o
                0x08001e7c                EXTI0_IRQHandler
 .text.MX_TIM2_Init
                0x08001e8c       0x7c Application/User/tim.o
                0x08001e8c                MX_TIM2_Init
 .text.MX_TIM3_Init
                0x08001f08       0x80 Application/User/tim.o
                0x08001f08                MX_TIM3_Init
 .text.MX_TIM4_Init
                0x08001f88       0x7c Application/User/tim.o
                0x08001f88                MX_TIM4_Init
 .text.HAL_TIM_Base_MspInit
                0x08002004       0xb4 Application/User/tim.o
                0x08002004                HAL_TIM_Base_MspInit
 .text.SystemInit
                0x080020b8       0x6c Drivers/CMSIS/system_stm32f4xx.o
                0x080020b8                SystemInit
 .text.SystemInit_ExtMemCtl
                0x08002124      0x13c Drivers/CMSIS/system_stm32f4xx.o
 .text.HAL_Init
                0x08002260       0x44 Drivers/STM32F4xx_HAL_Driver/stm32f4xx_hal.o
                0x08002260                HAL_Init
 .text.HAL_InitTick
                0x080022a4       0x38 Drivers/STM32F4xx_HAL_Driver/stm32f4xx_hal.o
                0x080022a4                HAL_InitTick
 .text.HAL_IncTick
                0x080022dc       0x1c Drivers/STM32F4xx_HAL_Driver/stm32f4xx_hal.o
                0x080022dc                HAL_IncTick
 .text.HAL_GetTick
                0x080022f8       0x18 Drivers/STM32F4xx_HAL_Driver/stm32f4xx_hal.o
                0x080022f8                HAL_GetTick
 .text.HAL_Delay
                0x08002310       0x2c Drivers/STM32F4xx_HAL_Driver/stm32f4xx_hal.o
                0x08002310                HAL_Delay
 .text.HAL_ADC_Init
                0x0800233c       0x88 Drivers/STM32F4xx_HAL_Driver/stm32f4xx_hal_adc.o
                0x0800233c                HAL_ADC_Init
 .text.HAL_ADC_IRQHandler
                0x080023c4      0x280 Drivers/STM32F4xx_HAL_Driver/stm32f4xx_hal_adc.o
                0x080023c4                HAL_ADC_IRQHandler
 .text.HAL_ADC_Start_DMA
                0x08002644      0x1a0 Drivers/STM32F4xx_HAL_Driver/stm32f4xx_hal_adc.o
                0x08002644                HAL_ADC_Start_DMA
 .text.HAL_ADC_ConvHalfCpltCallback
                0x080027e4       0x14 Drivers/STM32F4xx_HAL_Driver/stm32f4xx_hal_adc.o
                0x080027e4                HAL_ADC_ConvHalfCpltCallback
 .text.HAL_ADC_LevelOutOfWindowCallback
                0x080027f8       0x14 Drivers/STM32F4xx_HAL_Driver/stm32f4xx_hal_adc.o
                0x080027f8                HAL_ADC_LevelOutOfWindowCallback
 .text.HAL_ADC_ErrorCallback
                0x0800280c       0x14 Drivers/STM32F4xx_HAL_Driver/stm32f4xx_hal_adc.o
                0x0800280c                HAL_ADC_ErrorCallback
 .text.HAL_ADC_ConfigChannel
                0x08002820      0x23c Drivers/STM32F4xx_HAL_Driver/stm32f4xx_hal_adc.o
                0x08002820                HAL_ADC_ConfigChannel
 .text.ADC_Init
                0x08002a5c      0x204 Drivers/STM32F4xx_HAL_Driver/stm32f4xx_hal_adc.o
 .text.ADC_DMAConvCplt
                0x08002c60       0xa8 Drivers/STM32F4xx_HAL_Driver/stm32f4xx_hal_adc.o
 .text.ADC_DMAHalfConvCplt
                0x08002d08       0x1c Drivers/STM32F4xx_HAL_Driver/stm32f4xx_hal_adc.o
 .text.ADC_DMAError
                0x08002d24       0x30 Drivers/STM32F4xx_HAL_Driver/stm32f4xx_hal_adc.o
 .text.HAL_ADCEx_InjectedConvCpltCallback
                0x08002d54       0x14 Drivers/STM32F4xx_HAL_Driver/stm32f4xx_hal_adc_ex.o
                0x08002d54                HAL_ADCEx_InjectedConvCpltCallback
 .text.NVIC_SetPriorityGrouping
                0x08002d68       0x48 Drivers/STM32F4xx_HAL_Driver/stm32f4xx_hal_cortex.o
 .text.NVIC_GetPriorityGrouping
                0x08002db0       0x1c Drivers/STM32F4xx_HAL_Driver/stm32f4xx_hal_cortex.o
 .text.NVIC_EnableIRQ
                0x08002dcc       0x34 Drivers/STM32F4xx_HAL_Driver/stm32f4xx_hal_cortex.o
 .text.NVIC_SetPriority
                0x08002e00       0x54 Drivers/STM32F4xx_HAL_Driver/stm32f4xx_hal_cortex.o
 .text.NVIC_EncodePriority
                0x08002e54       0x64 Drivers/STM32F4xx_HAL_Driver/stm32f4xx_hal_cortex.o
 .text.SysTick_Config
                0x08002eb8       0x44 Drivers/STM32F4xx_HAL_Driver/stm32f4xx_hal_cortex.o
 .text.HAL_NVIC_SetPriorityGrouping
                0x08002efc       0x18 Drivers/STM32F4xx_HAL_Driver/stm32f4xx_hal_cortex.o
                0x08002efc                HAL_NVIC_SetPriorityGrouping
 .text.HAL_NVIC_SetPriority
                0x08002f14       0x38 Drivers/STM32F4xx_HAL_Driver/stm32f4xx_hal_cortex.o
                0x08002f14                HAL_NVIC_SetPriority
 .text.HAL_NVIC_EnableIRQ
                0x08002f4c       0x1c Drivers/STM32F4xx_HAL_Driver/stm32f4xx_hal_cortex.o
                0x08002f4c                HAL_NVIC_EnableIRQ
 .text.HAL_SYSTICK_Config
                0x08002f68       0x18 Drivers/STM32F4xx_HAL_Driver/stm32f4xx_hal_cortex.o
                0x08002f68                HAL_SYSTICK_Config
 .text.HAL_SYSTICK_CLKSourceConfig
                0x08002f80       0x38 Drivers/STM32F4xx_HAL_Driver/stm32f4xx_hal_cortex.o
                0x08002f80                HAL_SYSTICK_CLKSourceConfig
 .text.HAL_SYSTICK_IRQHandler
                0x08002fb8        0xc Drivers/STM32F4xx_HAL_Driver/stm32f4xx_hal_cortex.o
                0x08002fb8                HAL_SYSTICK_IRQHandler
 .text.HAL_SYSTICK_Callback
                0x08002fc4       0x10 Drivers/STM32F4xx_HAL_Driver/stm32f4xx_hal_cortex.o
                0x08002fc4                HAL_SYSTICK_Callback
 .text.HAL_DAC_Init
                0x08002fd4       0x44 Drivers/STM32F4xx_HAL_Driver/stm32f4xx_hal_dac.o
                0x08002fd4                HAL_DAC_Init
 .text.HAL_DAC_Start
                0x08003018       0xd0 Drivers/STM32F4xx_HAL_Driver/stm32f4xx_hal_dac.o
                0x08003018                HAL_DAC_Start
 .text.HAL_DAC_ConfigChannel
                0x080030e8       0x9c Drivers/STM32F4xx_HAL_Driver/stm32f4xx_hal_dac.o
                0x080030e8                HAL_DAC_ConfigChannel
 .text.HAL_DAC_SetValue
                0x08003184       0x4c Drivers/STM32F4xx_HAL_Driver/stm32f4xx_hal_dac.o
                0x08003184                HAL_DAC_SetValue
 .text.HAL_DMA_Init
                0x080031d0      0x154 Drivers/STM32F4xx_HAL_Driver/stm32f4xx_hal_dma.o
                0x080031d0                HAL_DMA_Init
 .text.HAL_DMA_DeInit
                0x08003324       0x98 Drivers/STM32F4xx_HAL_Driver/stm32f4xx_hal_dma.o
                0x08003324                HAL_DMA_DeInit
 .text.HAL_DMA_Start_IT
                0x080033bc       0xc0 Drivers/STM32F4xx_HAL_Driver/stm32f4xx_hal_dma.o
                0x080033bc                HAL_DMA_Start_IT
 .text.HAL_DMA_IRQHandler
                0x0800347c      0x320 Drivers/STM32F4xx_HAL_Driver/stm32f4xx_hal_dma.o
                0x0800347c                HAL_DMA_IRQHandler
 .text.DMA_SetConfig
                0x0800379c       0x5c Drivers/STM32F4xx_HAL_Driver/stm32f4xx_hal_dma.o
 .text.DMA_CalcBaseAndBitshift
                0x080037f8       0x6c Drivers/STM32F4xx_HAL_Driver/stm32f4xx_hal_dma.o
 .text.DMA_CheckFifoParam
                0x08003864      0x114 Drivers/STM32F4xx_HAL_Driver/stm32f4xx_hal_dma.o
 .text.HAL_GPIO_Init
                0x08003978      0x354 Drivers/STM32F4xx_HAL_Driver/stm32f4xx_hal_gpio.o
                0x08003978                HAL_GPIO_Init
 .text.HAL_GPIO_ReadPin
                0x08003ccc       0x30 Drivers/STM32F4xx_HAL_Driver/stm32f4xx_hal_gpio.o
                0x08003ccc                HAL_GPIO_ReadPin
 .text.HAL_GPIO_WritePin
                0x08003cfc       0x34 Drivers/STM32F4xx_HAL_Driver/stm32f4xx_hal_gpio.o
                0x08003cfc                HAL_GPIO_WritePin
 .text.HAL_GPIO_EXTI_IRQHandler
                0x08003d30       0x30 Drivers/STM32F4xx_HAL_Driver/stm32f4xx_hal_gpio.o
                0x08003d30                HAL_GPIO_EXTI_IRQHandler
 .text.HAL_PWR_PVD_IRQHandler
                0x08003d60       0x24 Drivers/STM32F4xx_HAL_Driver/stm32f4xx_hal_pwr.o
                0x08003d60                HAL_PWR_PVD_IRQHandler
 .text.HAL_PWR_PVDCallback
                0x08003d84       0x10 Drivers/STM32F4xx_HAL_Driver/stm32f4xx_hal_pwr.o
                0x08003d84                HAL_PWR_PVDCallback
 .text.HAL_PWREx_EnableOverDrive
                0x08003d94       0xd0 Drivers/STM32F4xx_HAL_Driver/stm32f4xx_hal_pwr_ex.o
                0x08003d94                HAL_PWREx_EnableOverDrive
 .text.HAL_RCC_OscConfig
                0x08003e64      0x4b4 Drivers/STM32F4xx_HAL_Driver/stm32f4xx_hal_rcc.o
                0x08003e64                HAL_RCC_OscConfig
 .text.HAL_RCC_ClockConfig
                0x08004318      0x224 Drivers/STM32F4xx_HAL_Driver/stm32f4xx_hal_rcc.o
                0x08004318                HAL_RCC_ClockConfig
 .text.HAL_RCC_GetSysClockFreq
                0x0800453c       0xfc Drivers/STM32F4xx_HAL_Driver/stm32f4xx_hal_rcc.o
                0x0800453c                HAL_RCC_GetSysClockFreq
 .text.HAL_RCC_GetHCLKFreq
                0x08004638       0x18 Drivers/STM32F4xx_HAL_Driver/stm32f4xx_hal_rcc.o
                0x08004638                HAL_RCC_GetHCLKFreq
 .text.HAL_SD_Init
                0x08004650       0xec Drivers/STM32F4xx_HAL_Driver/stm32f4xx_hal_sd.o
                0x08004650                HAL_SD_Init
 .text.HAL_SD_ReadBlocks
                0x0800473c      0x2c0 Drivers/STM32F4xx_HAL_Driver/stm32f4xx_hal_sd.o
                0x0800473c                HAL_SD_ReadBlocks
 .text.HAL_SD_WriteBlocks
                0x080049fc      0x398 Drivers/STM32F4xx_HAL_Driver/stm32f4xx_hal_sd.o
                0x080049fc                HAL_SD_WriteBlocks
 .text.HAL_SD_Get_CardInfo
                0x08004d94      0x608 Drivers/STM32F4xx_HAL_Driver/stm32f4xx_hal_sd.o
                0x08004d94                HAL_SD_Get_CardInfo
 .text.HAL_SD_StopTransfer
                0x0800539c       0x48 Drivers/STM32F4xx_HAL_Driver/stm32f4xx_hal_sd.o
                0x0800539c                HAL_SD_StopTransfer
 .text.HAL_SD_GetStatus
                0x080053e4       0x34 Drivers/STM32F4xx_HAL_Driver/stm32f4xx_hal_sd.o
                0x080053e4                HAL_SD_GetStatus
 .text.SD_GetState
                0x08005418       0x38 Drivers/STM32F4xx_HAL_Driver/stm32f4xx_hal_sd.o
 .text.SD_Initialize_Cards
                0x08005450      0x188 Drivers/STM32F4xx_HAL_Driver/stm32f4xx_hal_sd.o
 .text.SD_Select_Deselect
                0x080055d8       0x54 Drivers/STM32F4xx_HAL_Driver/stm32f4xx_hal_sd.o
 .text.SD_PowerON
                0x0800562c      0x1c8 Drivers/STM32F4xx_HAL_Driver/stm32f4xx_hal_sd.o
 .text.SD_SendStatus
                0x080057f4       0x74 Drivers/STM32F4xx_HAL_Driver/stm32f4xx_hal_sd.o
 .text.SD_CmdError
                0x08005868       0x78 Drivers/STM32F4xx_HAL_Driver/stm32f4xx_hal_sd.o
 .text.SD_CmdResp7Error
                0x080058e0       0xb0 Drivers/STM32F4xx_HAL_Driver/stm32f4xx_hal_sd.o
 .text.SD_CmdResp1Error
                0x08005990      0x1ac Drivers/STM32F4xx_HAL_Driver/stm32f4xx_hal_sd.o
 .text.SD_CmdResp3Error
                0x08005b3c       0x54 Drivers/STM32F4xx_HAL_Driver/stm32f4xx_hal_sd.o
 .text.SD_CmdResp2Error
                0x08005b90       0x70 Drivers/STM32F4xx_HAL_Driver/stm32f4xx_hal_sd.o
 .text.SD_CmdResp6Error
                0x08005c00       0xd8 Drivers/STM32F4xx_HAL_Driver/stm32f4xx_hal_sd.o
 .text.SD_IsCardProgramming
                0x08005cd8      0x1f8 Drivers/STM32F4xx_HAL_Driver/stm32f4xx_hal_sd.o
 .text.HAL_SDRAM_Init
                0x08005ed0       0x68 Drivers/STM32F4xx_HAL_Driver/stm32f4xx_hal_sdram.o
                0x08005ed0                HAL_SDRAM_Init
 .text.HAL_SDRAM_Read_32b
                0x08005f38       0x80 Drivers/STM32F4xx_HAL_Driver/stm32f4xx_hal_sdram.o
                0x08005f38                HAL_SDRAM_Read_32b
 .text.HAL_SDRAM_Write_32b
                0x08005fb8       0x88 Drivers/STM32F4xx_HAL_Driver/stm32f4xx_hal_sdram.o
                0x08005fb8                HAL_SDRAM_Write_32b
 .text.HAL_SDRAM_WriteProtection_Disable
                0x08006040       0x44 Drivers/STM32F4xx_HAL_Driver/stm32f4xx_hal_sdram.o
                0x08006040                HAL_SDRAM_WriteProtection_Disable
 .text.HAL_SDRAM_SendCommand
                0x08006084       0x58 Drivers/STM32F4xx_HAL_Driver/stm32f4xx_hal_sdram.o
                0x08006084                HAL_SDRAM_SendCommand
 .text.HAL_SDRAM_ProgramRefreshRate
                0x080060dc       0x40 Drivers/STM32F4xx_HAL_Driver/stm32f4xx_hal_sdram.o
                0x080060dc                HAL_SDRAM_ProgramRefreshRate
 .text.HAL_SPI_Init
                0x0800611c       0xc8 Drivers/STM32F4xx_HAL_Driver/stm32f4xx_hal_spi.o
                0x0800611c                HAL_SPI_Init
 .text.HAL_TIM_Base_Init
                0x080061e4       0x58 Drivers/STM32F4xx_HAL_Driver/stm32f4xx_hal_tim.o
                0x080061e4                HAL_TIM_Base_Init
 .text.HAL_TIM_Base_Start
                0x0800623c       0x38 Drivers/STM32F4xx_HAL_Driver/stm32f4xx_hal_tim.o
                0x0800623c                HAL_TIM_Base_Start
 .text.HAL_TIM_Base_Start_IT
                0x08006274       0x38 Drivers/STM32F4xx_HAL_Driver/stm32f4xx_hal_tim.o
                0x08006274                HAL_TIM_Base_Start_IT
 .text.HAL_TIM_IRQHandler
                0x080062ac      0x210 Drivers/STM32F4xx_HAL_Driver/stm32f4xx_hal_tim.o
                0x080062ac                HAL_TIM_IRQHandler
 .text.HAL_TIM_ConfigClockSource
                0x080064bc      0x1b8 Drivers/STM32F4xx_HAL_Driver/stm32f4xx_hal_tim.o
                0x080064bc                HAL_TIM_ConfigClockSource
 .text.HAL_TIM_PeriodElapsedCallback
                0x08006674       0x14 Drivers/STM32F4xx_HAL_Driver/stm32f4xx_hal_tim.o
                0x08006674                HAL_TIM_PeriodElapsedCallback
 .text.HAL_TIM_OC_DelayElapsedCallback
                0x08006688       0x14 Drivers/STM32F4xx_HAL_Driver/stm32f4xx_hal_tim.o
                0x08006688                HAL_TIM_OC_DelayElapsedCallback
 .text.HAL_TIM_IC_CaptureCallback
                0x0800669c       0x14 Drivers/STM32F4xx_HAL_Driver/stm32f4xx_hal_tim.o
                0x0800669c                HAL_TIM_IC_CaptureCallback
 .text.HAL_TIM_PWM_PulseFinishedCallback
                0x080066b0       0x14 Drivers/STM32F4xx_HAL_Driver/stm32f4xx_hal_tim.o
                0x080066b0                HAL_TIM_PWM_PulseFinishedCallback
 .text.HAL_TIM_TriggerCallback
                0x080066c4       0x14 Drivers/STM32F4xx_HAL_Driver/stm32f4xx_hal_tim.o
                0x080066c4                HAL_TIM_TriggerCallback
 .text.TIM_Base_SetConfig
                0x080066d8      0x154 Drivers/STM32F4xx_HAL_Driver/stm32f4xx_hal_tim.o
                0x080066d8                TIM_Base_SetConfig
 .text.TIM_TI1_ConfigInputStage
                0x0800682c       0x68 Drivers/STM32F4xx_HAL_Driver/stm32f4xx_hal_tim.o
 .text.TIM_TI2_ConfigInputStage
                0x08006894       0x68 Drivers/STM32F4xx_HAL_Driver/stm32f4xx_hal_tim.o
 .text.TIM_ITRx_SetConfig
                0x080068fc       0x40 Drivers/STM32F4xx_HAL_Driver/stm32f4xx_hal_tim.o
 .text.TIM_ETR_SetConfig
                0x0800693c       0x44 Drivers/STM32F4xx_HAL_Driver/stm32f4xx_hal_tim.o
 .text.HAL_TIMEx_MasterConfigSynchronization
                0x08006980       0x8c Drivers/STM32F4xx_HAL_Driver/stm32f4xx_hal_tim_ex.o
                0x08006980                HAL_TIMEx_MasterConfigSynchronization
 .text.HAL_TIMEx_CommutationCallback
                0x08006a0c       0x14 Drivers/STM32F4xx_HAL_Driver/stm32f4xx_hal_tim_ex.o
                0x08006a0c                HAL_TIMEx_CommutationCallback
 .text.HAL_TIMEx_BreakCallback
                0x08006a20       0x14 Drivers/STM32F4xx_HAL_Driver/stm32f4xx_hal_tim_ex.o
                0x08006a20                HAL_TIMEx_BreakCallback
 .text.FMC_SDRAM_Init
                0x08006a34       0xe8 Drivers/STM32F4xx_HAL_Driver/stm32f4xx_ll_fmc.o
                0x08006a34                FMC_SDRAM_Init
 .text.FMC_SDRAM_Timing_Init
                0x08006b1c      0x100 Drivers/STM32F4xx_HAL_Driver/stm32f4xx_ll_fmc.o
                0x08006b1c                FMC_SDRAM_Timing_Init
 .text.FMC_SDRAM_WriteProtection_Disable
                0x08006c1c       0x2c Drivers/STM32F4xx_HAL_Driver/stm32f4xx_ll_fmc.o
                0x08006c1c                FMC_SDRAM_WriteProtection_Disable
 .text.FMC_SDRAM_SendCommand
                0x08006c48       0x78 Drivers/STM32F4xx_HAL_Driver/stm32f4xx_ll_fmc.o
                0x08006c48                FMC_SDRAM_SendCommand
 .text.FMC_SDRAM_ProgramRefreshRate
                0x08006cc0       0x28 Drivers/STM32F4xx_HAL_Driver/stm32f4xx_ll_fmc.o
                0x08006cc0                FMC_SDRAM_ProgramRefreshRate
 .text.SDIO_Init
                0x08006ce8       0x58 Drivers/STM32F4xx_HAL_Driver/stm32f4xx_ll_sdmmc.o
                0x08006ce8                SDIO_Init
 .text.SDIO_ReadFIFO
                0x08006d40       0x1c Drivers/STM32F4xx_HAL_Driver/stm32f4xx_ll_sdmmc.o
                0x08006d40                SDIO_ReadFIFO
 .text.SDIO_WriteFIFO
                0x08006d5c       0x24 Drivers/STM32F4xx_HAL_Driver/stm32f4xx_ll_sdmmc.o
                0x08006d5c                SDIO_WriteFIFO
 .text.SDIO_PowerState_ON
                0x08006d80       0x1c Drivers/STM32F4xx_HAL_Driver/stm32f4xx_ll_sdmmc.o
                0x08006d80                SDIO_PowerState_ON
 .text.SDIO_GetPowerState
                0x08006d9c       0x1c Drivers/STM32F4xx_HAL_Driver/stm32f4xx_ll_sdmmc.o
                0x08006d9c                SDIO_GetPowerState
 .text.SDIO_SendCommand
                0x08006db8       0x54 Drivers/STM32F4xx_HAL_Driver/stm32f4xx_ll_sdmmc.o
                0x08006db8                SDIO_SendCommand
 .text.SDIO_GetCommandResponse
                0x08006e0c       0x1c Drivers/STM32F4xx_HAL_Driver/stm32f4xx_ll_sdmmc.o
                0x08006e0c                SDIO_GetCommandResponse
 .text.SDIO_GetResponse
                0x08006e28       0x28 Drivers/STM32F4xx_HAL_Driver/stm32f4xx_ll_sdmmc.o
                0x08006e28                SDIO_GetResponse
 .text.SDIO_DataConfig
                0x08006e50       0x58 Drivers/STM32F4xx_HAL_Driver/stm32f4xx_ll_sdmmc.o
                0x08006e50                SDIO_DataConfig
 .text.FATFS_LinkDriverEx
                0x08006ea8       0x98 Middlewares/FatFs/ff_gen_drv.o
                0x08006ea8                FATFS_LinkDriverEx
 .text.FATFS_LinkDriver
                0x08006f40       0x20 Middlewares/FatFs/ff_gen_drv.o
                0x08006f40                FATFS_LinkDriver
 .text.FATFS_UnLinkDriverEx
                0x08006f60       0x70 Middlewares/FatFs/ff_gen_drv.o
                0x08006f60                FATFS_UnLinkDriverEx
 .text.FATFS_UnLinkDriver
                0x08006fd0       0x1c Middlewares/FatFs/ff_gen_drv.o
                0x08006fd0                FATFS_UnLinkDriver
 .text.SD_initialize
                0x08006fec       0x3c Middlewares/FatFs/sd_diskio.o
                0x08006fec                SD_initialize
 .text.SD_status
                0x08007028       0x3c Middlewares/FatFs/sd_diskio.o
                0x08007028                SD_status
 .text.SD_read  0x08007064       0x44 Middlewares/FatFs/sd_diskio.o
                0x08007064                SD_read
 .text.SD_write
                0x080070a8       0x44 Middlewares/FatFs/sd_diskio.o
                0x080070a8                SD_write
 .text.SD_ioctl
                0x080070ec       0xa0 Middlewares/FatFs/sd_diskio.o
                0x080070ec                SD_ioctl
 .text.__libc_init_array
                0x0800718c       0x4c c:/ac6/systemworkbench/plugins/fr.ac6.mcu.externaltools.arm-none.win32_1.12.0.201611241417/tools/compiler/bin/../lib/gcc/arm-none-eabi/5.4.1/../../../../arm-none-eabi/lib/armv7e-m/fpu\libc_nano.a(lib_a-init.o)
                0x0800718c                __libc_init_array
 *(.glue_7)
 .glue_7        0x080071d8        0x0 linker stubs
 *(.glue_7t)
 .glue_7t       0x080071d8        0x0 linker stubs
 *(.eh_frame)
 .eh_frame      0x080071d8        0x0 c:/ac6/systemworkbench/plugins/fr.ac6.mcu.externaltools.arm-none.win32_1.12.0.201611241417/tools/compiler/bin/../lib/gcc/arm-none-eabi/5.4.1/armv7e-m/fpu/crtbegin.o
 *(.init)
 .init          0x080071d8        0x4 c:/ac6/systemworkbench/plugins/fr.ac6.mcu.externaltools.arm-none.win32_1.12.0.201611241417/tools/compiler/bin/../lib/gcc/arm-none-eabi/5.4.1/armv7e-m/fpu/crti.o
                0x080071d8                _init
 .init          0x080071dc        0x8 c:/ac6/systemworkbench/plugins/fr.ac6.mcu.externaltools.arm-none.win32_1.12.0.201611241417/tools/compiler/bin/../lib/gcc/arm-none-eabi/5.4.1/armv7e-m/fpu/crtn.o
 *(.fini)
 .fini          0x080071e4        0x4 c:/ac6/systemworkbench/plugins/fr.ac6.mcu.externaltools.arm-none.win32_1.12.0.201611241417/tools/compiler/bin/../lib/gcc/arm-none-eabi/5.4.1/armv7e-m/fpu/crti.o
                0x080071e4                _fini
 .fini          0x080071e8        0x8 c:/ac6/systemworkbench/plugins/fr.ac6.mcu.externaltools.arm-none.win32_1.12.0.201611241417/tools/compiler/bin/../lib/gcc/arm-none-eabi/5.4.1/armv7e-m/fpu/crtn.o
                0x080071f0                . = ALIGN (0x4)
                0x080071f0                _etext = .

.vfp11_veneer   0x080071f0        0x0
 .vfp11_veneer  0x080071f0        0x0 linker stubs

.v4_bx          0x080071f0        0x0
 .v4_bx         0x080071f0        0x0 linker stubs

.iplt           0x080071f0        0x0
 .iplt          0x080071f0        0x0 c:/ac6/systemworkbench/plugins/fr.ac6.mcu.externaltools.arm-none.win32_1.12.0.201611241417/tools/compiler/bin/../lib/gcc/arm-none-eabi/5.4.1/armv7e-m/fpu/crtbegin.o

.rodata         0x080071f0       0x38
                0x080071f0                . = ALIGN (0x4)
 *(.rodata)
 .rodata        0x080071f0        0x9 Application/User/stm32f429i_discovery.o
                0x080071f0                GPIO_PIN
                0x080071f4                BUTTON_PIN
                0x080071f8                BUTTON_IRQn
 *fill*         0x080071f9        0x3 
 .rodata        0x080071fc        0x8 Drivers/STM32F4xx_HAL_Driver/stm32f4xx_hal_dma.o
 .rodata        0x08007204       0x10 Drivers/STM32F4xx_HAL_Driver/stm32f4xx_hal_rcc.o
                0x08007204                APBAHBPrescTable
 .rodata        0x08007214       0x14 Middlewares/FatFs/sd_diskio.o
                0x08007214                SD_Driver
 *(.rodata*)
                0x08007228                . = ALIGN (0x4)

.rel.dyn        0x08007228        0x0
 .rel.iplt      0x08007228        0x0 c:/ac6/systemworkbench/plugins/fr.ac6.mcu.externaltools.arm-none.win32_1.12.0.201611241417/tools/compiler/bin/../lib/gcc/arm-none-eabi/5.4.1/armv7e-m/fpu/crtbegin.o

.ARM.extab
 *(.ARM.extab* .gnu.linkonce.armextab.*)

.ARM            0x08007228        0x0
                0x08007228                __exidx_start = .
 *(.ARM.exidx*)
                0x08007228                __exidx_end = .

.preinit_array  0x08007228        0x0
                0x08007228                PROVIDE (__preinit_array_start, .)
 *(.preinit_array*)
                0x08007228                PROVIDE (__preinit_array_end, .)

.init_array     0x08007228        0x4
                0x08007228                PROVIDE (__init_array_start, .)
 *(SORT(.init_array.*))
 *(.init_array*)
 .init_array    0x08007228        0x4 c:/ac6/systemworkbench/plugins/fr.ac6.mcu.externaltools.arm-none.win32_1.12.0.201611241417/tools/compiler/bin/../lib/gcc/arm-none-eabi/5.4.1/armv7e-m/fpu/crtbegin.o
                0x0800722c                PROVIDE (__init_array_end, .)

.fini_array     0x0800722c        0x4
                [!provide]                PROVIDE (__fini_array_start, .)
 *(SORT(.fini_array.*))
 *(.fini_array*)
 .fini_array    0x0800722c        0x4 c:/ac6/systemworkbench/plugins/fr.ac6.mcu.externaltools.arm-none.win32_1.12.0.201611241417/tools/compiler/bin/../lib/gcc/arm-none-eabi/5.4.1/armv7e-m/fpu/crtbegin.o
                [!provide]                PROVIDE (__fini_array_end, .)
                0x08007230                _sidata = LOADADDR (.data)

.data           0x20000000       0x24 load address 0x08007230
                0x20000000                . = ALIGN (0x4)
                0x20000000                _sdata = .
 *(.data)
 .data          0x20000000        0x8 Application/User/audio.o
                0x20000000                TapToneBufferCount
                0x20000004                pDrumset
 .data          0x20000008       0x14 Application/User/stm32f429i_discovery.o
                0x20000008                GPIO_PORT
                0x20000010                BUTTON_PORT
                0x20000014                I2cxTimeout
                0x20000018                SpixTimeout
 .data          0x2000001c        0x4 Drivers/CMSIS/system_stm32f4xx.o
                0x2000001c                SystemCoreClock
 .data          0x20000020        0x1 Middlewares/FatFs/sd_diskio.o
 *(.data*)
                0x20000024                . = ALIGN (0x4)
 *fill*         0x20000021        0x3 
                0x20000024                _edata = .
                0x08007254                _siccmram = LOADADDR (.ccmram)

.jcr            0x20000024        0x0 load address 0x08007254
 .jcr           0x20000024        0x0 c:/ac6/systemworkbench/plugins/fr.ac6.mcu.externaltools.arm-none.win32_1.12.0.201611241417/tools/compiler/bin/../lib/gcc/arm-none-eabi/5.4.1/armv7e-m/fpu/crtbegin.o

.igot.plt       0x20000024        0x0 load address 0x08007254
 .igot.plt      0x20000024        0x0 c:/ac6/systemworkbench/plugins/fr.ac6.mcu.externaltools.arm-none.win32_1.12.0.201611241417/tools/compiler/bin/../lib/gcc/arm-none-eabi/5.4.1/armv7e-m/fpu/crtbegin.o

.ccmram         0x10000000        0x0 load address 0x08007254
                0x10000000                . = ALIGN (0x4)
                0x10000000                _sccmram = .
 *(.ccmram)
 *(.ccmram*)
                0x10000000                . = ALIGN (0x4)
                0x10000000                _eccmram = .
                0x10000000                . = ALIGN (0x4)

.bss            0x20000028     0xdaa0
                0x20000028                _sbss = .
                0x20000028                __bss_start__ = _sbss
 *(.bss)
 .bss           0x20000028       0x1c c:/ac6/systemworkbench/plugins/fr.ac6.mcu.externaltools.arm-none.win32_1.12.0.201611241417/tools/compiler/bin/../lib/gcc/arm-none-eabi/5.4.1/armv7e-m/fpu/crtbegin.o
 .bss           0x20000044       0x38 Application/User/audio.o
                0x20000044                dub_pointer
                0x20000048                read_pointer
                0x2000004c                write_pointer
                0x20000050                SamplesWritten
                0x20000054                SamplesRead
                0x20000058                DataReady
                0x2000005c                Recording
                0x2000005d                Playback
                0x2000005e                Dubbing
                0x2000005f                DubbingStarted
                0x20000060                ToggleChannel
                0x20000061                DrumsPlaying
                0x20000062                ToggleDubbing
                0x20000063                PlaybackButton
                0x20000064                RecordingButton
                0x20000068                BufferCount
                0x2000006c                BufferSwitch
                0x20000070                TimeCounter
                0x20000074                ToggleRecording
                0x20000075                TogglePlayback
                0x20000076                StartApp
                0x20000077                DmaTransferReady
                0x20000078                GuitarTrigger
                0x20000079                first_filled
                0x2000007a                loop
 .bss           0x2000007c        0xd Application/User/drums.o
                0x2000007c                snareIndex
                0x2000007e                kickIndex
                0x20000080                tomhiIndex
                0x20000082                tomloIndex
                0x20000084                crashIndex
                0x20000086                hihatIndex
                0x20000088                numberOfDrums
 *fill*         0x20000089        0x3 
 .bss           0x2000008c        0x8 Application/User/fmc.o
 .bss           0x20000094       0xc0 Application/User/stm32f429i_discovery_sdram.o
 .bss           0x20000154        0xc Middlewares/FatFs/ff_gen_drv.o
                0x20000154                disk
 *(.bss*)
 *(COMMON)
 COMMON         0x20000160       0xa8 Application/User/adc.o
                0x20000160                hdma_adc3
                0x200001c0                hadc3
 COMMON         0x20000208     0x4038 Application/User/audio.o
                0x20000208                wrptr
                0x2000020c                drumsample
                0x20000210                audioBufferIndex
                0x20000214                oldsample
                0x20000218                newsampledebug
                0x2000021c                write_buffer_2
                0x2000121c                rdptr
                0x20001220                CurrentBytes
                0x20001224                CurrentSize
                0x20001228                readADC
                0x2000122c                read_buffer_1
                0x2000222c                ads1256data
                0x20002230                lower
                0x20002232                newsample
                0x20002234                upperlower
                0x20002238                write_buffer_1
                0x20003238                mixed
                0x2000323a                upper
                0x2000323c                sample
                0x20003240                read_buffer_2
 COMMON         0x20004240       0x14 Application/User/dac.o
                0x20004240                hdac
 COMMON         0x20004254     0x9592 Application/User/drums.o
                0x20004254                snareFile
                0x20004480                tomlo
                0x20005c00                kickFile
                0x20005e2c                tomloFile
                0x20006058                kick
                0x2000703c                tomhiFile
                0x20007268                tomhi
                0x20008a18                crash
                0x2000adfc                drumset
                0x2000ae00                Directory
                0x2000b020                hihatFile
                0x2000b24c                snare
                0x2000cfcc                crashFile
                0x2000d1f8                hihat
 *fill*         0x2000d7e6        0x2 
 COMMON         0x2000d7e8        0x8 Application/User/fatfs.o
                0x2000d7e8                retSD
                0x2000d7ec                SD_Path
 COMMON         0x2000d7f0       0x34 Application/User/fmc.o
                0x2000d7f0                hsdram2
 COMMON         0x2000d824       0xd8 Application/User/main.o
                0x2000d824                taptone_buffer
                0x2000d8ec                SDRAMCommandStructure
 *fill*         0x2000d8fc        0x4 
 COMMON         0x2000d900       0xb8 Application/User/sdio.o
                0x2000d900                SDCardInfo
                0x2000d958                hsd
 COMMON         0x2000d9b8       0x58 Application/User/spi.o
                0x2000d9b8                hspi2
 COMMON         0x2000da10       0xb4 Application/User/tim.o
                0x2000da10                htim4
                0x2000da4c                htim3
                0x2000da88                htim2
 COMMON         0x2000dac4        0x4 Drivers/STM32F4xx_HAL_Driver/stm32f4xx_hal.o
                0x2000dac4                uwTick
                0x2000dac8                . = ALIGN (0x4)
                0x2000dac8                _ebss = .
                0x2000dac8                __bss_end__ = _ebss

._user_heap_stack
                0x2000dac8      0x600
                0x2000dac8                . = ALIGN (0x8)
                [!provide]                PROVIDE (end, .)
                [!provide]                PROVIDE (_end, .)
                0x2000dcc8                . = (. + _Min_Heap_Size)
 *fill*         0x2000dac8      0x200 
                0x2000e0c8                . = (. + _Min_Stack_Size)
 *fill*         0x2000dcc8      0x400 
                0x2000e0c8                . = ALIGN (0x8)

/DISCARD/
 libc.a(*)
 libm.a(*)
 libgcc.a(*)

.ARM.attributes
                0x00000000       0x30
 *(.ARM.attributes)
 .ARM.attributes
                0x00000000       0x22 c:/ac6/systemworkbench/plugins/fr.ac6.mcu.externaltools.arm-none.win32_1.12.0.201611241417/tools/compiler/bin/../lib/gcc/arm-none-eabi/5.4.1/armv7e-m/fpu/crti.o
 .ARM.attributes
                0x00000022       0x34 c:/ac6/systemworkbench/plugins/fr.ac6.mcu.externaltools.arm-none.win32_1.12.0.201611241417/tools/compiler/bin/../lib/gcc/arm-none-eabi/5.4.1/armv7e-m/fpu/crtbegin.o
 .ARM.attributes
                0x00000056       0x21 Application/SW4STM32/startup_stm32f429xx.o
 .ARM.attributes
                0x00000077       0x39 Application/User/adc.o
 .ARM.attributes
                0x000000b0       0x39 Application/User/audio.o
 .ARM.attributes
                0x000000e9       0x39 Application/User/bsp_driver_sd.o
 .ARM.attributes
                0x00000122       0x39 Application/User/dac.o
 .ARM.attributes
                0x0000015b       0x39 Application/User/dma.o
 .ARM.attributes
                0x00000194       0x39 Application/User/drums.o
 .ARM.attributes
                0x000001cd       0x39 Application/User/fatfs.o
 .ARM.attributes
                0x00000206       0x39 Application/User/fmc.o
 .ARM.attributes
                0x0000023f       0x39 Application/User/gpio.o
 .ARM.attributes
                0x00000278       0x39 Application/User/main.o
 .ARM.attributes
                0x000002b1       0x39 Application/User/sdio.o
 .ARM.attributes
                0x000002ea       0x39 Application/User/spi.o
 .ARM.attributes
                0x00000323       0x39 Application/User/stm32f429i_discovery.o
 .ARM.attributes
                0x0000035c       0x39 Application/User/stm32f429i_discovery_sdram.o
 .ARM.attributes
                0x00000395       0x39 Application/User/stm32f4xx_hal_msp.o
 .ARM.attributes
                0x000003ce       0x39 Application/User/stm32f4xx_it.o
 .ARM.attributes
                0x00000407       0x39 Application/User/tim.o
 .ARM.attributes
                0x00000440       0x39 Drivers/CMSIS/system_stm32f4xx.o
 .ARM.attributes
                0x00000479       0x39 Drivers/STM32F4xx_HAL_Driver/stm32f4xx_hal.o
 .ARM.attributes
                0x000004b2       0x39 Drivers/STM32F4xx_HAL_Driver/stm32f4xx_hal_adc.o
 .ARM.attributes
                0x000004eb       0x39 Drivers/STM32F4xx_HAL_Driver/stm32f4xx_hal_adc_ex.o
 .ARM.attributes
                0x00000524       0x39 Drivers/STM32F4xx_HAL_Driver/stm32f4xx_hal_cortex.o
 .ARM.attributes
                0x0000055d       0x39 Drivers/STM32F4xx_HAL_Driver/stm32f4xx_hal_dac.o
 .ARM.attributes
                0x00000596       0x39 Drivers/STM32F4xx_HAL_Driver/stm32f4xx_hal_dma.o
 .ARM.attributes
                0x000005cf       0x39 Drivers/STM32F4xx_HAL_Driver/stm32f4xx_hal_gpio.o
 .ARM.attributes
                0x00000608       0x39 Drivers/STM32F4xx_HAL_Driver/stm32f4xx_hal_pwr.o
 .ARM.attributes
                0x00000641       0x39 Drivers/STM32F4xx_HAL_Driver/stm32f4xx_hal_pwr_ex.o
 .ARM.attributes
                0x0000067a       0x39 Drivers/STM32F4xx_HAL_Driver/stm32f4xx_hal_rcc.o
 .ARM.attributes
                0x000006b3       0x39 Drivers/STM32F4xx_HAL_Driver/stm32f4xx_hal_sd.o
 .ARM.attributes
                0x000006ec       0x39 Drivers/STM32F4xx_HAL_Driver/stm32f4xx_hal_sdram.o
 .ARM.attributes
                0x00000725       0x39 Drivers/STM32F4xx_HAL_Driver/stm32f4xx_hal_spi.o
 .ARM.attributes
                0x0000075e       0x39 Drivers/STM32F4xx_HAL_Driver/stm32f4xx_hal_tim.o
 .ARM.attributes
                0x00000797       0x39 Drivers/STM32F4xx_HAL_Driver/stm32f4xx_hal_tim_ex.o
 .ARM.attributes
                0x000007d0       0x39 Drivers/STM32F4xx_HAL_Driver/stm32f4xx_ll_fmc.o
 .ARM.attributes
                0x00000809       0x39 Drivers/STM32F4xx_HAL_Driver/stm32f4xx_ll_sdmmc.o
 .ARM.attributes
                0x00000842       0x39 Middlewares/FatFs/ff_gen_drv.o
 .ARM.attributes
                0x0000087b       0x39 Middlewares/FatFs/sd_diskio.o
 .ARM.attributes
                0x000008b4       0x34 c:/ac6/systemworkbench/plugins/fr.ac6.mcu.externaltools.arm-none.win32_1.12.0.201611241417/tools/compiler/bin/../lib/gcc/arm-none-eabi/5.4.1/../../../../arm-none-eabi/lib/armv7e-m/fpu\libc_nano.a(lib_a-init.o)
 .ARM.attributes
                0x000008e8       0x22 c:/ac6/systemworkbench/plugins/fr.ac6.mcu.externaltools.arm-none.win32_1.12.0.201611241417/tools/compiler/bin/../lib/gcc/arm-none-eabi/5.4.1/armv7e-m/fpu/crtn.o
OUTPUT(Looper.elf elf32-littlearm)

.debug_line     0x00000000    0x19ae5
 .debug_line    0x00000000       0xd4 Application/SW4STM32/startup_stm32f429xx.o
 .debug_line    0x000000d4      0x91d Application/User/adc.o
 .debug_line    0x000009f1      0xa45 Application/User/audio.o
 .debug_line    0x00001436      0x9a4 Application/User/bsp_driver_sd.o
 .debug_line    0x00001dda      0x8b5 Application/User/dac.o
 .debug_line    0x0000268f      0x87a Application/User/dma.o
 .debug_line    0x00002f09      0x9b8 Application/User/drums.o
 .debug_line    0x000038c1      0x98b Application/User/fatfs.o
 .debug_line    0x0000424c      0x91b Application/User/fmc.o
 .debug_line    0x00004b67      0x98c Application/User/gpio.o
 .debug_line    0x000054f3      0xb03 Application/User/main.o
 .debug_line    0x00005ff6      0x8be Application/User/sdio.o
 .debug_line    0x000068b4      0x8f4 Application/User/spi.o
 .debug_line    0x000071a8      0xc0e Application/User/stm32f429i_discovery.o
 .debug_line    0x00007db6      0x9bc Application/User/stm32f429i_discovery_sdram.o
 .debug_line    0x00008772      0x886 Application/User/stm32f4xx_hal_msp.o
 .debug_line    0x00008ff8      0x98b Application/User/stm32f4xx_it.o
 .debug_line    0x00009983      0x925 Application/User/tim.o
 .debug_line    0x0000a2a8      0x8e0 Drivers/CMSIS/system_stm32f4xx.o
 .debug_line    0x0000ab88      0xa6e Drivers/STM32F4xx_HAL_Driver/stm32f4xx_hal.o
 .debug_line    0x0000b5f6      0xcac Drivers/STM32F4xx_HAL_Driver/stm32f4xx_hal_adc.o
 .debug_line    0x0000c2a2      0xb83 Drivers/STM32F4xx_HAL_Driver/stm32f4xx_hal_adc_ex.o
 .debug_line    0x0000ce25      0xb64 Drivers/STM32F4xx_HAL_Driver/stm32f4xx_hal_cortex.o
 .debug_line    0x0000d989      0xae2 Drivers/STM32F4xx_HAL_Driver/stm32f4xx_hal_dac.o
 .debug_line    0x0000e46b      0xb63 Drivers/STM32F4xx_HAL_Driver/stm32f4xx_hal_dma.o
 .debug_line    0x0000efce      0xa97 Drivers/STM32F4xx_HAL_Driver/stm32f4xx_hal_gpio.o
 .debug_line    0x0000fa65      0xa34 Drivers/STM32F4xx_HAL_Driver/stm32f4xx_hal_pwr.o
 .debug_line    0x00010499      0xa03 Drivers/STM32F4xx_HAL_Driver/stm32f4xx_hal_pwr_ex.o
 .debug_line    0x00010e9c      0xbb0 Drivers/STM32F4xx_HAL_Driver/stm32f4xx_hal_rcc.o
 .debug_line    0x00011a4c     0x1288 Drivers/STM32F4xx_HAL_Driver/stm32f4xx_hal_sd.o
 .debug_line    0x00012cd4      0xbe6 Drivers/STM32F4xx_HAL_Driver/stm32f4xx_hal_sdram.o
 .debug_line    0x000138ba     0x10fa Drivers/STM32F4xx_HAL_Driver/stm32f4xx_hal_spi.o
 .debug_line    0x000149b4     0x1a24 Drivers/STM32F4xx_HAL_Driver/stm32f4xx_hal_tim.o
 .debug_line    0x000163d8      0xe51 Drivers/STM32F4xx_HAL_Driver/stm32f4xx_hal_tim_ex.o
 .debug_line    0x00017229      0xc15 Drivers/STM32F4xx_HAL_Driver/stm32f4xx_ll_fmc.o
 .debug_line    0x00017e3e      0x9a7 Drivers/STM32F4xx_HAL_Driver/stm32f4xx_ll_sdmmc.o
 .debug_line    0x000187e5      0x941 Middlewares/FatFs/ff_gen_drv.o
 .debug_line    0x00019126      0x9bf Middlewares/FatFs/sd_diskio.o

.debug_info     0x00000000    0x1a759
 .debug_info    0x00000000       0xd9 Application/SW4STM32/startup_stm32f429xx.o
 .debug_info    0x000000d9      0xc0a Application/User/adc.o
 .debug_info    0x00000ce3      0x9c7 Application/User/audio.o
 .debug_info    0x000016aa      0xc91 Application/User/bsp_driver_sd.o
 .debug_info    0x0000233b      0x844 Application/User/dac.o
 .debug_info    0x00002b7f      0x50d Application/User/dma.o
 .debug_info    0x0000308c      0x907 Application/User/drums.o
 .debug_info    0x00003993      0x27c Application/User/fatfs.o
 .debug_info    0x00003c0f      0x912 Application/User/fmc.o
 .debug_info    0x00004521      0x7f7 Application/User/gpio.o
 .debug_info    0x00004d18     0x1431 Application/User/main.o
 .debug_info    0x00006149      0xbc9 Application/User/sdio.o
 .debug_info    0x00006d12      0x9a4 Application/User/spi.o
 .debug_info    0x000076b6     0x17a4 Application/User/stm32f429i_discovery.o
 .debug_info    0x00008e5a      0xdff Application/User/stm32f429i_discovery_sdram.o
 .debug_info    0x00009c59      0x326 Application/User/stm32f4xx_hal_msp.o
 .debug_info    0x00009f7f      0x8ea Application/User/stm32f4xx_it.o
 .debug_info    0x0000a869      0xb90 Application/User/tim.o
 .debug_info    0x0000b3f9      0x64b Drivers/CMSIS/system_stm32f4xx.o
 .debug_info    0x0000ba44      0x922 Drivers/STM32F4xx_HAL_Driver/stm32f4xx_hal.o
 .debug_info    0x0000c366      0xc5d Drivers/STM32F4xx_HAL_Driver/stm32f4xx_hal_adc.o
 .debug_info    0x0000cfc3      0xa69 Drivers/STM32F4xx_HAL_Driver/stm32f4xx_hal_adc_ex.o
 .debug_info    0x0000da2c      0xd50 Drivers/STM32F4xx_HAL_Driver/stm32f4xx_hal_cortex.o
 .debug_info    0x0000e77c      0x98e Drivers/STM32F4xx_HAL_Driver/stm32f4xx_hal_dac.o
 .debug_info    0x0000f10a      0x8f7 Drivers/STM32F4xx_HAL_Driver/stm32f4xx_hal_dma.o
 .debug_info    0x0000fa01      0x739 Drivers/STM32F4xx_HAL_Driver/stm32f4xx_hal_gpio.o
 .debug_info    0x0001013a      0x885 Drivers/STM32F4xx_HAL_Driver/stm32f4xx_hal_pwr.o
 .debug_info    0x000109bf      0x891 Drivers/STM32F4xx_HAL_Driver/stm32f4xx_hal_pwr_ex.o
 .debug_info    0x00011250      0xb52 Drivers/STM32F4xx_HAL_Driver/stm32f4xx_hal_rcc.o
 .debug_info    0x00011da2     0x1b5e Drivers/STM32F4xx_HAL_Driver/stm32f4xx_hal_sd.o
 .debug_info    0x00013900      0xc07 Drivers/STM32F4xx_HAL_Driver/stm32f4xx_hal_sdram.o
 .debug_info    0x00014507     0x127d Drivers/STM32F4xx_HAL_Driver/stm32f4xx_hal_spi.o
 .debug_info    0x00015784     0x2192 Drivers/STM32F4xx_HAL_Driver/stm32f4xx_hal_tim.o
 .debug_info    0x00017916      0xf58 Drivers/STM32F4xx_HAL_Driver/stm32f4xx_hal_tim_ex.o
 .debug_info    0x0001886e      0xe6e Drivers/STM32F4xx_HAL_Driver/stm32f4xx_ll_fmc.o
 .debug_info    0x000196dc      0x602 Drivers/STM32F4xx_HAL_Driver/stm32f4xx_ll_sdmmc.o
 .debug_info    0x00019cde      0x3c4 Middlewares/FatFs/ff_gen_drv.o
 .debug_info    0x0001a0a2      0x6b7 Middlewares/FatFs/sd_diskio.o

.debug_abbrev   0x00000000     0x413c
 .debug_abbrev  0x00000000       0x12 Application/SW4STM32/startup_stm32f429xx.o
 .debug_abbrev  0x00000012      0x17f Application/User/adc.o
 .debug_abbrev  0x00000191      0x1e1 Application/User/audio.o
 .debug_abbrev  0x00000372      0x250 Application/User/bsp_driver_sd.o
 .debug_abbrev  0x000005c2      0x160 Application/User/dac.o
 .debug_abbrev  0x00000722       0xef Application/User/dma.o
 .debug_abbrev  0x00000811      0x1e7 Application/User/drums.o
 .debug_abbrev  0x000009f8      0x115 Application/User/fatfs.o
 .debug_abbrev  0x00000b0d      0x1b7 Application/User/fmc.o
 .debug_abbrev  0x00000cc4      0x177 Application/User/gpio.o
 .debug_abbrev  0x00000e3b      0x21c Application/User/main.o
 .debug_abbrev  0x00001057      0x190 Application/User/sdio.o
 .debug_abbrev  0x000011e7      0x1a3 Application/User/spi.o
 .debug_abbrev  0x0000138a      0x258 Application/User/stm32f429i_discovery.o
 .debug_abbrev  0x000015e2      0x1ff Application/User/stm32f429i_discovery_sdram.o
 .debug_abbrev  0x000017e1       0x8b Application/User/stm32f4xx_hal_msp.o
 .debug_abbrev  0x0000186c      0x187 Application/User/stm32f4xx_it.o
 .debug_abbrev  0x000019f3      0x174 Application/User/tim.o
 .debug_abbrev  0x00001b67      0x12b Drivers/CMSIS/system_stm32f4xx.o
 .debug_abbrev  0x00001c92      0x20f Drivers/STM32F4xx_HAL_Driver/stm32f4xx_hal.o
 .debug_abbrev  0x00001ea1      0x227 Drivers/STM32F4xx_HAL_Driver/stm32f4xx_hal_adc.o
 .debug_abbrev  0x000020c8      0x1e7 Drivers/STM32F4xx_HAL_Driver/stm32f4xx_hal_adc_ex.o
 .debug_abbrev  0x000022af      0x2cc Drivers/STM32F4xx_HAL_Driver/stm32f4xx_hal_cortex.o
 .debug_abbrev  0x0000257b      0x1c9 Drivers/STM32F4xx_HAL_Driver/stm32f4xx_hal_dac.o
 .debug_abbrev  0x00002744      0x229 Drivers/STM32F4xx_HAL_Driver/stm32f4xx_hal_dma.o
 .debug_abbrev  0x0000296d      0x1af Drivers/STM32F4xx_HAL_Driver/stm32f4xx_hal_gpio.o
 .debug_abbrev  0x00002b1c      0x1f8 Drivers/STM32F4xx_HAL_Driver/stm32f4xx_hal_pwr.o
 .debug_abbrev  0x00002d14      0x1fd Drivers/STM32F4xx_HAL_Driver/stm32f4xx_hal_pwr_ex.o
 .debug_abbrev  0x00002f11      0x2b3 Drivers/STM32F4xx_HAL_Driver/stm32f4xx_hal_rcc.o
 .debug_abbrev  0x000031c4      0x221 Drivers/STM32F4xx_HAL_Driver/stm32f4xx_hal_sd.o
 .debug_abbrev  0x000033e5      0x1dd Drivers/STM32F4xx_HAL_Driver/stm32f4xx_hal_sdram.o
 .debug_abbrev  0x000035c2      0x202 Drivers/STM32F4xx_HAL_Driver/stm32f4xx_hal_spi.o
 .debug_abbrev  0x000037c4      0x20b Drivers/STM32F4xx_HAL_Driver/stm32f4xx_hal_tim.o
 .debug_abbrev  0x000039cf      0x202 Drivers/STM32F4xx_HAL_Driver/stm32f4xx_hal_tim_ex.o
 .debug_abbrev  0x00003bd1      0x172 Drivers/STM32F4xx_HAL_Driver/stm32f4xx_ll_fmc.o
 .debug_abbrev  0x00003d43      0x163 Drivers/STM32F4xx_HAL_Driver/stm32f4xx_ll_sdmmc.o
 .debug_abbrev  0x00003ea6      0x16f Middlewares/FatFs/ff_gen_drv.o
 .debug_abbrev  0x00004015      0x127 Middlewares/FatFs/sd_diskio.o

.debug_aranges  0x00000000     0x16a0
 .debug_aranges
                0x00000000       0x28 Application/SW4STM32/startup_stm32f429xx.o
 .debug_aranges
                0x00000028       0x38 Application/User/adc.o
 .debug_aranges
                0x00000060       0x48 Application/User/audio.o
 .debug_aranges
                0x000000a8       0x90 Application/User/bsp_driver_sd.o
 .debug_aranges
                0x00000138       0x30 Application/User/dac.o
 .debug_aranges
                0x00000168       0x20 Application/User/dma.o
 .debug_aranges
                0x00000188       0x30 Application/User/drums.o
 .debug_aranges
                0x000001b8       0x28 Application/User/fatfs.o
 .debug_aranges
                0x000001e0       0x40 Application/User/fmc.o
 .debug_aranges
                0x00000220       0x30 Application/User/gpio.o
 .debug_aranges
                0x00000250       0x40 Application/User/main.o
 .debug_aranges
                0x00000290       0x30 Application/User/sdio.o
 .debug_aranges
                0x000002c0       0x40 Application/User/spi.o
 .debug_aranges
                0x00000300      0x138 Application/User/stm32f429i_discovery.o
 .debug_aranges
                0x00000438       0x68 Application/User/stm32f429i_discovery_sdram.o
 .debug_aranges
                0x000004a0       0x20 Application/User/stm32f4xx_hal_msp.o
 .debug_aranges
                0x000004c0       0x78 Application/User/stm32f4xx_it.o
 .debug_aranges
                0x00000538       0x40 Application/User/tim.o
 .debug_aranges
                0x00000578       0x30 Drivers/CMSIS/system_stm32f4xx.o
 .debug_aranges
                0x000005a8       0xd0 Drivers/STM32F4xx_HAL_Driver/stm32f4xx_hal.o
 .debug_aranges
                0x00000678       0xe8 Drivers/STM32F4xx_HAL_Driver/stm32f4xx_hal_adc.o
 .debug_aranges
                0x00000760       0x90 Drivers/STM32F4xx_HAL_Driver/stm32f4xx_hal_adc_ex.o
 .debug_aranges
                0x000007f0      0x108 Drivers/STM32F4xx_HAL_Driver/stm32f4xx_hal_cortex.o
 .debug_aranges
                0x000008f8       0xc0 Drivers/STM32F4xx_HAL_Driver/stm32f4xx_hal_dac.o
 .debug_aranges
                0x000009b8       0x90 Drivers/STM32F4xx_HAL_Driver/stm32f4xx_hal_dma.o
 .debug_aranges
                0x00000a48       0x58 Drivers/STM32F4xx_HAL_Driver/stm32f4xx_hal_gpio.o
 .debug_aranges
                0x00000aa0       0xa0 Drivers/STM32F4xx_HAL_Driver/stm32f4xx_hal_pwr.o
 .debug_aranges
                0x00000b40       0x60 Drivers/STM32F4xx_HAL_Driver/stm32f4xx_hal_pwr_ex.o
 .debug_aranges
                0x00000ba0       0x88 Drivers/STM32F4xx_HAL_Driver/stm32f4xx_hal_rcc.o
 .debug_aranges
                0x00000c28      0x180 Drivers/STM32F4xx_HAL_Driver/stm32f4xx_hal_sd.o
 .debug_aranges
                0x00000da8       0xd0 Drivers/STM32F4xx_HAL_Driver/stm32f4xx_hal_sdram.o
 .debug_aranges
                0x00000e78      0x190 Drivers/STM32F4xx_HAL_Driver/stm32f4xx_hal_spi.o
 .debug_aranges
                0x00001008      0x368 Drivers/STM32F4xx_HAL_Driver/stm32f4xx_hal_tim.o
 .debug_aranges
                0x00001370      0x140 Drivers/STM32F4xx_HAL_Driver/stm32f4xx_hal_tim_ex.o
 .debug_aranges
                0x000014b0       0xf0 Drivers/STM32F4xx_HAL_Driver/stm32f4xx_ll_fmc.o
 .debug_aranges
                0x000015a0       0x80 Drivers/STM32F4xx_HAL_Driver/stm32f4xx_ll_sdmmc.o
 .debug_aranges
                0x00001620       0x40 Middlewares/FatFs/ff_gen_drv.o
 .debug_aranges
                0x00001660       0x40 Middlewares/FatFs/sd_diskio.o

.debug_ranges   0x00000000     0x1448
 .debug_ranges  0x00000000       0x20 Application/SW4STM32/startup_stm32f429xx.o
 .debug_ranges  0x00000020       0x28 Application/User/adc.o
 .debug_ranges  0x00000048       0x38 Application/User/audio.o
 .debug_ranges  0x00000080       0x80 Application/User/bsp_driver_sd.o
 .debug_ranges  0x00000100       0x20 Application/User/dac.o
 .debug_ranges  0x00000120       0x10 Application/User/dma.o
 .debug_ranges  0x00000130       0x20 Application/User/drums.o
 .debug_ranges  0x00000150       0x18 Application/User/fatfs.o
 .debug_ranges  0x00000168       0x30 Application/User/fmc.o
 .debug_ranges  0x00000198       0x20 Application/User/gpio.o
 .debug_ranges  0x000001b8       0x30 Application/User/main.o
 .debug_ranges  0x000001e8       0x20 Application/User/sdio.o
 .debug_ranges  0x00000208       0x30 Application/User/spi.o
 .debug_ranges  0x00000238      0x128 Application/User/stm32f429i_discovery.o
 .debug_ranges  0x00000360       0x58 Application/User/stm32f429i_discovery_sdram.o
 .debug_ranges  0x000003b8       0x10 Application/User/stm32f4xx_hal_msp.o
 .debug_ranges  0x000003c8       0x68 Application/User/stm32f4xx_it.o
 .debug_ranges  0x00000430       0x30 Application/User/tim.o
 .debug_ranges  0x00000460       0x20 Drivers/CMSIS/system_stm32f4xx.o
 .debug_ranges  0x00000480       0xc0 Drivers/STM32F4xx_HAL_Driver/stm32f4xx_hal.o
 .debug_ranges  0x00000540       0xd8 Drivers/STM32F4xx_HAL_Driver/stm32f4xx_hal_adc.o
 .debug_ranges  0x00000618       0x80 Drivers/STM32F4xx_HAL_Driver/stm32f4xx_hal_adc_ex.o
 .debug_ranges  0x00000698       0xf8 Drivers/STM32F4xx_HAL_Driver/stm32f4xx_hal_cortex.o
 .debug_ranges  0x00000790       0xb0 Drivers/STM32F4xx_HAL_Driver/stm32f4xx_hal_dac.o
 .debug_ranges  0x00000840       0x80 Drivers/STM32F4xx_HAL_Driver/stm32f4xx_hal_dma.o
 .debug_ranges  0x000008c0       0x48 Drivers/STM32F4xx_HAL_Driver/stm32f4xx_hal_gpio.o
 .debug_ranges  0x00000908       0x90 Drivers/STM32F4xx_HAL_Driver/stm32f4xx_hal_pwr.o
 .debug_ranges  0x00000998       0x50 Drivers/STM32F4xx_HAL_Driver/stm32f4xx_hal_pwr_ex.o
 .debug_ranges  0x000009e8       0x78 Drivers/STM32F4xx_HAL_Driver/stm32f4xx_hal_rcc.o
 .debug_ranges  0x00000a60      0x170 Drivers/STM32F4xx_HAL_Driver/stm32f4xx_hal_sd.o
 .debug_ranges  0x00000bd0       0xc0 Drivers/STM32F4xx_HAL_Driver/stm32f4xx_hal_sdram.o
 .debug_ranges  0x00000c90      0x180 Drivers/STM32F4xx_HAL_Driver/stm32f4xx_hal_spi.o
 .debug_ranges  0x00000e10      0x358 Drivers/STM32F4xx_HAL_Driver/stm32f4xx_hal_tim.o
 .debug_ranges  0x00001168      0x130 Drivers/STM32F4xx_HAL_Driver/stm32f4xx_hal_tim_ex.o
 .debug_ranges  0x00001298       0xe0 Drivers/STM32F4xx_HAL_Driver/stm32f4xx_ll_fmc.o
 .debug_ranges  0x00001378       0x70 Drivers/STM32F4xx_HAL_Driver/stm32f4xx_ll_sdmmc.o
 .debug_ranges  0x000013e8       0x30 Middlewares/FatFs/ff_gen_drv.o
 .debug_ranges  0x00001418       0x30 Middlewares/FatFs/sd_diskio.o

.debug_macro    0x00000000    0x2cc6b
 .debug_macro   0x00000000      0x3b1 Application/User/adc.o
 .debug_macro   0x000003b1      0x898 Application/User/adc.o
 .debug_macro   0x00000c49       0x22 Application/User/adc.o
 .debug_macro   0x00000c6b       0x87 Application/User/adc.o
 .debug_macro   0x00000cf2       0x44 Application/User/adc.o
 .debug_macro   0x00000d36       0xfd Application/User/adc.o
 .debug_macro   0x00000e33       0x5e Application/User/adc.o
 .debug_macro   0x00000e91      0x1df Application/User/adc.o
 .debug_macro   0x00001070      0x4d8 Application/User/adc.o
 .debug_macro   0x00001548      0x197 Application/User/adc.o
 .debug_macro   0x000016df       0x33 Application/User/adc.o
 .debug_macro   0x00001712       0x28 Application/User/adc.o
 .debug_macro   0x0000173a       0x3b Application/User/adc.o
 .debug_macro   0x00001775       0x50 Application/User/adc.o
 .debug_macro   0x000017c5      0xe66 Application/User/adc.o
 .debug_macro   0x0000262b    0x17dd7 Application/User/adc.o
 .debug_macro   0x0001a402       0x43 Application/User/adc.o
 .debug_macro   0x0001a445     0x34ef Application/User/adc.o
 .debug_macro   0x0001d934       0x52 Application/User/adc.o
 .debug_macro   0x0001d986       0x35 Application/User/adc.o
 .debug_macro   0x0001d9bb       0x9c Application/User/adc.o
 .debug_macro   0x0001da57       0x16 Application/User/adc.o
 .debug_macro   0x0001da6d       0x97 Application/User/adc.o
 .debug_macro   0x0001db04      0x30d Application/User/adc.o
 .debug_macro   0x0001de11       0xfd Application/User/adc.o
 .debug_macro   0x0001df0e       0x10 Application/User/adc.o
 .debug_macro   0x0001df1e       0x52 Application/User/adc.o
 .debug_macro   0x0001df70       0x1f Application/User/adc.o
 .debug_macro   0x0001df8f       0x43 Application/User/adc.o
 .debug_macro   0x0001dfd2       0x20 Application/User/adc.o
 .debug_macro   0x0001dff2      0x187 Application/User/adc.o
 .debug_macro   0x0001e179       0x10 Application/User/adc.o
 .debug_macro   0x0001e189       0x1c Application/User/adc.o
 .debug_macro   0x0001e1a5       0x52 Application/User/adc.o
 .debug_macro   0x0001e1f7       0x40 Application/User/adc.o
 .debug_macro   0x0001e237       0x10 Application/User/adc.o
 .debug_macro   0x0001e247       0x40 Application/User/adc.o
 .debug_macro   0x0001e287       0xd7 Application/User/adc.o
 .debug_macro   0x0001e35e       0x16 Application/User/adc.o
 .debug_macro   0x0001e374      0x189 Application/User/adc.o
 .debug_macro   0x0001e4fd       0x50 Application/User/adc.o
 .debug_macro   0x0001e54d      0xc9e Application/User/adc.o
 .debug_macro   0x0001f1eb      0x9e1 Application/User/adc.o
 .debug_macro   0x0001fbcc      0x11e Application/User/adc.o
 .debug_macro   0x0001fcea      0x161 Application/User/adc.o
 .debug_macro   0x0001fe4b       0x27 Application/User/adc.o
 .debug_macro   0x0001fe72      0x287 Application/User/adc.o
 .debug_macro   0x000200f9       0x5f Application/User/adc.o
 .debug_macro   0x00020158      0x23a Application/User/adc.o
 .debug_macro   0x00020392      0x391 Application/User/adc.o
 .debug_macro   0x00020723      0x17d Application/User/adc.o
 .debug_macro   0x000208a0       0xf9 Application/User/adc.o
 .debug_macro   0x00020999       0xe6 Application/User/adc.o
 .debug_macro   0x00020a7f       0xa1 Application/User/adc.o
 .debug_macro   0x00020b20       0x3c Application/User/adc.o
 .debug_macro   0x00020b5c      0x13a Application/User/adc.o
 .debug_macro   0x00020c96      0x41d Application/User/adc.o
 .debug_macro   0x000210b3       0x2e Application/User/adc.o
 .debug_macro   0x000210e1      0x582 Application/User/adc.o
 .debug_macro   0x00021663      0x11e Application/User/adc.o
 .debug_macro   0x00021781       0xe2 Application/User/adc.o
 .debug_macro   0x00021863       0x89 Application/User/adc.o
 .debug_macro   0x000218ec      0x48d Application/User/adc.o
 .debug_macro   0x00021d79      0x22b Application/User/adc.o
 .debug_macro   0x00021fa4      0x202 Application/User/adc.o
 .debug_macro   0x000221a6      0x6d9 Application/User/adc.o
 .debug_macro   0x0002287f       0x5b Application/User/adc.o
 .debug_macro   0x000228da      0x14d Application/User/adc.o
 .debug_macro   0x00022a27      0x12c Application/User/adc.o
 .debug_macro   0x00022b53      0x265 Application/User/adc.o
 .debug_macro   0x00022db8      0x1e1 Application/User/adc.o
 .debug_macro   0x00022f99      0x3e8 Application/User/audio.o
 .debug_macro   0x00023381      0x25f Application/User/audio.o
 .debug_macro   0x000235e0       0x99 Application/User/audio.o
 .debug_macro   0x00023679       0x16 Application/User/audio.o
 .debug_macro   0x0002368f       0x35 Application/User/audio.o
 .debug_macro   0x000236c4       0x2b Application/User/audio.o
 .debug_macro   0x000236ef      0x118 Application/User/audio.o
 .debug_macro   0x00023807       0x16 Application/User/audio.o
 .debug_macro   0x0002381d      0x37c Application/User/bsp_driver_sd.o
 .debug_macro   0x00023b99       0x28 Application/User/bsp_driver_sd.o
 .debug_macro   0x00023bc1      0x381 Application/User/dac.o
 .debug_macro   0x00023f42      0x377 Application/User/dma.o
 .debug_macro   0x000242b9      0x3c3 Application/User/drums.o
 .debug_macro   0x0002467c       0x2e Application/User/drums.o
 .debug_macro   0x000246aa       0xda Application/User/drums.o
 .debug_macro   0x00024784       0xee Application/User/drums.o
 .debug_macro   0x00024872       0x2e Application/User/drums.o
 .debug_macro   0x000248a0      0x3c9 Application/User/fatfs.o
 .debug_macro   0x00024c69       0x8e Application/User/fatfs.o
 .debug_macro   0x00024cf7      0x381 Application/User/fmc.o
 .debug_macro   0x00025078      0x384 Application/User/gpio.o
 .debug_macro   0x000253fc      0x4ab Application/User/main.o
 .debug_macro   0x000258a7       0x40 Application/User/main.o
 .debug_macro   0x000258e7       0x16 Application/User/main.o
 .debug_macro   0x000258fd       0x16 Application/User/main.o
 .debug_macro   0x00025913       0x29 Application/User/main.o
 .debug_macro   0x0002593c      0x381 Application/User/sdio.o
 .debug_macro   0x00025cbd      0x381 Application/User/spi.o
 .debug_macro   0x0002603e      0x3bc Application/User/stm32f429i_discovery.o
 .debug_macro   0x000263fa      0x1a1 Application/User/stm32f429i_discovery.o
 .debug_macro   0x0002659b       0x22 Application/User/stm32f429i_discovery.o
 .debug_macro   0x000265bd       0xa5 Application/User/stm32f429i_discovery.o
 .debug_macro   0x00026662      0x38b Application/User/stm32f429i_discovery_sdram.o
 .debug_macro   0x000269ed      0x36d Application/User/stm32f4xx_hal_msp.o
 .debug_macro   0x00026d5a      0x397 Application/User/stm32f4xx_it.o
 .debug_macro   0x000270f1      0x384 Application/User/tim.o
 .debug_macro   0x00027475      0x373 Drivers/CMSIS/system_stm32f4xx.o
 .debug_macro   0x000277e8      0x89e Drivers/CMSIS/system_stm32f4xx.o
 .debug_macro   0x00028086       0x35 Drivers/CMSIS/system_stm32f4xx.o
 .debug_macro   0x000280bb      0x4de Drivers/CMSIS/system_stm32f4xx.o
 .debug_macro   0x00028599      0x3cd Drivers/STM32F4xx_HAL_Driver/stm32f4xx_hal.o
 .debug_macro   0x00028966      0x36e Drivers/STM32F4xx_HAL_Driver/stm32f4xx_hal_adc.o
 .debug_macro   0x00028cd4      0x36d Drivers/STM32F4xx_HAL_Driver/stm32f4xx_hal_adc_ex.o
 .debug_macro   0x00029041      0x36d Drivers/STM32F4xx_HAL_Driver/stm32f4xx_hal_cortex.o
 .debug_macro   0x000293ae      0x36e Drivers/STM32F4xx_HAL_Driver/stm32f4xx_hal_dac.o
 .debug_macro   0x0002971c      0x374 Drivers/STM32F4xx_HAL_Driver/stm32f4xx_hal_dma.o
 .debug_macro   0x00029a90      0x3a5 Drivers/STM32F4xx_HAL_Driver/stm32f4xx_hal_gpio.o
 .debug_macro   0x00029e35      0x385 Drivers/STM32F4xx_HAL_Driver/stm32f4xx_hal_pwr.o
 .debug_macro   0x0002a1ba      0x385 Drivers/STM32F4xx_HAL_Driver/stm32f4xx_hal_pwr_ex.o
 .debug_macro   0x0002a53f      0x397 Drivers/STM32F4xx_HAL_Driver/stm32f4xx_hal_rcc.o
 .debug_macro   0x0002a8d6      0x4b7 Drivers/STM32F4xx_HAL_Driver/stm32f4xx_hal_sd.o
 .debug_macro   0x0002ad8d      0x36d Drivers/STM32F4xx_HAL_Driver/stm32f4xx_hal_sdram.o
 .debug_macro   0x0002b0fa      0x375 Drivers/STM32F4xx_HAL_Driver/stm32f4xx_hal_spi.o
 .debug_macro   0x0002b46f      0x36e Drivers/STM32F4xx_HAL_Driver/stm32f4xx_hal_tim.o
 .debug_macro   0x0002b7dd      0x36d Drivers/STM32F4xx_HAL_Driver/stm32f4xx_hal_tim_ex.o
 .debug_macro   0x0002bb4a      0x36d Drivers/STM32F4xx_HAL_Driver/stm32f4xx_ll_fmc.o
 .debug_macro   0x0002beb7      0x36e Drivers/STM32F4xx_HAL_Driver/stm32f4xx_ll_sdmmc.o
 .debug_macro   0x0002c225      0x3b6 Middlewares/FatFs/ff_gen_drv.o
 .debug_macro   0x0002c5db      0x3cd Middlewares/FatFs/sd_diskio.o
 .debug_macro   0x0002c9a8       0x4c Middlewares/FatFs/sd_diskio.o
 .debug_macro   0x0002c9f4       0x8d Middlewares/FatFs/sd_diskio.o
 .debug_macro   0x0002ca81      0x174 Middlewares/FatFs/sd_diskio.o
 .debug_macro   0x0002cbf5       0x4a Middlewares/FatFs/sd_diskio.o
 .debug_macro   0x0002cc3f       0x10 Middlewares/FatFs/sd_diskio.o
 .debug_macro   0x0002cc4f       0x1c Middlewares/FatFs/sd_diskio.o

.debug_str      0x00000000    0xe70b6
 .debug_str     0x00000000    0xdccd6 Application/User/adc.o
                              0xdd0d7 (size before relaxing)
 .debug_str     0x000dccd6      0xca0 Application/User/audio.o
                              0xdcc78 (size before relaxing)
 .debug_str     0x000dd976      0x8ef Application/User/bsp_driver_sd.o
                              0xdb9ae (size before relaxing)
 .debug_str     0x000de265       0xa8 Application/User/dac.o
                              0xdb349 (size before relaxing)
 .debug_str     0x000de30d       0x3f Application/User/dma.o
                              0xdb421 (size before relaxing)
 .debug_str     0x000de34c      0xa05 Application/User/drums.o
                              0xdc85d (size before relaxing)
 .debug_str     0x000ded51      0x26d Application/User/fatfs.o
                              0xdb6e3 (size before relaxing)
 .debug_str     0x000defbe      0x2cf Application/User/fmc.o
                              0xdb482 (size before relaxing)
 .debug_str     0x000df28d       0x70 Application/User/gpio.o
                              0xdc47e (size before relaxing)
 .debug_str     0x000df2fd      0x856 Application/User/main.o
                              0xde7be (size before relaxing)
 .debug_str     0x000dfb53       0x6d Application/User/sdio.o
                              0xdb5c4 (size before relaxing)
 .debug_str     0x000dfbc0      0x2ae Application/User/spi.o
                              0xdb48c (size before relaxing)
 .debug_str     0x000dfe6e     0x1f4f Application/User/stm32f429i_discovery.o
                              0xde794 (size before relaxing)
 .debug_str     0x000e1dbd      0x167 Application/User/stm32f429i_discovery_sdram.o
                              0xdce1d (size before relaxing)
 .debug_str     0x000e1f24       0x4d Application/User/stm32f4xx_hal_msp.o
                              0xdb310 (size before relaxing)
 .debug_str     0x000e1f71      0x114 Application/User/stm32f4xx_it.o
                              0xdc7b6 (size before relaxing)
 .debug_str     0x000e2085      0x123 Application/User/tim.o
                              0xdc85c (size before relaxing)
 .debug_str     0x000e21a8      0x134 Drivers/CMSIS/system_stm32f4xx.o
                              0xdb039 (size before relaxing)
 .debug_str     0x000e22dc      0x5a9 Drivers/STM32F4xx_HAL_Driver/stm32f4xx_hal.o
                              0xdbab2 (size before relaxing)
 .debug_str     0x000e2885      0x296 Drivers/STM32F4xx_HAL_Driver/stm32f4xx_hal_adc.o
                              0xdb514 (size before relaxing)
 .debug_str     0x000e2b1b      0x328 Drivers/STM32F4xx_HAL_Driver/stm32f4xx_hal_adc_ex.o
                              0xdb53a (size before relaxing)
 .debug_str     0x000e2e43      0x378 Drivers/STM32F4xx_HAL_Driver/stm32f4xx_hal_cortex.o
                              0xdb842 (size before relaxing)
 .debug_str     0x000e31bb      0x1e3 Drivers/STM32F4xx_HAL_Driver/stm32f4xx_hal_dac.o
                              0xdb389 (size before relaxing)
 .debug_str     0x000e339e      0x354 Drivers/STM32F4xx_HAL_Driver/stm32f4xx_hal_dma.o
                              0xdb3a7 (size before relaxing)
 .debug_str     0x000e36f2      0x264 Drivers/STM32F4xx_HAL_Driver/stm32f4xx_hal_gpio.o
                              0xdb229 (size before relaxing)
 .debug_str     0x000e3956      0x2c6 Drivers/STM32F4xx_HAL_Driver/stm32f4xx_hal_pwr.o
                              0xdb223 (size before relaxing)
 .debug_str     0x000e3c1c      0x13f Drivers/STM32F4xx_HAL_Driver/stm32f4xx_hal_pwr_ex.o
                              0xdb18d (size before relaxing)
 .debug_str     0x000e3d5b      0x28d Drivers/STM32F4xx_HAL_Driver/stm32f4xx_hal_rcc.o
                              0xdb3a0 (size before relaxing)
 .debug_str     0x000e3fe8     0x100d Drivers/STM32F4xx_HAL_Driver/stm32f4xx_hal_sd.o
                              0xdc821 (size before relaxing)
 .debug_str     0x000e4ff5      0x246 Drivers/STM32F4xx_HAL_Driver/stm32f4xx_hal_sdram.o
                              0xdb56b (size before relaxing)
 .debug_str     0x000e523b      0x478 Drivers/STM32F4xx_HAL_Driver/stm32f4xx_hal_spi.o
                              0xdb6d8 (size before relaxing)
 .debug_str     0x000e56b3      0xc68 Drivers/STM32F4xx_HAL_Driver/stm32f4xx_hal_tim.o
                              0xdbf57 (size before relaxing)
 .debug_str     0x000e631b      0x4fe Drivers/STM32F4xx_HAL_Driver/stm32f4xx_hal_tim_ex.o
                              0xdb80a (size before relaxing)
 .debug_str     0x000e6819      0x563 Drivers/STM32F4xx_HAL_Driver/stm32f4xx_ll_fmc.o
                              0xdb5ba (size before relaxing)
 .debug_str     0x000e6d7c      0x19d Drivers/STM32F4xx_HAL_Driver/stm32f4xx_ll_sdmmc.o
                              0xdb0e2 (size before relaxing)
 .debug_str     0x000e6f19       0xf1 Middlewares/FatFs/ff_gen_drv.o
                              0xdb753 (size before relaxing)
 .debug_str     0x000e700a       0xac Middlewares/FatFs/sd_diskio.o
                              0xdba03 (size before relaxing)

.comment        0x00000000       0x6e
 .comment       0x00000000       0x6e Application/User/adc.o
                                 0x6f (size before relaxing)
 .comment       0x0000006e       0x6f Application/User/audio.o
 .comment       0x0000006e       0x6f Application/User/bsp_driver_sd.o
 .comment       0x0000006e       0x6f Application/User/dac.o
 .comment       0x0000006e       0x6f Application/User/dma.o
 .comment       0x0000006e       0x6f Application/User/drums.o
 .comment       0x0000006e       0x6f Application/User/fatfs.o
 .comment       0x0000006e       0x6f Application/User/fmc.o
 .comment       0x0000006e       0x6f Application/User/gpio.o
 .comment       0x0000006e       0x6f Application/User/main.o
 .comment       0x0000006e       0x6f Application/User/sdio.o
 .comment       0x0000006e       0x6f Application/User/spi.o
 .comment       0x0000006e       0x6f Application/User/stm32f429i_discovery.o
 .comment       0x0000006e       0x6f Application/User/stm32f429i_discovery_sdram.o
 .comment       0x0000006e       0x6f Application/User/stm32f4xx_hal_msp.o
 .comment       0x0000006e       0x6f Application/User/stm32f4xx_it.o
 .comment       0x0000006e       0x6f Application/User/tim.o
 .comment       0x0000006e       0x6f Drivers/CMSIS/system_stm32f4xx.o
 .comment       0x0000006e       0x6f Drivers/STM32F4xx_HAL_Driver/stm32f4xx_hal.o
 .comment       0x0000006e       0x6f Drivers/STM32F4xx_HAL_Driver/stm32f4xx_hal_adc.o
 .comment       0x0000006e       0x6f Drivers/STM32F4xx_HAL_Driver/stm32f4xx_hal_adc_ex.o
 .comment       0x0000006e       0x6f Drivers/STM32F4xx_HAL_Driver/stm32f4xx_hal_cortex.o
 .comment       0x0000006e       0x6f Drivers/STM32F4xx_HAL_Driver/stm32f4xx_hal_dac.o
 .comment       0x0000006e       0x6f Drivers/STM32F4xx_HAL_Driver/stm32f4xx_hal_dma.o
 .comment       0x0000006e       0x6f Drivers/STM32F4xx_HAL_Driver/stm32f4xx_hal_gpio.o
 .comment       0x0000006e       0x6f Drivers/STM32F4xx_HAL_Driver/stm32f4xx_hal_pwr.o
 .comment       0x0000006e       0x6f Drivers/STM32F4xx_HAL_Driver/stm32f4xx_hal_pwr_ex.o
 .comment       0x0000006e       0x6f Drivers/STM32F4xx_HAL_Driver/stm32f4xx_hal_rcc.o
 .comment       0x0000006e       0x6f Drivers/STM32F4xx_HAL_Driver/stm32f4xx_hal_sd.o
 .comment       0x0000006e       0x6f Drivers/STM32F4xx_HAL_Driver/stm32f4xx_hal_sdram.o
 .comment       0x0000006e       0x6f Drivers/STM32F4xx_HAL_Driver/stm32f4xx_hal_spi.o
 .comment       0x0000006e       0x6f Drivers/STM32F4xx_HAL_Driver/stm32f4xx_hal_tim.o
 .comment       0x0000006e       0x6f Drivers/STM32F4xx_HAL_Driver/stm32f4xx_hal_tim_ex.o
 .comment       0x0000006e       0x6f Drivers/STM32F4xx_HAL_Driver/stm32f4xx_ll_fmc.o
 .comment       0x0000006e       0x6f Drivers/STM32F4xx_HAL_Driver/stm32f4xx_ll_sdmmc.o
 .comment       0x0000006e       0x6f Middlewares/FatFs/ff_gen_drv.o
 .comment       0x0000006e       0x6f Middlewares/FatFs/sd_diskio.o

.debug_frame    0x00000000     0x5a60
 .debug_frame   0x00000000       0xa0 Application/User/adc.o
 .debug_frame   0x000000a0       0xdc Application/User/audio.o
 .debug_frame   0x0000017c      0x208 Application/User/bsp_driver_sd.o
 .debug_frame   0x00000384       0x7c Application/User/dac.o
 .debug_frame   0x00000400       0x34 Application/User/dma.o
 .debug_frame   0x00000434       0x88 Application/User/drums.o
 .debug_frame   0x000004bc       0x4c Application/User/fatfs.o
 .debug_frame   0x00000508       0xbc Application/User/fmc.o
 .debug_frame   0x000005c4       0x80 Application/User/gpio.o
 .debug_frame   0x00000644       0xb0 Application/User/main.o
 .debug_frame   0x000006f4       0x78 Application/User/sdio.o
 .debug_frame   0x0000076c       0xc4 Application/User/spi.o
 .debug_frame   0x00000830      0x4ec Application/User/stm32f429i_discovery.o
 .debug_frame   0x00000d1c      0x168 Application/User/stm32f429i_discovery_sdram.o
 .debug_frame   0x00000e84       0x2c Application/User/stm32f4xx_hal_msp.o
 .debug_frame   0x00000eb0      0x180 Application/User/stm32f4xx_it.o
 .debug_frame   0x00001030       0xc4 Application/User/tim.o
 .debug_frame   0x000010f4       0x7c Drivers/CMSIS/system_stm32f4xx.o
 .debug_frame   0x00001170      0x310 Drivers/STM32F4xx_HAL_Driver/stm32f4xx_hal.o
 .debug_frame   0x00001480      0x400 Drivers/STM32F4xx_HAL_Driver/stm32f4xx_hal_adc.o
 .debug_frame   0x00001880      0x254 Drivers/STM32F4xx_HAL_Driver/stm32f4xx_hal_adc_ex.o
 .debug_frame   0x00001ad4      0x450 Drivers/STM32F4xx_HAL_Driver/stm32f4xx_hal_cortex.o
 .debug_frame   0x00001f24      0x338 Drivers/STM32F4xx_HAL_Driver/stm32f4xx_hal_dac.o
 .debug_frame   0x0000225c      0x250 Drivers/STM32F4xx_HAL_Driver/stm32f4xx_hal_dma.o
 .debug_frame   0x000024ac      0x14c Drivers/STM32F4xx_HAL_Driver/stm32f4xx_hal_gpio.o
 .debug_frame   0x000025f8      0x274 Drivers/STM32F4xx_HAL_Driver/stm32f4xx_hal_pwr.o
 .debug_frame   0x0000286c      0x158 Drivers/STM32F4xx_HAL_Driver/stm32f4xx_hal_pwr_ex.o
 .debug_frame   0x000029c4      0x200 Drivers/STM32F4xx_HAL_Driver/stm32f4xx_hal_rcc.o
 .debug_frame   0x00002bc4      0x6e4 Drivers/STM32F4xx_HAL_Driver/stm32f4xx_hal_sd.o
 .debug_frame   0x000032a8      0x37c Drivers/STM32F4xx_HAL_Driver/stm32f4xx_hal_sdram.o
 .debug_frame   0x00003624      0x6f4 Drivers/STM32F4xx_HAL_Driver/stm32f4xx_hal_spi.o
 .debug_frame   0x00003d18      0xfb4 Drivers/STM32F4xx_HAL_Driver/stm32f4xx_hal_tim.o
 .debug_frame   0x00004ccc      0x574 Drivers/STM32F4xx_HAL_Driver/stm32f4xx_hal_tim_ex.o
 .debug_frame   0x00005240      0x440 Drivers/STM32F4xx_HAL_Driver/stm32f4xx_ll_fmc.o
 .debug_frame   0x00005680      0x21c Drivers/STM32F4xx_HAL_Driver/stm32f4xx_ll_sdmmc.o
 .debug_frame   0x0000589c       0xc8 Middlewares/FatFs/ff_gen_drv.o
 .debug_frame   0x00005964       0xd0 Middlewares/FatFs/sd_diskio.o
 .debug_frame   0x00005a34       0x2c c:/ac6/systemworkbench/plugins/fr.ac6.mcu.externaltools.arm-none.win32_1.12.0.201611241417/tools/compiler/bin/../lib/gcc/arm-none-eabi/5.4.1/../../../../arm-none-eabi/lib/armv7e-m/fpu\libc_nano.a(lib_a-init.o)