Archive member included to satisfy reference by file (symbol)

c:/ac6/systemworkbench/plugins/fr.ac6.mcu.externaltools.arm-none.win32_1.12.0.201611241417/tools/compiler/bin/../lib/gcc/arm-none-eabi/5.4.1/../../../../arm-none-eabi/lib/armv7e-m/fpu\libc_nano.a(lib_a-bzero.o)
                              Application/User/audio.o (bzero)
c:/ac6/systemworkbench/plugins/fr.ac6.mcu.externaltools.arm-none.win32_1.12.0.201611241417/tools/compiler/bin/../lib/gcc/arm-none-eabi/5.4.1/../../../../arm-none-eabi/lib/armv7e-m/fpu\libc_nano.a(lib_a-exit.o)
                              c:/ac6/systemworkbench/plugins/fr.ac6.mcu.externaltools.arm-none.win32_1.12.0.201611241417/tools/compiler/bin/../lib/gcc/arm-none-eabi/5.4.1/../../../../arm-none-eabi/lib/armv7e-m/fpu/crt0.o (exit)
c:/ac6/systemworkbench/plugins/fr.ac6.mcu.externaltools.arm-none.win32_1.12.0.201611241417/tools/compiler/bin/../lib/gcc/arm-none-eabi/5.4.1/../../../../arm-none-eabi/lib/armv7e-m/fpu\libc_nano.a(lib_a-impure.o)
                              c:/ac6/systemworkbench/plugins/fr.ac6.mcu.externaltools.arm-none.win32_1.12.0.201611241417/tools/compiler/bin/../lib/gcc/arm-none-eabi/5.4.1/../../../../arm-none-eabi/lib/armv7e-m/fpu\libc_nano.a(lib_a-exit.o) (_global_impure_ptr)
c:/ac6/systemworkbench/plugins/fr.ac6.mcu.externaltools.arm-none.win32_1.12.0.201611241417/tools/compiler/bin/../lib/gcc/arm-none-eabi/5.4.1/../../../../arm-none-eabi/lib/armv7e-m/fpu\libc_nano.a(lib_a-init.o)
                              c:/ac6/systemworkbench/plugins/fr.ac6.mcu.externaltools.arm-none.win32_1.12.0.201611241417/tools/compiler/bin/../lib/gcc/arm-none-eabi/5.4.1/../../../../arm-none-eabi/lib/armv7e-m/fpu/crt0.o (__libc_init_array)
c:/ac6/systemworkbench/plugins/fr.ac6.mcu.externaltools.arm-none.win32_1.12.0.201611241417/tools/compiler/bin/../lib/gcc/arm-none-eabi/5.4.1/../../../../arm-none-eabi/lib/armv7e-m/fpu\libc_nano.a(lib_a-memset.o)
                              c:/ac6/systemworkbench/plugins/fr.ac6.mcu.externaltools.arm-none.win32_1.12.0.201611241417/tools/compiler/bin/../lib/gcc/arm-none-eabi/5.4.1/../../../../arm-none-eabi/lib/armv7e-m/fpu/crt0.o (memset)
c:/ac6/systemworkbench/plugins/fr.ac6.mcu.externaltools.arm-none.win32_1.12.0.201611241417/tools/compiler/bin/../lib/gcc/arm-none-eabi/5.4.1/../../../../arm-none-eabi/lib/armv7e-m/fpu\libnosys.a(_exit.o)
                              c:/ac6/systemworkbench/plugins/fr.ac6.mcu.externaltools.arm-none.win32_1.12.0.201611241417/tools/compiler/bin/../lib/gcc/arm-none-eabi/5.4.1/../../../../arm-none-eabi/lib/armv7e-m/fpu\libc_nano.a(lib_a-exit.o) (_exit)

Allocating common symbols
Common symbol       size              file

wrptr               0x4               Application/User/audio.o
hi2c3               0x54              Application/User/i2c.o
htim8               0x3c              Application/User/tim.o
oldsample           0x4               Application/User/audio.o
uwTick              0x4               Drivers/STM32F4xx_HAL_Driver/stm32f4xx_hal.o
write_buffer_2      0x1000            Application/User/audio.o
pFlash              0x20              Drivers/STM32F4xx_HAL_Driver/stm32f4xx_hal_flash.o
htim3               0x3c              Application/User/tim.o
rdptr               0x4               Application/User/audio.o
hspi3               0x58              Application/User/spi.o
CurrentBytes        0x4               Application/User/audio.o
hsdram2             0x34              Application/User/fmc.o
CurrentSize         0x4               Application/User/audio.o
readADC             0x4               Application/User/audio.o
read_buffer_1       0x1000            Application/User/audio.o
ads1256data         0x4               Application/User/audio.o
lower               0x2               Application/User/audio.o
taptone_buffer      0xc8              Application/User/main.o
newsample           0x2               Application/User/audio.o
g_tADS1256          0x28              Application/User/ads1256_test.o
upperlower          0x4               Application/User/audio.o
write_buffer_1      0x1000            Application/User/audio.o
mixed               0x2               Application/User/audio.o
upper               0x2               Application/User/audio.o
htim2               0x3c              Application/User/tim.o
I2cHandle           0x54              Application/User/stm32f429i_discovery.o
sample              0x2               Application/User/audio.o
read_buffer_2       0x1000            Application/User/audio.o

Discarded input sections

 .text          0x00000000        0x0 c:/ac6/systemworkbench/plugins/fr.ac6.mcu.externaltools.arm-none.win32_1.12.0.201611241417/tools/compiler/bin/../lib/gcc/arm-none-eabi/5.4.1/armv7e-m/fpu/crti.o
 .data          0x00000000        0x0 c:/ac6/systemworkbench/plugins/fr.ac6.mcu.externaltools.arm-none.win32_1.12.0.201611241417/tools/compiler/bin/../lib/gcc/arm-none-eabi/5.4.1/armv7e-m/fpu/crti.o
[...]
Memory Configuration

Name             Origin             Length             Attributes
RAM              0x20000000         0x00030000         xrw
CCMRAM           0x10000000         0x00010000         rw
FLASH            0x08000000         0x00200000         xr
*default*        0x00000000         0xffffffff

Linker script and memory map

LOAD c:/ac6/systemworkbench/plugins/fr.ac6.mcu.externaltools.arm-none.win32_1.12.0.201611241417/tools/compiler/bin/../lib/gcc/arm-none-eabi/5.4.1/armv7e-m/fpu/crti.o
LOAD c:/ac6/systemworkbench/plugins/fr.ac6.mcu.externaltools.arm-none.win32_1.12.0.201611241417/tools/compiler/bin/../lib/gcc/arm-none-eabi/5.4.1/armv7e-m/fpu/crtbegin.o
LOAD c:/ac6/systemworkbench/plugins/fr.ac6.mcu.externaltools.arm-none.win32_1.12.0.201611241417/tools/compiler/bin/../lib/gcc/arm-none-eabi/5.4.1/../../../../arm-none-eabi/lib/armv7e-m/fpu/crt0.o
LOAD c:/ac6/systemworkbench/plugins/fr.ac6.mcu.externaltools.arm-none.win32_1.12.0.201611241417/tools/compiler/bin/../lib/gcc/arm-none-eabi/5.4.1/../../../../arm-none-eabi/lib/armv7e-m/fpu\libm.a
LOAD Application/SW4STM32/startup_stm32f429xx.o
LOAD Application/User/ads1256_test.o
LOAD Application/User/audio.o
LOAD Application/User/fmc.o
LOAD Application/User/gpio.o
LOAD Application/User/i2c.o
LOAD Application/User/keyboard.o
LOAD Application/User/main.o
LOAD Application/User/spi.o
LOAD Application/User/stm32f429i_discovery.o
LOAD Application/User/stm32f429i_discovery_sdram.o
LOAD Application/User/stm32f4xx_hal_msp.o
LOAD Application/User/stm32f4xx_it.o
LOAD Application/User/tim.o
LOAD Drivers/CMSIS/system_stm32f4xx.o
LOAD Drivers/STM32F4xx_HAL_Driver/stm32f4xx_hal.o
LOAD Drivers/STM32F4xx_HAL_Driver/stm32f4xx_hal_cortex.o
LOAD Drivers/STM32F4xx_HAL_Driver/stm32f4xx_hal_dma.o
LOAD Drivers/STM32F4xx_HAL_Driver/stm32f4xx_hal_dma_ex.o
LOAD Drivers/STM32F4xx_HAL_Driver/stm32f4xx_hal_flash.o
LOAD Drivers/STM32F4xx_HAL_Driver/stm32f4xx_hal_flash_ex.o
LOAD Drivers/STM32F4xx_HAL_Driver/stm32f4xx_hal_flash_ramfunc.o
LOAD Drivers/STM32F4xx_HAL_Driver/stm32f4xx_hal_gpio.o
LOAD Drivers/STM32F4xx_HAL_Driver/stm32f4xx_hal_i2c.o
LOAD Drivers/STM32F4xx_HAL_Driver/stm32f4xx_hal_i2c_ex.o
LOAD Drivers/STM32F4xx_HAL_Driver/stm32f4xx_hal_pwr.o
LOAD Drivers/STM32F4xx_HAL_Driver/stm32f4xx_hal_pwr_ex.o
LOAD Drivers/STM32F4xx_HAL_Driver/stm32f4xx_hal_rcc.o
LOAD Drivers/STM32F4xx_HAL_Driver/stm32f4xx_hal_rcc_ex.o
LOAD Drivers/STM32F4xx_HAL_Driver/stm32f4xx_hal_sdram.o
LOAD Drivers/STM32F4xx_HAL_Driver/stm32f4xx_hal_spi.o
LOAD Drivers/STM32F4xx_HAL_Driver/stm32f4xx_hal_tim.o
LOAD Drivers/STM32F4xx_HAL_Driver/stm32f4xx_hal_tim_ex.o
LOAD Drivers/STM32F4xx_HAL_Driver/stm32f4xx_ll_fmc.o
START GROUP
LOAD c:/ac6/systemworkbench/plugins/fr.ac6.mcu.externaltools.arm-none.win32_1.12.0.201611241417/tools/compiler/bin/../lib/gcc/arm-none-eabi/5.4.1/armv7e-m/fpu\libgcc.a
LOAD c:/ac6/systemworkbench/plugins/fr.ac6.mcu.externaltools.arm-none.win32_1.12.0.201611241417/tools/compiler/bin/../lib/gcc/arm-none-eabi/5.4.1/../../../../arm-none-eabi/lib/armv7e-m/fpu\libc_nano.a
END GROUP
START GROUP
LOAD c:/ac6/systemworkbench/plugins/fr.ac6.mcu.externaltools.arm-none.win32_1.12.0.201611241417/tools/compiler/bin/../lib/gcc/arm-none-eabi/5.4.1/armv7e-m/fpu\libgcc.a
LOAD c:/ac6/systemworkbench/plugins/fr.ac6.mcu.externaltools.arm-none.win32_1.12.0.201611241417/tools/compiler/bin/../lib/gcc/arm-none-eabi/5.4.1/../../../../arm-none-eabi/lib/armv7e-m/fpu\libc_nano.a
LOAD c:/ac6/systemworkbench/plugins/fr.ac6.mcu.externaltools.arm-none.win32_1.12.0.201611241417/tools/compiler/bin/../lib/gcc/arm-none-eabi/5.4.1/../../../../arm-none-eabi/lib/armv7e-m/fpu\libnosys.a
END GROUP
START GROUP
LOAD c:/ac6/systemworkbench/plugins/fr.ac6.mcu.externaltools.arm-none.win32_1.12.0.201611241417/tools/compiler/bin/../lib/gcc/arm-none-eabi/5.4.1/armv7e-m/fpu\libgcc.a
LOAD c:/ac6/systemworkbench/plugins/fr.ac6.mcu.externaltools.arm-none.win32_1.12.0.201611241417/tools/compiler/bin/../lib/gcc/arm-none-eabi/5.4.1/../../../../arm-none-eabi/lib/armv7e-m/fpu\libc_nano.a
LOAD c:/ac6/systemworkbench/plugins/fr.ac6.mcu.externaltools.arm-none.win32_1.12.0.201611241417/tools/compiler/bin/../lib/gcc/arm-none-eabi/5.4.1/../../../../arm-none-eabi/lib/armv7e-m/fpu\libnosys.a
END GROUP
LOAD c:/ac6/systemworkbench/plugins/fr.ac6.mcu.externaltools.arm-none.win32_1.12.0.201611241417/tools/compiler/bin/../lib/gcc/arm-none-eabi/5.4.1/armv7e-m/fpu/crtend.o
LOAD c:/ac6/systemworkbench/plugins/fr.ac6.mcu.externaltools.arm-none.win32_1.12.0.201611241417/tools/compiler/bin/../lib/gcc/arm-none-eabi/5.4.1/armv7e-m/fpu/crtn.o
                0x20030000                _estack = 0x20030000
                0x00000200                _Min_Heap_Size = 0x200
                0x00000400                _Min_Stack_Size = 0x400

.isr_vector     0x08000000      0x1ac
                0x08000000                . = ALIGN (0x4)
 *(.isr_vector)
 .isr_vector    0x08000000      0x1ac Application/SW4STM32/startup_stm32f429xx.o
                0x08000000                g_pfnVectors
                0x080001ac                . = ALIGN (0x4)

.text           0x080001ac     0x4c2c
                0x080001ac                . = ALIGN (0x4)
 *(.text)
 .text          0x080001ac       0x5c c:/ac6/systemworkbench/plugins/fr.ac6.mcu.externaltools.arm-none.win32_1.12.0.201611241417/tools/compiler/bin/../lib/gcc/arm-none-eabi/5.4.1/armv7e-m/fpu/crtbegin.o
 *(.text*)
 .text.Reset_Handler
                0x08000208       0x50 Application/SW4STM32/startup_stm32f429xx.o
                0x08000208                Reset_Handler
 .text.Default_Handler
                0x08000258        0x2 Application/SW4STM32/startup_stm32f429xx.o
                0x08000258                RTC_Alarm_IRQHandler
                0x08000258                HASH_RNG_IRQHandler
                0x08000258                TIM8_CC_IRQHandler
                0x08000258                DebugMon_Handler
                0x08000258                UART8_IRQHandler
                0x08000258                SPI4_IRQHandler
                0x08000258                TIM1_CC_IRQHandler
                0x08000258                DMA2_Stream5_IRQHandler
                0x08000258                HardFault_Handler
                0x08000258                DMA1_Stream5_IRQHandler
                0x08000258                SDIO_IRQHandler
                0x08000258                TAMP_STAMP_IRQHandler
                0x08000258                NMI_Handler
                0x08000258                CAN2_RX1_IRQHandler
                0x08000258                EXTI3_IRQHandler
                0x08000258                TIM8_TRG_COM_TIM14_IRQHandler
                0x08000258                TIM1_UP_TIM10_IRQHandler
                0x08000258                TIM8_UP_TIM13_IRQHandler
                0x08000258                I2C3_ER_IRQHandler
                0x08000258                I2C2_EV_IRQHandler
                0x08000258                DMA1_Stream2_IRQHandler
                0x08000258                CAN1_RX0_IRQHandler
                0x08000258                FPU_IRQHandler
                0x08000258                OTG_HS_WKUP_IRQHandler
                0x08000258                UsageFault_Handler
                0x08000258                LTDC_ER_IRQHandler
                0x08000258                CAN2_SCE_IRQHandler
                0x08000258                DMA2_Stream2_IRQHandler
                0x08000258                SPI1_IRQHandler
                0x08000258                TIM6_DAC_IRQHandler
                0x08000258                TIM1_BRK_TIM9_IRQHandler
                0x08000258                DCMI_IRQHandler
                0x08000258                CAN2_RX0_IRQHandler
                0x08000258                DMA2_Stream3_IRQHandler
                0x08000258                USART6_IRQHandler
                0x08000258                USART3_IRQHandler
                0x08000258                CAN1_RX1_IRQHandler
                0x08000258                UART5_IRQHandler
                0x08000258                TIM4_IRQHandler
                0x08000258                I2C1_EV_IRQHandler
                0x08000258                DMA1_Stream6_IRQHandler
                0x08000258                DMA1_Stream1_IRQHandler
                0x08000258                UART4_IRQHandler
                0x08000258                RCC_IRQHandler
                0x08000258                TIM8_BRK_TIM12_IRQHandler
                0x08000258                Default_Handler
                0x08000258                EXTI15_10_IRQHandler
                0x08000258                ADC_IRQHandler
                0x08000258                DMA1_Stream7_IRQHandler
                0x08000258                SPI5_IRQHandler
                0x08000258                TIM7_IRQHandler
                0x08000258                CAN2_TX_IRQHandler
                0x08000258                TIM5_IRQHandler
                0x08000258                DMA2_Stream7_IRQHandler
                0x08000258                I2C3_EV_IRQHandler
                0x08000258                RTC_WKUP_IRQHandler
                0x08000258                LTDC_IRQHandler
                0x08000258                ETH_WKUP_IRQHandler
                0x08000258                SPI2_IRQHandler
                0x08000258                OTG_HS_EP1_IN_IRQHandler
                0x08000258                MemManage_Handler
                0x08000258                DMA1_Stream0_IRQHandler
                0x08000258                CAN1_TX_IRQHandler
                0x08000258                EXTI4_IRQHandler
                0x08000258                ETH_IRQHandler
                0x08000258                OTG_HS_EP1_OUT_IRQHandler
                0x08000258                WWDG_IRQHandler
                0x08000258                SPI6_IRQHandler
                0x08000258                TIM2_IRQHandler
                0x08000258                OTG_FS_WKUP_IRQHandler
                0x08000258                TIM1_TRG_COM_TIM11_IRQHandler
                0x08000258                OTG_HS_IRQHandler
                0x08000258                DMA2D_IRQHandler
                0x08000258                EXTI1_IRQHandler
                0x08000258                UART7_IRQHandler
                0x08000258                USART2_IRQHandler
                0x08000258                I2C2_ER_IRQHandler
                0x08000258                DMA2_Stream1_IRQHandler
                0x08000258                CAN1_SCE_IRQHandler
                0x08000258                FLASH_IRQHandler
                0x08000258                DMA2_Stream4_IRQHandler
                0x08000258                BusFault_Handler
                0x08000258                USART1_IRQHandler
                0x08000258                OTG_FS_IRQHandler
                0x08000258                SPI3_IRQHandler
                0x08000258                DMA1_Stream4_IRQHandler
                0x08000258                I2C1_ER_IRQHandler
                0x08000258                FMC_IRQHandler
                0x08000258                DMA2_Stream6_IRQHandler
                0x08000258                SAI1_IRQHandler
                0x08000258                DMA1_Stream3_IRQHandler
 *fill*         0x0800025a        0x2 
 .text.ShortDelayUS
                0x0800025c       0x18 Application/User/ads1256_test.o
                0x0800025c                ShortDelayUS
 .text.DelayUS  0x08000274       0x44 Application/User/ads1256_test.o
 .text.bsp_DelayUS
                0x080002b8       0x1c Application/User/ads1256_test.o
                0x080002b8                bsp_DelayUS
 .text.ADS1256_StartScan
                0x080002d4       0x48 Application/User/ads1256_test.o
                0x080002d4                ADS1256_StartScan
 .text.ADS1256_Send8Bit
                0x0800031c       0x30 Application/User/ads1256_test.o
                0x0800031c                ADS1256_Send8Bit
 .text.ADS1256_CfgADC
                0x0800034c       0x94 Application/User/ads1256_test.o
                0x0800034c                ADS1256_CfgADC
 .text.ADS1256_DelayDATA
                0x080003e0       0x14 Application/User/ads1256_test.o
                0x080003e0                ADS1256_DelayDATA
 .text.ADS1256_Recive8Bit
                0x080003f4       0x28 Application/User/ads1256_test.o
                0x080003f4                ADS1256_Recive8Bit
 .text.ADS1256_WriteReg
                0x0800041c       0x4c Application/User/ads1256_test.o
                0x0800041c                ADS1256_WriteReg
 .text.ADS1256_ReadReg
                0x08000468       0x4c Application/User/ads1256_test.o
                0x08000468                ADS1256_ReadReg
 .text.ADS1256_WriteCmd
                0x080004b4       0x34 Application/User/ads1256_test.o
                0x080004b4                ADS1256_WriteCmd
 .text.ADS1256_ReadChipID
                0x080004e8       0x24 Application/User/ads1256_test.o
                0x080004e8                ADS1256_ReadChipID
 .text.ADS1256_SetChannel
                0x0800050c       0x30 Application/User/ads1256_test.o
                0x0800050c                ADS1256_SetChannel
 .text.ADS1256_WaitDRDY
                0x0800053c       0x3c Application/User/ads1256_test.o
                0x0800053c                ADS1256_WaitDRDY
 .text.ADS1256_ReadData
                0x08000578       0x94 Application/User/ads1256_test.o
                0x08000578                ADS1256_ReadData
 .text.Write_DAC8552
                0x0800060c       0x60 Application/User/ads1256_test.o
                0x0800060c                Write_DAC8552
 .text.mix      0x0800066c       0x6c Application/User/audio.o
 .text.getSample
                0x080006d8       0x28 Application/User/audio.o
 .text.play_record
                0x08000700      0x1c8 Application/User/audio.o
                0x08000700                play_record
 .text.MX_FMC_Init
                0x080008c8       0x88 Application/User/fmc.o
                0x080008c8                MX_FMC_Init
 .text.HAL_FMC_MspInit
                0x08000950      0x118 Application/User/fmc.o
 .text.HAL_SDRAM_MspInit
                0x08000a68       0x14 Application/User/fmc.o
                0x08000a68                HAL_SDRAM_MspInit
 .text.MX_GPIO_Init
                0x08000a7c      0x464 Application/User/gpio.o
                0x08000a7c                MX_GPIO_Init
 .text.HAL_GPIO_EXTI_Callback
                0x08000ee0      0x134 Application/User/gpio.o
                0x08000ee0                HAL_GPIO_EXTI_Callback
 .text.MX_I2C3_Init
                0x08001014       0x5c Application/User/i2c.o
                0x08001014                MX_I2C3_Init
 .text.HAL_I2C_MspInit
                0x08001070       0x8c Application/User/i2c.o
                0x08001070                HAL_I2C_MspInit
 .text.main     0x080010fc       0xd4 Application/User/main.o
                0x080010fc                main
 .text.SystemClock_Config
                0x080011d0       0xec Application/User/main.o
                0x080011d0                SystemClock_Config
 .text.buttonHandler
                0x080012bc       0x8c Application/User/main.o
                0x080012bc                buttonHandler
 .text.Error_Handler
                0x08001348        0x8 Application/User/main.o
                0x08001348                Error_Handler
 .text.MX_SPI3_Init
                0x08001350       0x6c Application/User/spi.o
                0x08001350                MX_SPI3_Init
 .text.HAL_SPI_MspInit
                0x080013bc       0x88 Application/User/spi.o
                0x080013bc                HAL_SPI_MspInit
 .text.BSP_LED_Init
                0x08001444       0xa8 Application/User/stm32f429i_discovery.o
                0x08001444                BSP_LED_Init
 .text.BSP_LED_On
                0x080014ec       0x34 Application/User/stm32f429i_discovery.o
                0x080014ec                BSP_LED_On
 .text.BSP_LED_Off
                0x08001520       0x34 Application/User/stm32f429i_discovery.o
                0x08001520                BSP_LED_Off
 .text.BSP_PB_Init
                0x08001554       0xb0 Application/User/stm32f429i_discovery.o
                0x08001554                BSP_PB_Init
 .text.BSP_SDRAM_Init
                0x08001604       0x9c Application/User/stm32f429i_discovery_sdram.o
                0x08001604                BSP_SDRAM_Init
 .text.BSP_SDRAM_Initialization_sequence
                0x080016a0       0xc0 Application/User/stm32f429i_discovery_sdram.o
                0x080016a0                BSP_SDRAM_Initialization_sequence
 .text.BSP_SDRAM_ReadData
                0x08001760       0x24 Application/User/stm32f429i_discovery_sdram.o
                0x08001760                BSP_SDRAM_ReadData
 .text.BSP_SDRAM_WriteData
                0x08001784       0x2c Application/User/stm32f429i_discovery_sdram.o
                0x08001784                BSP_SDRAM_WriteData
 .text.BSP_SDRAM_DMA_IRQHandler
                0x080017b0       0x18 Application/User/stm32f429i_discovery_sdram.o
                0x080017b0                BSP_SDRAM_DMA_IRQHandler
 .text.MspInit  0x080017c8      0x214 Application/User/stm32f429i_discovery_sdram.o
 .text.HAL_MspInit
                0x080019dc       0x74 Application/User/stm32f4xx_hal_msp.o
                0x080019dc                HAL_MspInit
 .text.SVC_Handler
                0x08001a50       0x10 Application/User/stm32f4xx_it.o
                0x08001a50                SVC_Handler
 .text.PendSV_Handler
                0x08001a60       0x10 Application/User/stm32f4xx_it.o
                0x08001a60                PendSV_Handler
 .text.SysTick_Handler
                0x08001a70       0x10 Application/User/stm32f4xx_it.o
                0x08001a70                SysTick_Handler
 .text.PVD_IRQHandler
                0x08001a80        0xc Application/User/stm32f4xx_it.o
                0x08001a80                PVD_IRQHandler
 .text.EXTI2_IRQHandler
                0x08001a8c       0x10 Application/User/stm32f4xx_it.o
                0x08001a8c                EXTI2_IRQHandler
 .text.EXTI9_5_IRQHandler
                0x08001a9c       0x18 Application/User/stm32f4xx_it.o
                0x08001a9c                EXTI9_5_IRQHandler
 .text.TIM3_IRQHandler
                0x08001ab4       0x18 Application/User/stm32f4xx_it.o
                0x08001ab4                TIM3_IRQHandler
 .text.DMA2_Stream0_IRQHandler
                0x08001acc        0xc Application/User/stm32f4xx_it.o
                0x08001acc                DMA2_Stream0_IRQHandler
 .text.EXTI0_IRQHandler
                0x08001ad8       0x10 Application/User/stm32f4xx_it.o
                0x08001ad8                EXTI0_IRQHandler
 .text.MX_TIM2_Init
                0x08001ae8       0x7c Application/User/tim.o
                0x08001ae8                MX_TIM2_Init
 .text.MX_TIM3_Init
                0x08001b64       0x80 Application/User/tim.o
                0x08001b64                MX_TIM3_Init
 .text.MX_TIM8_Init
                0x08001be4       0x84 Application/User/tim.o
                0x08001be4                MX_TIM8_Init
 .text.HAL_TIM_Base_MspInit
                0x08001c68       0xa4 Application/User/tim.o
                0x08001c68                HAL_TIM_Base_MspInit
 .text.SystemInit
                0x08001d0c       0x6c Drivers/CMSIS/system_stm32f4xx.o
                0x08001d0c                SystemInit
 .text.HAL_Init
                0x08001d78       0x44 Drivers/STM32F4xx_HAL_Driver/stm32f4xx_hal.o
                0x08001d78                HAL_Init
 .text.HAL_InitTick
                0x08001dbc       0x38 Drivers/STM32F4xx_HAL_Driver/stm32f4xx_hal.o
                0x08001dbc                HAL_InitTick
 .text.HAL_IncTick
                0x08001df4       0x1c Drivers/STM32F4xx_HAL_Driver/stm32f4xx_hal.o
                0x08001df4                HAL_IncTick
 .text.HAL_GetTick
                0x08001e10       0x18 Drivers/STM32F4xx_HAL_Driver/stm32f4xx_hal.o
                0x08001e10                HAL_GetTick
 .text.HAL_Delay
                0x08001e28       0x2c Drivers/STM32F4xx_HAL_Driver/stm32f4xx_hal.o
                0x08001e28                HAL_Delay
 .text.NVIC_SetPriorityGrouping
                0x08001e54       0x48 Drivers/STM32F4xx_HAL_Driver/stm32f4xx_hal_cortex.o
 .text.NVIC_GetPriorityGrouping
                0x08001e9c       0x1c Drivers/STM32F4xx_HAL_Driver/stm32f4xx_hal_cortex.o
 .text.NVIC_EnableIRQ
                0x08001eb8       0x34 Drivers/STM32F4xx_HAL_Driver/stm32f4xx_hal_cortex.o
 .text.NVIC_DisableIRQ
                0x08001eec       0x34 Drivers/STM32F4xx_HAL_Driver/stm32f4xx_hal_cortex.o
 .text.NVIC_SetPriority
                0x08001f20       0x54 Drivers/STM32F4xx_HAL_Driver/stm32f4xx_hal_cortex.o
 .text.NVIC_EncodePriority
                0x08001f74       0x64 Drivers/STM32F4xx_HAL_Driver/stm32f4xx_hal_cortex.o
 .text.SysTick_Config
                0x08001fd8       0x44 Drivers/STM32F4xx_HAL_Driver/stm32f4xx_hal_cortex.o
 .text.HAL_NVIC_SetPriorityGrouping
                0x0800201c       0x18 Drivers/STM32F4xx_HAL_Driver/stm32f4xx_hal_cortex.o
                0x0800201c                HAL_NVIC_SetPriorityGrouping
 .text.HAL_NVIC_SetPriority
                0x08002034       0x38 Drivers/STM32F4xx_HAL_Driver/stm32f4xx_hal_cortex.o
                0x08002034                HAL_NVIC_SetPriority
 .text.HAL_NVIC_EnableIRQ
                0x0800206c       0x1c Drivers/STM32F4xx_HAL_Driver/stm32f4xx_hal_cortex.o
                0x0800206c                HAL_NVIC_EnableIRQ
 .text.HAL_NVIC_DisableIRQ
                0x08002088       0x1c Drivers/STM32F4xx_HAL_Driver/stm32f4xx_hal_cortex.o
                0x08002088                HAL_NVIC_DisableIRQ
 .text.HAL_SYSTICK_Config
                0x080020a4       0x18 Drivers/STM32F4xx_HAL_Driver/stm32f4xx_hal_cortex.o
                0x080020a4                HAL_SYSTICK_Config
 .text.HAL_SYSTICK_CLKSourceConfig
                0x080020bc       0x38 Drivers/STM32F4xx_HAL_Driver/stm32f4xx_hal_cortex.o
                0x080020bc                HAL_SYSTICK_CLKSourceConfig
 .text.HAL_SYSTICK_IRQHandler
                0x080020f4        0xc Drivers/STM32F4xx_HAL_Driver/stm32f4xx_hal_cortex.o
                0x080020f4                HAL_SYSTICK_IRQHandler
 .text.HAL_SYSTICK_Callback
                0x08002100       0x10 Drivers/STM32F4xx_HAL_Driver/stm32f4xx_hal_cortex.o
                0x08002100                HAL_SYSTICK_Callback
 .text.HAL_DMA_Init
                0x08002110      0x154 Drivers/STM32F4xx_HAL_Driver/stm32f4xx_hal_dma.o
                0x08002110                HAL_DMA_Init
 .text.HAL_DMA_DeInit
                0x08002264       0x98 Drivers/STM32F4xx_HAL_Driver/stm32f4xx_hal_dma.o
                0x08002264                HAL_DMA_DeInit
 .text.HAL_DMA_IRQHandler
                0x080022fc      0x320 Drivers/STM32F4xx_HAL_Driver/stm32f4xx_hal_dma.o
                0x080022fc                HAL_DMA_IRQHandler
 .text.DMA_CalcBaseAndBitshift
                0x0800261c       0x6c Drivers/STM32F4xx_HAL_Driver/stm32f4xx_hal_dma.o
 .text.DMA_CheckFifoParam
                0x08002688      0x114 Drivers/STM32F4xx_HAL_Driver/stm32f4xx_hal_dma.o
 .text.HAL_GPIO_Init
                0x0800279c      0x354 Drivers/STM32F4xx_HAL_Driver/stm32f4xx_hal_gpio.o
                0x0800279c                HAL_GPIO_Init
 .text.HAL_GPIO_ReadPin
                0x08002af0       0x30 Drivers/STM32F4xx_HAL_Driver/stm32f4xx_hal_gpio.o
                0x08002af0                HAL_GPIO_ReadPin
 .text.HAL_GPIO_WritePin
                0x08002b20       0x34 Drivers/STM32F4xx_HAL_Driver/stm32f4xx_hal_gpio.o
                0x08002b20                HAL_GPIO_WritePin
 .text.HAL_GPIO_EXTI_IRQHandler
                0x08002b54       0x30 Drivers/STM32F4xx_HAL_Driver/stm32f4xx_hal_gpio.o
                0x08002b54                HAL_GPIO_EXTI_IRQHandler
 .text.HAL_I2C_Init
                0x08002b84      0x1c0 Drivers/STM32F4xx_HAL_Driver/stm32f4xx_hal_i2c.o
                0x08002b84                HAL_I2C_Init
 .text.HAL_PWR_PVD_IRQHandler
                0x08002d44       0x24 Drivers/STM32F4xx_HAL_Driver/stm32f4xx_hal_pwr.o
                0x08002d44                HAL_PWR_PVD_IRQHandler
 .text.HAL_PWR_PVDCallback
                0x08002d68       0x10 Drivers/STM32F4xx_HAL_Driver/stm32f4xx_hal_pwr.o
                0x08002d68                HAL_PWR_PVDCallback
 .text.HAL_PWREx_EnableOverDrive
                0x08002d78       0xd0 Drivers/STM32F4xx_HAL_Driver/stm32f4xx_hal_pwr_ex.o
                0x08002d78                HAL_PWREx_EnableOverDrive
 .text.HAL_RCC_OscConfig
                0x08002e48      0x4b4 Drivers/STM32F4xx_HAL_Driver/stm32f4xx_hal_rcc.o
                0x08002e48                HAL_RCC_OscConfig
 .text.HAL_RCC_ClockConfig
                0x080032fc      0x224 Drivers/STM32F4xx_HAL_Driver/stm32f4xx_hal_rcc.o
                0x080032fc                HAL_RCC_ClockConfig
 .text.HAL_RCC_GetSysClockFreq
                0x08003520       0xfc Drivers/STM32F4xx_HAL_Driver/stm32f4xx_hal_rcc.o
                0x08003520                HAL_RCC_GetSysClockFreq
 .text.HAL_RCC_GetHCLKFreq
                0x0800361c       0x18 Drivers/STM32F4xx_HAL_Driver/stm32f4xx_hal_rcc.o
                0x0800361c                HAL_RCC_GetHCLKFreq
 .text.HAL_RCC_GetPCLK1Freq
                0x08003634       0x44 Drivers/STM32F4xx_HAL_Driver/stm32f4xx_hal_rcc.o
                0x08003634                HAL_RCC_GetPCLK1Freq
 .text.HAL_SDRAM_Init
                0x08003678       0x68 Drivers/STM32F4xx_HAL_Driver/stm32f4xx_hal_sdram.o
                0x08003678                HAL_SDRAM_Init
 .text.HAL_SDRAM_Read_32b
                0x080036e0       0x80 Drivers/STM32F4xx_HAL_Driver/stm32f4xx_hal_sdram.o
                0x080036e0                HAL_SDRAM_Read_32b
 .text.HAL_SDRAM_Write_32b
                0x08003760       0x88 Drivers/STM32F4xx_HAL_Driver/stm32f4xx_hal_sdram.o
                0x08003760                HAL_SDRAM_Write_32b
 .text.HAL_SDRAM_WriteProtection_Disable
                0x080037e8       0x44 Drivers/STM32F4xx_HAL_Driver/stm32f4xx_hal_sdram.o
                0x080037e8                HAL_SDRAM_WriteProtection_Disable
 .text.HAL_SDRAM_SendCommand
                0x0800382c       0x58 Drivers/STM32F4xx_HAL_Driver/stm32f4xx_hal_sdram.o
                0x0800382c                HAL_SDRAM_SendCommand
 .text.HAL_SDRAM_ProgramRefreshRate
                0x08003884       0x40 Drivers/STM32F4xx_HAL_Driver/stm32f4xx_hal_sdram.o
                0x08003884                HAL_SDRAM_ProgramRefreshRate
 .text.HAL_SPI_Init
                0x080038c4       0xc8 Drivers/STM32F4xx_HAL_Driver/stm32f4xx_hal_spi.o
                0x080038c4                HAL_SPI_Init
 .text.HAL_SPI_Transmit
                0x0800398c      0x278 Drivers/STM32F4xx_HAL_Driver/stm32f4xx_hal_spi.o
                0x0800398c                HAL_SPI_Transmit
 .text.HAL_SPI_Receive
                0x08003c04      0x21c Drivers/STM32F4xx_HAL_Driver/stm32f4xx_hal_spi.o
                0x08003c04                HAL_SPI_Receive
 .text.HAL_SPI_TransmitReceive
                0x08003e20      0x340 Drivers/STM32F4xx_HAL_Driver/stm32f4xx_hal_spi.o
                0x08003e20                HAL_SPI_TransmitReceive
 .text.SPI_WaitFlagStateUntilTimeout
                0x08004160       0xd4 Drivers/STM32F4xx_HAL_Driver/stm32f4xx_hal_spi.o
 .text.SPI_CheckFlag_BSY
                0x08004234       0x3c Drivers/STM32F4xx_HAL_Driver/stm32f4xx_hal_spi.o
 .text.HAL_TIM_Base_Init
                0x08004270       0x58 Drivers/STM32F4xx_HAL_Driver/stm32f4xx_hal_tim.o
                0x08004270                HAL_TIM_Base_Init
 .text.HAL_TIM_Base_Start
                0x080042c8       0x38 Drivers/STM32F4xx_HAL_Driver/stm32f4xx_hal_tim.o
                0x080042c8                HAL_TIM_Base_Start
 .text.HAL_TIM_Base_Start_IT
                0x08004300       0x38 Drivers/STM32F4xx_HAL_Driver/stm32f4xx_hal_tim.o
                0x08004300                HAL_TIM_Base_Start_IT
 .text.HAL_TIM_IRQHandler
                0x08004338      0x210 Drivers/STM32F4xx_HAL_Driver/stm32f4xx_hal_tim.o
                0x08004338                HAL_TIM_IRQHandler
 .text.HAL_TIM_ConfigClockSource
                0x08004548      0x1b8 Drivers/STM32F4xx_HAL_Driver/stm32f4xx_hal_tim.o
                0x08004548                HAL_TIM_ConfigClockSource
 .text.HAL_TIM_PeriodElapsedCallback
                0x08004700       0x14 Drivers/STM32F4xx_HAL_Driver/stm32f4xx_hal_tim.o
                0x08004700                HAL_TIM_PeriodElapsedCallback
 .text.HAL_TIM_OC_DelayElapsedCallback
                0x08004714       0x14 Drivers/STM32F4xx_HAL_Driver/stm32f4xx_hal_tim.o
                0x08004714                HAL_TIM_OC_DelayElapsedCallback
 .text.HAL_TIM_IC_CaptureCallback
                0x08004728       0x14 Drivers/STM32F4xx_HAL_Driver/stm32f4xx_hal_tim.o
                0x08004728                HAL_TIM_IC_CaptureCallback
 .text.HAL_TIM_PWM_PulseFinishedCallback
                0x0800473c       0x14 Drivers/STM32F4xx_HAL_Driver/stm32f4xx_hal_tim.o
                0x0800473c                HAL_TIM_PWM_PulseFinishedCallback
 .text.HAL_TIM_TriggerCallback
                0x08004750       0x14 Drivers/STM32F4xx_HAL_Driver/stm32f4xx_hal_tim.o
                0x08004750                HAL_TIM_TriggerCallback
 .text.TIM_Base_SetConfig
                0x08004764      0x154 Drivers/STM32F4xx_HAL_Driver/stm32f4xx_hal_tim.o
                0x08004764                TIM_Base_SetConfig
 .text.TIM_TI1_ConfigInputStage
                0x080048b8       0x68 Drivers/STM32F4xx_HAL_Driver/stm32f4xx_hal_tim.o
 .text.TIM_TI2_ConfigInputStage
                0x08004920       0x68 Drivers/STM32F4xx_HAL_Driver/stm32f4xx_hal_tim.o
 .text.TIM_ITRx_SetConfig
                0x08004988       0x40 Drivers/STM32F4xx_HAL_Driver/stm32f4xx_hal_tim.o
 .text.TIM_ETR_SetConfig
                0x080049c8       0x44 Drivers/STM32F4xx_HAL_Driver/stm32f4xx_hal_tim.o
 .text.HAL_TIMEx_MasterConfigSynchronization
                0x08004a0c       0x8c Drivers/STM32F4xx_HAL_Driver/stm32f4xx_hal_tim_ex.o
                0x08004a0c                HAL_TIMEx_MasterConfigSynchronization
 .text.HAL_TIMEx_CommutationCallback
                0x08004a98       0x14 Drivers/STM32F4xx_HAL_Driver/stm32f4xx_hal_tim_ex.o
                0x08004a98                HAL_TIMEx_CommutationCallback
 .text.HAL_TIMEx_BreakCallback
                0x08004aac       0x14 Drivers/STM32F4xx_HAL_Driver/stm32f4xx_hal_tim_ex.o
                0x08004aac                HAL_TIMEx_BreakCallback
 .text.FMC_SDRAM_Init
                0x08004ac0       0xe8 Drivers/STM32F4xx_HAL_Driver/stm32f4xx_ll_fmc.o
                0x08004ac0                FMC_SDRAM_Init
 .text.FMC_SDRAM_Timing_Init
                0x08004ba8      0x100 Drivers/STM32F4xx_HAL_Driver/stm32f4xx_ll_fmc.o
                0x08004ba8                FMC_SDRAM_Timing_Init
 .text.FMC_SDRAM_WriteProtection_Disable
                0x08004ca8       0x2c Drivers/STM32F4xx_HAL_Driver/stm32f4xx_ll_fmc.o
                0x08004ca8                FMC_SDRAM_WriteProtection_Disable
 .text.FMC_SDRAM_SendCommand
                0x08004cd4       0x78 Drivers/STM32F4xx_HAL_Driver/stm32f4xx_ll_fmc.o
                0x08004cd4                FMC_SDRAM_SendCommand
 .text.FMC_SDRAM_ProgramRefreshRate
                0x08004d4c       0x28 Drivers/STM32F4xx_HAL_Driver/stm32f4xx_ll_fmc.o
                0x08004d4c                FMC_SDRAM_ProgramRefreshRate
 .text.__libc_init_array
                0x08004d74       0x4c c:/ac6/systemworkbench/plugins/fr.ac6.mcu.externaltools.arm-none.win32_1.12.0.201611241417/tools/compiler/bin/../lib/gcc/arm-none-eabi/5.4.1/../../../../arm-none-eabi/lib/armv7e-m/fpu\libc_nano.a(lib_a-init.o)
                0x08004d74                __libc_init_array
 *(.glue_7)
 .glue_7        0x08004dc0        0x0 linker stubs
 *(.glue_7t)
 .glue_7t       0x08004dc0        0x0 linker stubs
 *(.eh_frame)
 .eh_frame      0x08004dc0        0x0 c:/ac6/systemworkbench/plugins/fr.ac6.mcu.externaltools.arm-none.win32_1.12.0.201611241417/tools/compiler/bin/../lib/gcc/arm-none-eabi/5.4.1/armv7e-m/fpu/crtbegin.o
 *(.init)
 .init          0x08004dc0        0x4 c:/ac6/systemworkbench/plugins/fr.ac6.mcu.externaltools.arm-none.win32_1.12.0.201611241417/tools/compiler/bin/../lib/gcc/arm-none-eabi/5.4.1/armv7e-m/fpu/crti.o
                0x08004dc0                _init
 .init          0x08004dc4        0x8 c:/ac6/systemworkbench/plugins/fr.ac6.mcu.externaltools.arm-none.win32_1.12.0.201611241417/tools/compiler/bin/../lib/gcc/arm-none-eabi/5.4.1/armv7e-m/fpu/crtn.o
 *(.fini)
 .fini          0x08004dcc        0x4 c:/ac6/systemworkbench/plugins/fr.ac6.mcu.externaltools.arm-none.win32_1.12.0.201611241417/tools/compiler/bin/../lib/gcc/arm-none-eabi/5.4.1/armv7e-m/fpu/crti.o
                0x08004dcc                _fini
 .fini          0x08004dd0        0x8 c:/ac6/systemworkbench/plugins/fr.ac6.mcu.externaltools.arm-none.win32_1.12.0.201611241417/tools/compiler/bin/../lib/gcc/arm-none-eabi/5.4.1/armv7e-m/fpu/crtn.o
                0x08004dd8                . = ALIGN (0x4)
                0x08004dd8                _etext = .

.vfp11_veneer   0x08004dd8        0x0
 .vfp11_veneer  0x08004dd8        0x0 linker stubs

.v4_bx          0x08004dd8        0x0
 .v4_bx         0x08004dd8        0x0 linker stubs

.iplt           0x08004dd8        0x0
 .iplt          0x08004dd8        0x0 c:/ac6/systemworkbench/plugins/fr.ac6.mcu.externaltools.arm-none.win32_1.12.0.201611241417/tools/compiler/bin/../lib/gcc/arm-none-eabi/5.4.1/armv7e-m/fpu/crtbegin.o

.rodata         0x08004dd8       0x34
                0x08004dd8                . = ALIGN (0x4)
 *(.rodata)
 .rodata        0x08004dd8       0x10 Application/User/ads1256_test.o
 .rodata        0x08004de8        0x9 Application/User/stm32f429i_discovery.o
                0x08004de8                GPIO_PIN
                0x08004dec                BUTTON_PIN
                0x08004df0                BUTTON_IRQn
 *fill*         0x08004df1        0x3 
 .rodata        0x08004df4        0x8 Drivers/STM32F4xx_HAL_Driver/stm32f4xx_hal_dma.o
 .rodata        0x08004dfc       0x10 Drivers/STM32F4xx_HAL_Driver/stm32f4xx_hal_rcc.o
                0x08004dfc                APBAHBPrescTable
 *(.rodata*)
                0x08004e0c                . = ALIGN (0x4)

.rel.dyn        0x08004e0c        0x0
 .rel.iplt      0x08004e0c        0x0 c:/ac6/systemworkbench/plugins/fr.ac6.mcu.externaltools.arm-none.win32_1.12.0.201611241417/tools/compiler/bin/../lib/gcc/arm-none-eabi/5.4.1/armv7e-m/fpu/crtbegin.o

.ARM.extab
 *(.ARM.extab* .gnu.linkonce.armextab.*)

.ARM            0x08004e0c        0x0
                0x08004e0c                __exidx_start = .
 *(.ARM.exidx*)
                0x08004e0c                __exidx_end = .

.preinit_array  0x08004e0c        0x0
                0x08004e0c                PROVIDE (__preinit_array_start, .)
 *(.preinit_array*)
                0x08004e0c                PROVIDE (__preinit_array_end, .)

.init_array     0x08004e0c        0x4
                0x08004e0c                PROVIDE (__init_array_start, .)
 *(SORT(.init_array.*))
 *(.init_array*)
 .init_array    0x08004e0c        0x4 c:/ac6/systemworkbench/plugins/fr.ac6.mcu.externaltools.arm-none.win32_1.12.0.201611241417/tools/compiler/bin/../lib/gcc/arm-none-eabi/5.4.1/armv7e-m/fpu/crtbegin.o
                0x08004e10                PROVIDE (__init_array_end, .)

.fini_array     0x08004e10        0x4
                [!provide]                PROVIDE (__fini_array_start, .)
 *(SORT(.fini_array.*))
 *(.fini_array*)
 .fini_array    0x08004e10        0x4 c:/ac6/systemworkbench/plugins/fr.ac6.mcu.externaltools.arm-none.win32_1.12.0.201611241417/tools/compiler/bin/../lib/gcc/arm-none-eabi/5.4.1/armv7e-m/fpu/crtbegin.o
                [!provide]                PROVIDE (__fini_array_end, .)
                0x08004e14                _sidata = LOADADDR (.data)

.data           0x20000000       0x18 load address 0x08004e14
                0x20000000                . = ALIGN (0x4)
                0x20000000                _sdata = .
 *(.data)
 .data          0x20000000       0x14 Application/User/stm32f429i_discovery.o
                0x20000000                GPIO_PORT
                0x20000008                BUTTON_PORT
                0x2000000c                I2cxTimeout
                0x20000010                SpixTimeout
 .data          0x20000014        0x4 Drivers/CMSIS/system_stm32f4xx.o
                0x20000014                SystemCoreClock
 *(.data*)
                0x20000018                . = ALIGN (0x4)
                0x20000018                _edata = .
                0x08004e2c                _siccmram = LOADADDR (.ccmram)

.jcr            0x20000018        0x0 load address 0x08004e2c
 .jcr           0x20000018        0x0 c:/ac6/systemworkbench/plugins/fr.ac6.mcu.externaltools.arm-none.win32_1.12.0.201611241417/tools/compiler/bin/../lib/gcc/arm-none-eabi/5.4.1/armv7e-m/fpu/crtbegin.o

.igot.plt       0x20000018        0x0 load address 0x08004e2c
 .igot.plt      0x20000018        0x0 c:/ac6/systemworkbench/plugins/fr.ac6.mcu.externaltools.arm-none.win32_1.12.0.201611241417/tools/compiler/bin/../lib/gcc/arm-none-eabi/5.4.1/armv7e-m/fpu/crtbegin.o

.ccmram         0x10000000        0x0 load address 0x08004e2c
                0x10000000                . = ALIGN (0x4)
                0x10000000                _sccmram = .
 *(.ccmram)
 *(.ccmram*)
                0x10000000                . = ALIGN (0x4)
                0x10000000                _eccmram = .
                0x10000000                . = ALIGN (0x4)

.bss            0x20000018     0x5310
                0x20000018                _sbss = .
                0x20000018                __bss_start__ = _sbss
 *(.bss)
 .bss           0x20000018       0x1c c:/ac6/systemworkbench/plugins/fr.ac6.mcu.externaltools.arm-none.win32_1.12.0.201611241417/tools/compiler/bin/../lib/gcc/arm-none-eabi/5.4.1/armv7e-m/fpu/crtbegin.o
 .bss           0x20000034        0x7 Application/User/ads1256_test.o
                0x20000034                totalDelay
 *fill*         0x2000003b        0x1 
 .bss           0x2000003c     0x1038 Application/User/audio.o
                0x2000003c                dub_pointer
                0x20000040                read_pointer
                0x20000044                write_pointer
                0x20000048                SamplesWritten
                0x2000004c                SamplesRead
                0x20000050                DataReady
                0x20000054                Recording
                0x20000055                Playback
                0x20000056                Dubbing
                0x20000057                ToggleChannel
                0x20000058                ToggleDubbing
                0x20000059                PlaybackButton
                0x2000005a                RecordingButton
                0x2000005c                BufferCount
                0x20000060                BufferSwitch
                0x20000064                TimeCounter
                0x20000068                ToggleRecording
                0x20000069                TogglePlayback
                0x2000006a                StartApp
                0x2000006b                DmaTransferReady
                0x2000006c                GuitarTrigger
                0x2000006d                first_filled
                0x2000006e                loop
 .bss           0x20001074        0x8 Application/User/fmc.o
 .bss           0x2000107c       0xc0 Application/User/stm32f429i_discovery_sdram.o
 *(.bss*)
 *(COMMON)
 COMMON         0x2000113c       0x28 Application/User/ads1256_test.o
                0x2000113c                g_tADS1256
 COMMON         0x20001164     0x402c Application/User/audio.o
                0x20001164                wrptr
                0x20001168                oldsample
                0x2000116c                write_buffer_2
                0x2000216c                rdptr
                0x20002170                CurrentBytes
                0x20002174                CurrentSize
                0x20002178                readADC
                0x2000217c                read_buffer_1
                0x2000317c                ads1256data
                0x20003180                lower
                0x20003182                newsample
                0x20003184                upperlower
                0x20003188                write_buffer_1
                0x20004188                mixed
                0x2000418a                upper
                0x2000418c                sample
                0x20004190                read_buffer_2
 COMMON         0x20005190       0x34 Application/User/fmc.o
                0x20005190                hsdram2
 COMMON         0x200051c4       0x54 Application/User/i2c.o
                0x200051c4                hi2c3
 COMMON         0x20005218       0x58 Application/User/spi.o
                0x20005218                hspi3
 COMMON         0x20005270       0xb4 Application/User/tim.o
                0x20005270                htim8
                0x200052ac                htim3
                0x200052e8                htim2
 COMMON         0x20005324        0x4 Drivers/STM32F4xx_HAL_Driver/stm32f4xx_hal.o
                0x20005324                uwTick
                0x20005328                . = ALIGN (0x4)
                0x20005328                _ebss = .
                0x20005328                __bss_end__ = _ebss

._user_heap_stack
                0x20005328      0x600
                0x20005328                . = ALIGN (0x8)
                [!provide]                PROVIDE (end, .)
                [!provide]                PROVIDE (_end, .)
                0x20005528                . = (. + _Min_Heap_Size)
 *fill*         0x20005328      0x200 
                0x20005928                . = (. + _Min_Stack_Size)
 *fill*         0x20005528      0x400 
                0x20005928                . = ALIGN (0x8)

/DISCARD/
 libc.a(*)
 libm.a(*)
 libgcc.a(*)

.ARM.attributes
                0x00000000       0x30
 *(.ARM.attributes)
 .ARM.attributes
                0x00000000       0x22 c:/ac6/systemworkbench/plugins/fr.ac6.mcu.externaltools.arm-none.win32_1.12.0.201611241417/tools/compiler/bin/../lib/gcc/arm-none-eabi/5.4.1/armv7e-m/fpu/crti.o
 .ARM.attributes
                0x00000022       0x34 c:/ac6/systemworkbench/plugins/fr.ac6.mcu.externaltools.arm-none.win32_1.12.0.201611241417/tools/compiler/bin/../lib/gcc/arm-none-eabi/5.4.1/armv7e-m/fpu/crtbegin.o
 .ARM.attributes
                0x00000056       0x21 Application/SW4STM32/startup_stm32f429xx.o
 .ARM.attributes
                0x00000077       0x39 Application/User/ads1256_test.o
 .ARM.attributes
                0x000000b0       0x39 Application/User/audio.o
 .ARM.attributes
                0x000000e9       0x39 Application/User/fmc.o
 .ARM.attributes
                0x00000122       0x39 Application/User/gpio.o
 .ARM.attributes
                0x0000015b       0x39 Application/User/i2c.o
 .ARM.attributes
                0x00000194       0x39 Application/User/main.o
 .ARM.attributes
                0x000001cd       0x39 Application/User/spi.o
 .ARM.attributes
                0x00000206       0x39 Application/User/stm32f429i_discovery.o
 .ARM.attributes
                0x0000023f       0x39 Application/User/stm32f429i_discovery_sdram.o
 .ARM.attributes
                0x00000278       0x39 Application/User/stm32f4xx_hal_msp.o
 .ARM.attributes
                0x000002b1       0x39 Application/User/stm32f4xx_it.o
 .ARM.attributes
                0x000002ea       0x39 Application/User/tim.o
 .ARM.attributes
                0x00000323       0x39 Drivers/CMSIS/system_stm32f4xx.o
 .ARM.attributes
                0x0000035c       0x39 Drivers/STM32F4xx_HAL_Driver/stm32f4xx_hal.o
 .ARM.attributes
                0x00000395       0x39 Drivers/STM32F4xx_HAL_Driver/stm32f4xx_hal_cortex.o
 .ARM.attributes
                0x000003ce       0x39 Drivers/STM32F4xx_HAL_Driver/stm32f4xx_hal_dma.o
 .ARM.attributes
                0x00000407       0x39 Drivers/STM32F4xx_HAL_Driver/stm32f4xx_hal_gpio.o
 .ARM.attributes
                0x00000440       0x39 Drivers/STM32F4xx_HAL_Driver/stm32f4xx_hal_i2c.o
 .ARM.attributes
                0x00000479       0x39 Drivers/STM32F4xx_HAL_Driver/stm32f4xx_hal_pwr.o
 .ARM.attributes
                0x000004b2       0x39 Drivers/STM32F4xx_HAL_Driver/stm32f4xx_hal_pwr_ex.o
 .ARM.attributes
                0x000004eb       0x39 Drivers/STM32F4xx_HAL_Driver/stm32f4xx_hal_rcc.o
 .ARM.attributes
                0x00000524       0x39 Drivers/STM32F4xx_HAL_Driver/stm32f4xx_hal_sdram.o
 .ARM.attributes
                0x0000055d       0x39 Drivers/STM32F4xx_HAL_Driver/stm32f4xx_hal_spi.o
 .ARM.attributes
                0x00000596       0x39 Drivers/STM32F4xx_HAL_Driver/stm32f4xx_hal_tim.o
 .ARM.attributes
                0x000005cf       0x39 Drivers/STM32F4xx_HAL_Driver/stm32f4xx_hal_tim_ex.o
 .ARM.attributes
                0x00000608       0x39 Drivers/STM32F4xx_HAL_Driver/stm32f4xx_ll_fmc.o
 .ARM.attributes
                0x00000641       0x34 c:/ac6/systemworkbench/plugins/fr.ac6.mcu.externaltools.arm-none.win32_1.12.0.201611241417/tools/compiler/bin/../lib/gcc/arm-none-eabi/5.4.1/../../../../arm-none-eabi/lib/armv7e-m/fpu\libc_nano.a(lib_a-init.o)
 .ARM.attributes
                0x00000675       0x22 c:/ac6/systemworkbench/plugins/fr.ac6.mcu.externaltools.arm-none.win32_1.12.0.201611241417/tools/compiler/bin/../lib/gcc/arm-none-eabi/5.4.1/armv7e-m/fpu/crtn.o
OUTPUT(Looper.elf elf32-littlearm)

.debug_line     0x00000000    0x129fd
 .debug_line    0x00000000       0xd4 Application/SW4STM32/startup_stm32f429xx.o
 .debug_line    0x000000d4      0xa76 Application/User/ads1256_test.o
 .debug_line    0x00000b4a      0xa4f Application/User/audio.o
 .debug_line    0x00001599      0x8bc Application/User/fmc.o
 .debug_line    0x00001e55      0x952 Application/User/gpio.o
 .debug_line    0x000027a7      0x863 Application/User/i2c.o
 .debug_line    0x0000300a      0x95f Application/User/main.o
 .debug_line    0x00003969      0x864 Application/User/spi.o
 .debug_line    0x000041cd      0xb7e Application/User/stm32f429i_discovery.o
 .debug_line    0x00004d4b      0x95d Application/User/stm32f429i_discovery_sdram.o
 .debug_line    0x000056a8      0x827 Application/User/stm32f4xx_hal_msp.o
 .debug_line    0x00005ecf      0x92b Application/User/stm32f4xx_it.o
 .debug_line    0x000067fa      0x8d6 Application/User/tim.o
 .debug_line    0x000070d0      0x84b Drivers/CMSIS/system_stm32f4xx.o
 .debug_line    0x0000791b      0xa0f Drivers/STM32F4xx_HAL_Driver/stm32f4xx_hal.o
 .debug_line    0x0000832a      0xb05 Drivers/STM32F4xx_HAL_Driver/stm32f4xx_hal_cortex.o
 .debug_line    0x00008e2f      0xb04 Drivers/STM32F4xx_HAL_Driver/stm32f4xx_hal_dma.o
 .debug_line    0x00009933      0xa38 Drivers/STM32F4xx_HAL_Driver/stm32f4xx_hal_gpio.o
 .debug_line    0x0000a36b     0x1839 Drivers/STM32F4xx_HAL_Driver/stm32f4xx_hal_i2c.o
 .debug_line    0x0000bba4      0x9d5 Drivers/STM32F4xx_HAL_Driver/stm32f4xx_hal_pwr.o
 .debug_line    0x0000c579      0x9a4 Drivers/STM32F4xx_HAL_Driver/stm32f4xx_hal_pwr_ex.o
 .debug_line    0x0000cf1d      0xb51 Drivers/STM32F4xx_HAL_Driver/stm32f4xx_hal_rcc.o
 .debug_line    0x0000da6e      0xb87 Drivers/STM32F4xx_HAL_Driver/stm32f4xx_hal_sdram.o
 .debug_line    0x0000e5f5     0x109b Drivers/STM32F4xx_HAL_Driver/stm32f4xx_hal_spi.o
 .debug_line    0x0000f690     0x19c5 Drivers/STM32F4xx_HAL_Driver/stm32f4xx_hal_tim.o
 .debug_line    0x00011055      0xdf2 Drivers/STM32F4xx_HAL_Driver/stm32f4xx_hal_tim_ex.o
 .debug_line    0x00011e47      0xbb6 Drivers/STM32F4xx_HAL_Driver/stm32f4xx_ll_fmc.o

.debug_info     0x00000000    0x1504e
 .debug_info    0x00000000       0xd9 Application/SW4STM32/startup_stm32f429xx.o
 .debug_info    0x000000d9      0xe4c Application/User/ads1256_test.o
 .debug_info    0x00000f25      0x712 Application/User/audio.o
 .debug_info    0x00001637      0x912 Application/User/fmc.o
 .debug_info    0x00001f49      0x949 Application/User/gpio.o
 .debug_info    0x00002892      0x944 Application/User/i2c.o
 .debug_info    0x000031d6     0x1157 Application/User/main.o
 .debug_info    0x0000432d      0x910 Application/User/spi.o
 .debug_info    0x00004c3d     0x17a4 Application/User/stm32f429i_discovery.o
 .debug_info    0x000063e1      0xdff Application/User/stm32f429i_discovery_sdram.o
 .debug_info    0x000071e0      0x326 Application/User/stm32f4xx_hal_msp.o
 .debug_info    0x00007506      0x800 Application/User/stm32f4xx_it.o
 .debug_info    0x00007d06      0xd02 Application/User/tim.o
 .debug_info    0x00008a08      0x515 Drivers/CMSIS/system_stm32f4xx.o
 .debug_info    0x00008f1d      0x922 Drivers/STM32F4xx_HAL_Driver/stm32f4xx_hal.o
 .debug_info    0x0000983f      0xd50 Drivers/STM32F4xx_HAL_Driver/stm32f4xx_hal_cortex.o
 .debug_info    0x0000a58f      0x8f7 Drivers/STM32F4xx_HAL_Driver/stm32f4xx_hal_dma.o
 .debug_info    0x0000ae86      0x739 Drivers/STM32F4xx_HAL_Driver/stm32f4xx_hal_gpio.o
 .debug_info    0x0000b5bf     0x204b Drivers/STM32F4xx_HAL_Driver/stm32f4xx_hal_i2c.o
 .debug_info    0x0000d60a      0x885 Drivers/STM32F4xx_HAL_Driver/stm32f4xx_hal_pwr.o
 .debug_info    0x0000de8f      0x891 Drivers/STM32F4xx_HAL_Driver/stm32f4xx_hal_pwr_ex.o
 .debug_info    0x0000e720      0xb52 Drivers/STM32F4xx_HAL_Driver/stm32f4xx_hal_rcc.o
 .debug_info    0x0000f272      0xc07 Drivers/STM32F4xx_HAL_Driver/stm32f4xx_hal_sdram.o
 .debug_info    0x0000fe79     0x127d Drivers/STM32F4xx_HAL_Driver/stm32f4xx_hal_spi.o
 .debug_info    0x000110f6     0x2192 Drivers/STM32F4xx_HAL_Driver/stm32f4xx_hal_tim.o
 .debug_info    0x00013288      0xf58 Drivers/STM32F4xx_HAL_Driver/stm32f4xx_hal_tim_ex.o
 .debug_info    0x000141e0      0xe6e Drivers/STM32F4xx_HAL_Driver/stm32f4xx_ll_fmc.o

.debug_abbrev   0x00000000     0x3081
 .debug_abbrev  0x00000000       0x12 Application/SW4STM32/startup_stm32f429xx.o
 .debug_abbrev  0x00000012      0x291 Application/User/ads1256_test.o
 .debug_abbrev  0x000002a3      0x1b3 Application/User/audio.o
 .debug_abbrev  0x00000456      0x1b7 Application/User/fmc.o
 .debug_abbrev  0x0000060d      0x19e Application/User/gpio.o
 .debug_abbrev  0x000007ab      0x178 Application/User/i2c.o
 .debug_abbrev  0x00000923      0x22d Application/User/main.o
 .debug_abbrev  0x00000b50      0x178 Application/User/spi.o
 .debug_abbrev  0x00000cc8      0x258 Application/User/stm32f429i_discovery.o
 .debug_abbrev  0x00000f20      0x1ff Application/User/stm32f429i_discovery_sdram.o
 .debug_abbrev  0x0000111f       0x8b Application/User/stm32f4xx_hal_msp.o
 .debug_abbrev  0x000011aa      0x19f Application/User/stm32f4xx_it.o
 .debug_abbrev  0x00001349      0x17b Application/User/tim.o
 .debug_abbrev  0x000014c4      0x104 Drivers/CMSIS/system_stm32f4xx.o
 .debug_abbrev  0x000015c8      0x20f Drivers/STM32F4xx_HAL_Driver/stm32f4xx_hal.o
 .debug_abbrev  0x000017d7      0x2cc Drivers/STM32F4xx_HAL_Driver/stm32f4xx_hal_cortex.o
 .debug_abbrev  0x00001aa3      0x229 Drivers/STM32F4xx_HAL_Driver/stm32f4xx_hal_dma.o
 .debug_abbrev  0x00001ccc      0x1af Drivers/STM32F4xx_HAL_Driver/stm32f4xx_hal_gpio.o
 .debug_abbrev  0x00001e7b      0x200 Drivers/STM32F4xx_HAL_Driver/stm32f4xx_hal_i2c.o
 .debug_abbrev  0x0000207b      0x1f8 Drivers/STM32F4xx_HAL_Driver/stm32f4xx_hal_pwr.o
 .debug_abbrev  0x00002273      0x1fd Drivers/STM32F4xx_HAL_Driver/stm32f4xx_hal_pwr_ex.o
 .debug_abbrev  0x00002470      0x2b3 Drivers/STM32F4xx_HAL_Driver/stm32f4xx_hal_rcc.o
 .debug_abbrev  0x00002723      0x1dd Drivers/STM32F4xx_HAL_Driver/stm32f4xx_hal_sdram.o
 .debug_abbrev  0x00002900      0x202 Drivers/STM32F4xx_HAL_Driver/stm32f4xx_hal_spi.o
 .debug_abbrev  0x00002b02      0x20b Drivers/STM32F4xx_HAL_Driver/stm32f4xx_hal_tim.o
 .debug_abbrev  0x00002d0d      0x202 Drivers/STM32F4xx_HAL_Driver/stm32f4xx_hal_tim_ex.o
 .debug_abbrev  0x00002f0f      0x172 Drivers/STM32F4xx_HAL_Driver/stm32f4xx_ll_fmc.o

.debug_aranges  0x00000000     0x13b8
 .debug_aranges
                0x00000000       0x28 Application/SW4STM32/startup_stm32f429xx.o
 .debug_aranges
                0x00000028       0xd0 Application/User/ads1256_test.o
 .debug_aranges
                0x000000f8       0x68 Application/User/audio.o
 .debug_aranges
                0x00000160       0x40 Application/User/fmc.o
 .debug_aranges
                0x000001a0       0x30 Application/User/gpio.o
 .debug_aranges
                0x000001d0       0x30 Application/User/i2c.o
 .debug_aranges
                0x00000200       0x48 Application/User/main.o
 .debug_aranges
                0x00000248       0x30 Application/User/spi.o
 .debug_aranges
                0x00000278      0x138 Application/User/stm32f429i_discovery.o
 .debug_aranges
                0x000003b0       0x68 Application/User/stm32f429i_discovery_sdram.o
 .debug_aranges
                0x00000418       0x20 Application/User/stm32f4xx_hal_msp.o
 .debug_aranges
                0x00000438       0x70 Application/User/stm32f4xx_it.o
 .debug_aranges
                0x000004a8       0x40 Application/User/tim.o
 .debug_aranges
                0x000004e8       0x28 Drivers/CMSIS/system_stm32f4xx.o
 .debug_aranges
                0x00000510       0xd0 Drivers/STM32F4xx_HAL_Driver/stm32f4xx_hal.o
 .debug_aranges
                0x000005e0      0x108 Drivers/STM32F4xx_HAL_Driver/stm32f4xx_hal_cortex.o
 .debug_aranges
                0x000006e8       0x90 Drivers/STM32F4xx_HAL_Driver/stm32f4xx_hal_dma.o
 .debug_aranges
                0x00000778       0x58 Drivers/STM32F4xx_HAL_Driver/stm32f4xx_hal_gpio.o
 .debug_aranges
                0x000007d0      0x268 Drivers/STM32F4xx_HAL_Driver/stm32f4xx_hal_i2c.o
 .debug_aranges
                0x00000a38       0xa0 Drivers/STM32F4xx_HAL_Driver/stm32f4xx_hal_pwr.o
 .debug_aranges
                0x00000ad8       0x60 Drivers/STM32F4xx_HAL_Driver/stm32f4xx_hal_pwr_ex.o
 .debug_aranges
                0x00000b38       0x88 Drivers/STM32F4xx_HAL_Driver/stm32f4xx_hal_rcc.o
 .debug_aranges
                0x00000bc0       0xd0 Drivers/STM32F4xx_HAL_Driver/stm32f4xx_hal_sdram.o
 .debug_aranges
                0x00000c90      0x190 Drivers/STM32F4xx_HAL_Driver/stm32f4xx_hal_spi.o
 .debug_aranges
                0x00000e20      0x368 Drivers/STM32F4xx_HAL_Driver/stm32f4xx_hal_tim.o
 .debug_aranges
                0x00001188      0x140 Drivers/STM32F4xx_HAL_Driver/stm32f4xx_hal_tim_ex.o
 .debug_aranges
                0x000012c8       0xf0 Drivers/STM32F4xx_HAL_Driver/stm32f4xx_ll_fmc.o

.debug_ranges   0x00000000     0x1210
 .debug_ranges  0x00000000       0x20 Application/SW4STM32/startup_stm32f429xx.o
 .debug_ranges  0x00000020       0xc0 Application/User/ads1256_test.o
 .debug_ranges  0x000000e0       0x58 Application/User/audio.o
 .debug_ranges  0x00000138       0x30 Application/User/fmc.o
 .debug_ranges  0x00000168       0x20 Application/User/gpio.o
 .debug_ranges  0x00000188       0x20 Application/User/i2c.o
 .debug_ranges  0x000001a8       0x38 Application/User/main.o
 .debug_ranges  0x000001e0       0x20 Application/User/spi.o
 .debug_ranges  0x00000200      0x128 Application/User/stm32f429i_discovery.o
 .debug_ranges  0x00000328       0x58 Application/User/stm32f429i_discovery_sdram.o
 .debug_ranges  0x00000380       0x10 Application/User/stm32f4xx_hal_msp.o
 .debug_ranges  0x00000390       0x60 Application/User/stm32f4xx_it.o
 .debug_ranges  0x000003f0       0x30 Application/User/tim.o
 .debug_ranges  0x00000420       0x18 Drivers/CMSIS/system_stm32f4xx.o
 .debug_ranges  0x00000438       0xc0 Drivers/STM32F4xx_HAL_Driver/stm32f4xx_hal.o
 .debug_ranges  0x000004f8       0xf8 Drivers/STM32F4xx_HAL_Driver/stm32f4xx_hal_cortex.o
 .debug_ranges  0x000005f0       0x80 Drivers/STM32F4xx_HAL_Driver/stm32f4xx_hal_dma.o
 .debug_ranges  0x00000670       0x48 Drivers/STM32F4xx_HAL_Driver/stm32f4xx_hal_gpio.o
 .debug_ranges  0x000006b8      0x258 Drivers/STM32F4xx_HAL_Driver/stm32f4xx_hal_i2c.o
 .debug_ranges  0x00000910       0x90 Drivers/STM32F4xx_HAL_Driver/stm32f4xx_hal_pwr.o
 .debug_ranges  0x000009a0       0x50 Drivers/STM32F4xx_HAL_Driver/stm32f4xx_hal_pwr_ex.o
 .debug_ranges  0x000009f0       0x78 Drivers/STM32F4xx_HAL_Driver/stm32f4xx_hal_rcc.o
 .debug_ranges  0x00000a68       0xc0 Drivers/STM32F4xx_HAL_Driver/stm32f4xx_hal_sdram.o
 .debug_ranges  0x00000b28      0x180 Drivers/STM32F4xx_HAL_Driver/stm32f4xx_hal_spi.o
 .debug_ranges  0x00000ca8      0x358 Drivers/STM32F4xx_HAL_Driver/stm32f4xx_hal_tim.o
 .debug_ranges  0x00001000      0x130 Drivers/STM32F4xx_HAL_Driver/stm32f4xx_hal_tim_ex.o
 .debug_ranges  0x00001130       0xe0 Drivers/STM32F4xx_HAL_Driver/stm32f4xx_ll_fmc.o

.debug_macro    0x00000000    0x28819
 .debug_macro   0x00000000      0x357 Application/User/ads1256_test.o
 .debug_macro   0x00000357      0x898 Application/User/ads1256_test.o
 .debug_macro   0x00000bef      0x4da Application/User/ads1256_test.o
 .debug_macro   0x000010c9       0x22 Application/User/ads1256_test.o
 .debug_macro   0x000010eb       0x87 Application/User/ads1256_test.o
 .debug_macro   0x00001172       0x44 Application/User/ads1256_test.o
 .debug_macro   0x000011b6       0xfd Application/User/ads1256_test.o
 .debug_macro   0x000012b3       0x5e Application/User/ads1256_test.o
 .debug_macro   0x00001311      0x1df Application/User/ads1256_test.o
 .debug_macro   0x000014f0      0x594 Application/User/ads1256_test.o
 .debug_macro   0x00001a84      0x18b Application/User/ads1256_test.o
 .debug_macro   0x00001c0f       0x33 Application/User/ads1256_test.o
 .debug_macro   0x00001c42       0x28 Application/User/ads1256_test.o
 .debug_macro   0x00001c6a       0x3b Application/User/ads1256_test.o
 .debug_macro   0x00001ca5       0x50 Application/User/ads1256_test.o
 .debug_macro   0x00001cf5      0xe66 Application/User/ads1256_test.o
 .debug_macro   0x00002b5b    0x17dd7 Application/User/ads1256_test.o
 .debug_macro   0x0001a932       0x43 Application/User/ads1256_test.o
 .debug_macro   0x0001a975     0x34ef Application/User/ads1256_test.o
 .debug_macro   0x0001de64       0x52 Application/User/ads1256_test.o
 .debug_macro   0x0001deb6       0x35 Application/User/ads1256_test.o
 .debug_macro   0x0001deeb       0x9c Application/User/ads1256_test.o
 .debug_macro   0x0001df87       0x16 Application/User/ads1256_test.o
 .debug_macro   0x0001df9d       0x97 Application/User/ads1256_test.o
 .debug_macro   0x0001e034      0x30d Application/User/ads1256_test.o
 .debug_macro   0x0001e341       0xfd Application/User/ads1256_test.o
 .debug_macro   0x0001e43e       0x10 Application/User/ads1256_test.o
 .debug_macro   0x0001e44e       0x52 Application/User/ads1256_test.o
 .debug_macro   0x0001e4a0       0x1f Application/User/ads1256_test.o
 .debug_macro   0x0001e4bf       0x43 Application/User/ads1256_test.o
 .debug_macro   0x0001e502       0x20 Application/User/ads1256_test.o
 .debug_macro   0x0001e522      0x187 Application/User/ads1256_test.o
 .debug_macro   0x0001e6a9       0x10 Application/User/ads1256_test.o
 .debug_macro   0x0001e6b9       0x1c Application/User/ads1256_test.o
 .debug_macro   0x0001e6d5       0x52 Application/User/ads1256_test.o
 .debug_macro   0x0001e727       0x40 Application/User/ads1256_test.o
 .debug_macro   0x0001e767       0x10 Application/User/ads1256_test.o
 .debug_macro   0x0001e777       0x40 Application/User/ads1256_test.o
 .debug_macro   0x0001e7b7       0xd7 Application/User/ads1256_test.o
 .debug_macro   0x0001e88e       0x16 Application/User/ads1256_test.o
 .debug_macro   0x0001e8a4      0x189 Application/User/ads1256_test.o
 .debug_macro   0x0001ea2d       0x50 Application/User/ads1256_test.o
 .debug_macro   0x0001ea7d      0xc9e Application/User/ads1256_test.o
 .debug_macro   0x0001f71b      0x9e1 Application/User/ads1256_test.o
 .debug_macro   0x000200fc      0x11e Application/User/ads1256_test.o
 .debug_macro   0x0002021a      0x161 Application/User/ads1256_test.o
 .debug_macro   0x0002037b       0x27 Application/User/ads1256_test.o
 .debug_macro   0x000203a2      0x287 Application/User/ads1256_test.o
 .debug_macro   0x00020629       0x5f Application/User/ads1256_test.o
 .debug_macro   0x00020688      0x23a Application/User/ads1256_test.o
 .debug_macro   0x000208c2      0x13a Application/User/ads1256_test.o
 .debug_macro   0x000209fc      0x41d Application/User/ads1256_test.o
 .debug_macro   0x00020e19       0x2e Application/User/ads1256_test.o
 .debug_macro   0x00020e47      0x582 Application/User/ads1256_test.o
 .debug_macro   0x000213c9      0x1a7 Application/User/ads1256_test.o
 .debug_macro   0x00021570       0x22 Application/User/ads1256_test.o
 .debug_macro   0x00021592       0xa5 Application/User/ads1256_test.o
 .debug_macro   0x00021637      0x11e Application/User/ads1256_test.o
 .debug_macro   0x00021755       0xe2 Application/User/ads1256_test.o
 .debug_macro   0x00021837       0x89 Application/User/ads1256_test.o
 .debug_macro   0x000218c0      0x202 Application/User/ads1256_test.o
 .debug_macro   0x00021ac2      0x6d9 Application/User/ads1256_test.o
 .debug_macro   0x0002219b       0x5b Application/User/ads1256_test.o
 .debug_macro   0x000221f6      0x14d Application/User/ads1256_test.o
 .debug_macro   0x00022343      0x12c Application/User/ads1256_test.o
 .debug_macro   0x0002246f       0x81 Application/User/ads1256_test.o
 .debug_macro   0x000224f0      0x3b6 Application/User/audio.o
 .debug_macro   0x000228a6      0x265 Application/User/audio.o
 .debug_macro   0x00022b0b       0x99 Application/User/audio.o
 .debug_macro   0x00022ba4       0x16 Application/User/audio.o
 .debug_macro   0x00022bba       0x35 Application/User/audio.o
 .debug_macro   0x00022bef       0x2b Application/User/audio.o
 .debug_macro   0x00022c1a      0x118 Application/User/audio.o
 .debug_macro   0x00022d32      0x34f Application/User/fmc.o
 .debug_macro   0x00023081      0x35b Application/User/gpio.o
 .debug_macro   0x000233dc       0x87 Application/User/gpio.o
 .debug_macro   0x00023463      0x34f Application/User/i2c.o
 .debug_macro   0x000237b2      0x3c2 Application/User/main.o
 .debug_macro   0x00023b74      0x1e1 Application/User/main.o
 .debug_macro   0x00023d55      0x34f Application/User/spi.o
 .debug_macro   0x000240a4      0x368 Application/User/stm32f429i_discovery.o
 .debug_macro   0x0002440c      0x25f Application/User/stm32f429i_discovery.o
 .debug_macro   0x0002466b      0x359 Application/User/stm32f429i_discovery_sdram.o
 .debug_macro   0x000249c4      0x33b Application/User/stm32f4xx_hal_msp.o
 .debug_macro   0x00024cff      0x36e Application/User/stm32f4xx_it.o
 .debug_macro   0x0002506d      0x35b Application/User/tim.o
 .debug_macro   0x000253c8      0x341 Drivers/CMSIS/system_stm32f4xx.o
 .debug_macro   0x00025709       0x35 Drivers/CMSIS/system_stm32f4xx.o
 .debug_macro   0x0002573e      0x59a Drivers/CMSIS/system_stm32f4xx.o
 .debug_macro   0x00025cd8      0x39b Drivers/STM32F4xx_HAL_Driver/stm32f4xx_hal.o
 .debug_macro   0x00026073      0x33b Drivers/STM32F4xx_HAL_Driver/stm32f4xx_hal_cortex.o
 .debug_macro   0x000263ae      0x342 Drivers/STM32F4xx_HAL_Driver/stm32f4xx_hal_dma.o
 .debug_macro   0x000266f0      0x373 Drivers/STM32F4xx_HAL_Driver/stm32f4xx_hal_gpio.o
 .debug_macro   0x00026a63      0x37b Drivers/STM32F4xx_HAL_Driver/stm32f4xx_hal_i2c.o
 .debug_macro   0x00026dde      0x353 Drivers/STM32F4xx_HAL_Driver/stm32f4xx_hal_pwr.o
 .debug_macro   0x00027131      0x353 Drivers/STM32F4xx_HAL_Driver/stm32f4xx_hal_pwr_ex.o
 .debug_macro   0x00027484      0x365 Drivers/STM32F4xx_HAL_Driver/stm32f4xx_hal_rcc.o
 .debug_macro   0x000277e9      0x33b Drivers/STM32F4xx_HAL_Driver/stm32f4xx_hal_sdram.o
 .debug_macro   0x00027b24      0x343 Drivers/STM32F4xx_HAL_Driver/stm32f4xx_hal_spi.o
 .debug_macro   0x00027e67      0x33c Drivers/STM32F4xx_HAL_Driver/stm32f4xx_hal_tim.o
 .debug_macro   0x000281a3      0x33b Drivers/STM32F4xx_HAL_Driver/stm32f4xx_hal_tim_ex.o
 .debug_macro   0x000284de      0x33b Drivers/STM32F4xx_HAL_Driver/stm32f4xx_ll_fmc.o

.debug_str      0x00000000    0xdbc3f
 .debug_str     0x00000000    0xd4217 Application/User/ads1256_test.o
                              0xd4587 (size before relaxing)
 .debug_str     0x000d4217     0x19c9 Application/User/audio.o
                              0xd5722 (size before relaxing)
 .debug_str     0x000d5be0      0x422 Application/User/fmc.o
                              0xd3cb3 (size before relaxing)
 .debug_str     0x000d6002      0x54b Application/User/gpio.o
                              0xd5359 (size before relaxing)
 .debug_str     0x000d654d      0x2d2 Application/User/i2c.o
                              0xd3ccf (size before relaxing)
 .debug_str     0x000d681f      0xc22 Application/User/main.o
                              0xd6727 (size before relaxing)
 .debug_str     0x000d7441       0x6c Application/User/spi.o
                              0xd3c13 (size before relaxing)
 .debug_str     0x000d74ad      0x4c6 Application/User/stm32f429i_discovery.o
                              0xd579f (size before relaxing)
 .debug_str     0x000d7973      0x1b7 Application/User/stm32f429i_discovery_sdram.o
                              0xd564e (size before relaxing)
 .debug_str     0x000d7b2a       0x4d Application/User/stm32f4xx_hal_msp.o
                              0xd3b41 (size before relaxing)
 .debug_str     0x000d7b77       0xfd Application/User/stm32f4xx_it.o
                              0xd550d (size before relaxing)
 .debug_str     0x000d7c74      0x138 Application/User/tim.o
                              0xd5750 (size before relaxing)
 .debug_str     0x000d7dac      0x103 Drivers/CMSIS/system_stm32f4xx.o
                              0xd37e2 (size before relaxing)
 .debug_str     0x000d7eaf      0x5a9 Drivers/STM32F4xx_HAL_Driver/stm32f4xx_hal.o
                              0xd42e3 (size before relaxing)
 .debug_str     0x000d8458      0x37d Drivers/STM32F4xx_HAL_Driver/stm32f4xx_hal_cortex.o
                              0xd4073 (size before relaxing)
 .debug_str     0x000d87d5      0x354 Drivers/STM32F4xx_HAL_Driver/stm32f4xx_hal_dma.o
                              0xd3bd8 (size before relaxing)
 .debug_str     0x000d8b29      0x264 Drivers/STM32F4xx_HAL_Driver/stm32f4xx_hal_gpio.o
                              0xd3a5a (size before relaxing)
 .debug_str     0x000d8d8d      0xa7a Drivers/STM32F4xx_HAL_Driver/stm32f4xx_hal_i2c.o
                              0xd45d2 (size before relaxing)
 .debug_str     0x000d9807      0x2c6 Drivers/STM32F4xx_HAL_Driver/stm32f4xx_hal_pwr.o
                              0xd3a54 (size before relaxing)
 .debug_str     0x000d9acd      0x147 Drivers/STM32F4xx_HAL_Driver/stm32f4xx_hal_pwr_ex.o
                              0xd39be (size before relaxing)
 .debug_str     0x000d9c14      0x28d Drivers/STM32F4xx_HAL_Driver/stm32f4xx_hal_rcc.o
                              0xd3bd1 (size before relaxing)
 .debug_str     0x000d9ea1      0x246 Drivers/STM32F4xx_HAL_Driver/stm32f4xx_hal_sdram.o
                              0xd3d9c (size before relaxing)
 .debug_str     0x000da0e7      0x46e Drivers/STM32F4xx_HAL_Driver/stm32f4xx_hal_spi.o
                              0xd3f09 (size before relaxing)
 .debug_str     0x000da555      0xc70 Drivers/STM32F4xx_HAL_Driver/stm32f4xx_hal_tim.o
                              0xd4788 (size before relaxing)
 .debug_str     0x000db1c5      0x4fe Drivers/STM32F4xx_HAL_Driver/stm32f4xx_hal_tim_ex.o
                              0xd403b (size before relaxing)
 .debug_str     0x000db6c3      0x57c Drivers/STM32F4xx_HAL_Driver/stm32f4xx_ll_fmc.o
                              0xd3deb (size before relaxing)

.comment        0x00000000       0x6e
 .comment       0x00000000       0x6e Application/User/ads1256_test.o
                                 0x6f (size before relaxing)
 .comment       0x0000006e       0x6f Application/User/audio.o
 .comment       0x0000006e       0x6f Application/User/fmc.o
 .comment       0x0000006e       0x6f Application/User/gpio.o
 .comment       0x0000006e       0x6f Application/User/i2c.o
 .comment       0x0000006e       0x6f Application/User/main.o
 .comment       0x0000006e       0x6f Application/User/spi.o
 .comment       0x0000006e       0x6f Application/User/stm32f429i_discovery.o
 .comment       0x0000006e       0x6f Application/User/stm32f429i_discovery_sdram.o
 .comment       0x0000006e       0x6f Application/User/stm32f4xx_hal_msp.o
 .comment       0x0000006e       0x6f Application/User/stm32f4xx_it.o
 .comment       0x0000006e       0x6f Application/User/tim.o
 .comment       0x0000006e       0x6f Drivers/CMSIS/system_stm32f4xx.o
 .comment       0x0000006e       0x6f Drivers/STM32F4xx_HAL_Driver/stm32f4xx_hal.o
 .comment       0x0000006e       0x6f Drivers/STM32F4xx_HAL_Driver/stm32f4xx_hal_cortex.o
 .comment       0x0000006e       0x6f Drivers/STM32F4xx_HAL_Driver/stm32f4xx_hal_dma.o
 .comment       0x0000006e       0x6f Drivers/STM32F4xx_HAL_Driver/stm32f4xx_hal_gpio.o
 .comment       0x0000006e       0x6f Drivers/STM32F4xx_HAL_Driver/stm32f4xx_hal_i2c.o
 .comment       0x0000006e       0x6f Drivers/STM32F4xx_HAL_Driver/stm32f4xx_hal_pwr.o
 .comment       0x0000006e       0x6f Drivers/STM32F4xx_HAL_Driver/stm32f4xx_hal_pwr_ex.o
 .comment       0x0000006e       0x6f Drivers/STM32F4xx_HAL_Driver/stm32f4xx_hal_rcc.o
 .comment       0x0000006e       0x6f Drivers/STM32F4xx_HAL_Driver/stm32f4xx_hal_sdram.o
 .comment       0x0000006e       0x6f Drivers/STM32F4xx_HAL_Driver/stm32f4xx_hal_spi.o
 .comment       0x0000006e       0x6f Drivers/STM32F4xx_HAL_Driver/stm32f4xx_hal_tim.o
 .comment       0x0000006e       0x6f Drivers/STM32F4xx_HAL_Driver/stm32f4xx_hal_tim_ex.o
 .comment       0x0000006e       0x6f Drivers/STM32F4xx_HAL_Driver/stm32f4xx_ll_fmc.o

.debug_frame    0x00000000     0x5080
 .debug_frame   0x00000000      0x33c Application/User/ads1256_test.o
 .debug_frame   0x0000033c      0x154 Application/User/audio.o
 .debug_frame   0x00000490       0xbc Application/User/fmc.o
 .debug_frame   0x0000054c       0x80 Application/User/gpio.o
 .debug_frame   0x000005cc       0x74 Application/User/i2c.o
 .debug_frame   0x00000640       0xd0 Application/User/main.o
 .debug_frame   0x00000710       0x74 Application/User/spi.o
 .debug_frame   0x00000784      0x4ec Application/User/stm32f429i_discovery.o
 .debug_frame   0x00000c70      0x168 Application/User/stm32f429i_discovery_sdram.o
 .debug_frame   0x00000dd8       0x2c Application/User/stm32f4xx_hal_msp.o
 .debug_frame   0x00000e04      0x164 Application/User/stm32f4xx_it.o
 .debug_frame   0x00000f68       0xc4 Application/User/tim.o
 .debug_frame   0x0000102c       0x58 Drivers/CMSIS/system_stm32f4xx.o
 .debug_frame   0x00001084      0x310 Drivers/STM32F4xx_HAL_Driver/stm32f4xx_hal.o
 .debug_frame   0x00001394      0x450 Drivers/STM32F4xx_HAL_Driver/stm32f4xx_hal_cortex.o
 .debug_frame   0x000017e4      0x250 Drivers/STM32F4xx_HAL_Driver/stm32f4xx_hal_dma.o
 .debug_frame   0x00001a34      0x14c Drivers/STM32F4xx_HAL_Driver/stm32f4xx_hal_gpio.o
 .debug_frame   0x00001b80      0xb30 Drivers/STM32F4xx_HAL_Driver/stm32f4xx_hal_i2c.o
 .debug_frame   0x000026b0      0x274 Drivers/STM32F4xx_HAL_Driver/stm32f4xx_hal_pwr.o
 .debug_frame   0x00002924      0x158 Drivers/STM32F4xx_HAL_Driver/stm32f4xx_hal_pwr_ex.o
 .debug_frame   0x00002a7c      0x200 Drivers/STM32F4xx_HAL_Driver/stm32f4xx_hal_rcc.o
 .debug_frame   0x00002c7c      0x37c Drivers/STM32F4xx_HAL_Driver/stm32f4xx_hal_sdram.o
 .debug_frame   0x00002ff8      0x6f4 Drivers/STM32F4xx_HAL_Driver/stm32f4xx_hal_spi.o
 .debug_frame   0x000036ec      0xfb4 Drivers/STM32F4xx_HAL_Driver/stm32f4xx_hal_tim.o
 .debug_frame   0x000046a0      0x574 Drivers/STM32F4xx_HAL_Driver/stm32f4xx_hal_tim_ex.o
 .debug_frame   0x00004c14      0x440 Drivers/STM32F4xx_HAL_Driver/stm32f4xx_ll_fmc.o
 .debug_frame   0x00005054       0x2c c:/ac6/systemworkbench/plugins/fr.ac6.mcu.externaltools.arm-none.win32_1.12.0.201611241417/tools/compiler/bin/../lib/gcc/arm-none-eabi/5.4.1/../../../../arm-none-eabi/lib/armv7e-m/fpu\libc_nano.a(lib_a-init.o)
